<!doctype html public "-//w3c//dtd html 4.0 transitional//en">
<html><head>
<title>Static Call Graph - [.\build\rtthread-stm32f4xx.axf]</title></head>
<body><HR>
<H1>Static Call Graph for image .\build\rtthread-stm32f4xx.axf</H1><HR>
<BR><P>#&#060CALLGRAPH&#062# ARM Linker, 5.03 [Build 76]: Last Updated: Thu Jul 17 17:03:51 2014
<BR><P>
<H3>Maximum Stack Usage =        760 bytes + Unknown(Cycles, Untraceable Function Pointers)</H3><H3>
Call chain for Maximum Stack Depth:</H3>
crd_proc &rArr; crd_judge &rArr; vam_get_peer_relative_pos &rArr; vsm_get_relative_pos &rArr; getDistanceVer2 &rArr; __hardfp_sin &rArr; __ieee754_rem_pio2 &rArr; __aeabi_dsub &rArr; __aeabi_dadd &rArr; _double_epilogue &rArr; _double_round
<P>
<H3>
Mutually Recursive functions
</H3> <LI><a href="#[101]">rt_device_write</a>&nbsp;&nbsp;&nbsp;&rArr;&nbsp;&nbsp;&nbsp;<a href="#[146]">rt_kprintf</a><BR>
 <LI><a href="#[22]">ADC_IRQHandler</a>&nbsp;&nbsp;&nbsp;&rArr;&nbsp;&nbsp;&nbsp;<a href="#[22]">ADC_IRQHandler</a><BR>
 <LI><a href="#[3d4]">proc_assign_expr</a>&nbsp;&nbsp;&nbsp;&rArr;&nbsp;&nbsp;&nbsp;<a href="#[3d4]">proc_assign_expr</a><BR>
 <LI><a href="#[3db]">proc_cast_expr</a>&nbsp;&nbsp;&nbsp;&rArr;&nbsp;&nbsp;&nbsp;<a href="#[3db]">proc_cast_expr</a><BR>
 <LI><a href="#[3da]">proc_unary_expr</a>&nbsp;&nbsp;&nbsp;&rArr;&nbsp;&nbsp;&nbsp;<a href="#[3db]">proc_cast_expr</a><BR>
 <LI><a href="#[3d8]">proc_primary_expr</a>&nbsp;&nbsp;&nbsp;&rArr;&nbsp;&nbsp;&nbsp;<a href="#[3d6]">proc_expr</a><BR>
 <LI><a href="#[3d3]">proc_param_list</a>&nbsp;&nbsp;&nbsp;&rArr;&nbsp;&nbsp;&nbsp;<a href="#[3d4]">proc_assign_expr</a><BR>
 <LI><a href="#[3b9]">finsh_type_check</a>&nbsp;&nbsp;&nbsp;&rArr;&nbsp;&nbsp;&nbsp;<a href="#[3b9]">finsh_type_check</a><BR>
 <LI><a href="#[3b7]">finsh_compile</a>&nbsp;&nbsp;&nbsp;&rArr;&nbsp;&nbsp;&nbsp;<a href="#[3b7]">finsh_compile</a><BR>
</UL>
<P>
<H3>
Function Pointers
</H3><UL>
 <LI><a href="#[22]">ADC_IRQHandler</a> from startup_stm32f4xx.o(.text) referenced from startup_stm32f4xx.o(RESET)
 <LI><a href="#[a]">BusFault_Handler</a> from isr.o(.text) referenced from startup_stm32f4xx.o(RESET)
 <LI><a href="#[24]">CAN1_RX0_IRQHandler</a> from startup_stm32f4xx.o(.text) referenced from startup_stm32f4xx.o(RESET)
 <LI><a href="#[25]">CAN1_RX1_IRQHandler</a> from startup_stm32f4xx.o(.text) referenced from startup_stm32f4xx.o(RESET)
 <LI><a href="#[26]">CAN1_SCE_IRQHandler</a> from startup_stm32f4xx.o(.text) referenced from startup_stm32f4xx.o(RESET)
 <LI><a href="#[23]">CAN1_TX_IRQHandler</a> from startup_stm32f4xx.o(.text) referenced from startup_stm32f4xx.o(RESET)
 <LI><a href="#[50]">CAN2_RX0_IRQHandler</a> from startup_stm32f4xx.o(.text) referenced from startup_stm32f4xx.o(RESET)
 <LI><a href="#[51]">CAN2_RX1_IRQHandler</a> from startup_stm32f4xx.o(.text) referenced from startup_stm32f4xx.o(RESET)
 <LI><a href="#[52]">CAN2_SCE_IRQHandler</a> from startup_stm32f4xx.o(.text) referenced from startup_stm32f4xx.o(RESET)
 <LI><a href="#[4f]">CAN2_TX_IRQHandler</a> from startup_stm32f4xx.o(.text) referenced from startup_stm32f4xx.o(RESET)
 <LI><a href="#[5f]">CRYP_IRQHandler</a> from startup_stm32f4xx.o(.text) referenced from startup_stm32f4xx.o(RESET)
 <LI><a href="#[5e]">DCMI_IRQHandler</a> from startup_stm32f4xx.o(.text) referenced from startup_stm32f4xx.o(RESET)
 <LI><a href="#[1b]">DMA1_Stream0_IRQHandler</a> from startup_stm32f4xx.o(.text) referenced from startup_stm32f4xx.o(RESET)
 <LI><a href="#[1c]">DMA1_Stream1_IRQHandler</a> from startup_stm32f4xx.o(.text) referenced from startup_stm32f4xx.o(RESET)
 <LI><a href="#[1d]">DMA1_Stream2_IRQHandler</a> from startup_stm32f4xx.o(.text) referenced from startup_stm32f4xx.o(RESET)
 <LI><a href="#[1e]">DMA1_Stream3_IRQHandler</a> from startup_stm32f4xx.o(.text) referenced from startup_stm32f4xx.o(RESET)
 <LI><a href="#[1f]">DMA1_Stream4_IRQHandler</a> from startup_stm32f4xx.o(.text) referenced from startup_stm32f4xx.o(RESET)
 <LI><a href="#[20]">DMA1_Stream5_IRQHandler</a> from startup_stm32f4xx.o(.text) referenced from startup_stm32f4xx.o(RESET)
 <LI><a href="#[21]">DMA1_Stream6_IRQHandler</a> from cv_drv_voc.o(.text) referenced from startup_stm32f4xx.o(RESET)
 <LI><a href="#[3f]">DMA1_Stream7_IRQHandler</a> from startup_stm32f4xx.o(.text) referenced from startup_stm32f4xx.o(RESET)
 <LI><a href="#[48]">DMA2_Stream0_IRQHandler</a> from startup_stm32f4xx.o(.text) referenced from startup_stm32f4xx.o(RESET)
 <LI><a href="#[49]">DMA2_Stream1_IRQHandler</a> from startup_stm32f4xx.o(.text) referenced from startup_stm32f4xx.o(RESET)
 <LI><a href="#[4a]">DMA2_Stream2_IRQHandler</a> from startup_stm32f4xx.o(.text) referenced from startup_stm32f4xx.o(RESET)
 <LI><a href="#[4b]">DMA2_Stream3_IRQHandler</a> from startup_stm32f4xx.o(.text) referenced from startup_stm32f4xx.o(RESET)
 <LI><a href="#[4c]">DMA2_Stream4_IRQHandler</a> from startup_stm32f4xx.o(.text) referenced from startup_stm32f4xx.o(RESET)
 <LI><a href="#[54]">DMA2_Stream5_IRQHandler</a> from startup_stm32f4xx.o(.text) referenced from startup_stm32f4xx.o(RESET)
 <LI><a href="#[55]">DMA2_Stream6_IRQHandler</a> from startup_stm32f4xx.o(.text) referenced from startup_stm32f4xx.o(RESET)
 <LI><a href="#[56]">DMA2_Stream7_IRQHandler</a> from startup_stm32f4xx.o(.text) referenced from startup_stm32f4xx.o(RESET)
 <LI><a href="#[d]">DebugMon_Handler</a> from isr.o(.text) referenced from startup_stm32f4xx.o(RESET)
 <LI><a href="#[4d]">ETH_IRQHandler</a> from startup_stm32f4xx.o(.text) referenced from startup_stm32f4xx.o(RESET)
 <LI><a href="#[4e]">ETH_WKUP_IRQHandler</a> from startup_stm32f4xx.o(.text) referenced from startup_stm32f4xx.o(RESET)
 <LI><a href="#[16]">EXTI0_IRQHandler</a> from pal.o(.text) referenced from startup_stm32f4xx.o(RESET)
 <LI><a href="#[38]">EXTI15_10_IRQHandler</a> from startup_stm32f4xx.o(.text) referenced from startup_stm32f4xx.o(RESET)
 <LI><a href="#[17]">EXTI1_IRQHandler</a> from startup_stm32f4xx.o(.text) referenced from startup_stm32f4xx.o(RESET)
 <LI><a href="#[18]">EXTI2_IRQHandler</a> from startup_stm32f4xx.o(.text) referenced from startup_stm32f4xx.o(RESET)
 <LI><a href="#[19]">EXTI3_IRQHandler</a> from cv_drv_msnr.o(.text) referenced from startup_stm32f4xx.o(RESET)
 <LI><a href="#[1a]">EXTI4_IRQHandler</a> from startup_stm32f4xx.o(.text) referenced from startup_stm32f4xx.o(RESET)
 <LI><a href="#[27]">EXTI9_5_IRQHandler</a> from isr.o(.text) referenced from startup_stm32f4xx.o(RESET)
 <LI><a href="#[14]">FLASH_IRQHandler</a> from startup_stm32f4xx.o(.text) referenced from startup_stm32f4xx.o(RESET)
 <LI><a href="#[61]">FPU_IRQHandler</a> from startup_stm32f4xx.o(.text) referenced from startup_stm32f4xx.o(RESET)
 <LI><a href="#[40]">FSMC_IRQHandler</a> from startup_stm32f4xx.o(.text) referenced from startup_stm32f4xx.o(RESET)
 <LI><a href="#[60]">HASH_RNG_IRQHandler</a> from startup_stm32f4xx.o(.text) referenced from startup_stm32f4xx.o(RESET)
 <LI><a href="#[8]">HardFault_Handler</a> from context_rvds.o(.text) referenced from startup_stm32f4xx.o(RESET)
 <LI><a href="#[30]">I2C1_ER_IRQHandler</a> from startup_stm32f4xx.o(.text) referenced from startup_stm32f4xx.o(RESET)
 <LI><a href="#[2f]">I2C1_EV_IRQHandler</a> from startup_stm32f4xx.o(.text) referenced from startup_stm32f4xx.o(RESET)
 <LI><a href="#[32]">I2C2_ER_IRQHandler</a> from startup_stm32f4xx.o(.text) referenced from startup_stm32f4xx.o(RESET)
 <LI><a href="#[31]">I2C2_EV_IRQHandler</a> from startup_stm32f4xx.o(.text) referenced from startup_stm32f4xx.o(RESET)
 <LI><a href="#[59]">I2C3_ER_IRQHandler</a> from startup_stm32f4xx.o(.text) referenced from startup_stm32f4xx.o(RESET)
 <LI><a href="#[58]">I2C3_EV_IRQHandler</a> from startup_stm32f4xx.o(.text) referenced from startup_stm32f4xx.o(RESET)
 <LI><a href="#[9]">MemManage_Handler</a> from isr.o(.text) referenced from startup_stm32f4xx.o(RESET)
 <LI><a href="#[7]">NMI_Handler</a> from isr.o(.text) referenced from startup_stm32f4xx.o(RESET)
 <LI><a href="#[9c]">OP_add_byte</a> from finsh_ops.o(.text) referenced from finsh_ops.o(.constdata)
 <LI><a href="#[9e]">OP_add_dword</a> from finsh_ops.o(.text) referenced from finsh_ops.o(.constdata)
 <LI><a href="#[9d]">OP_add_word</a> from finsh_ops.o(.text) referenced from finsh_ops.o(.constdata)
 <LI><a href="#[ab]">OP_and_byte</a> from finsh_ops.o(.text) referenced from finsh_ops.o(.constdata)
 <LI><a href="#[ad]">OP_and_dword</a> from finsh_ops.o(.text) referenced from finsh_ops.o(.constdata)
 <LI><a href="#[ac]">OP_and_word</a> from finsh_ops.o(.text) referenced from finsh_ops.o(.constdata)
 <LI><a href="#[b4]">OP_bw_byte</a> from finsh_ops.o(.text) referenced from finsh_ops.o(.constdata)
 <LI><a href="#[b6]">OP_bw_dword</a> from finsh_ops.o(.text) referenced from finsh_ops.o(.constdata)
 <LI><a href="#[b5]">OP_bw_word</a> from finsh_ops.o(.text) referenced from finsh_ops.o(.constdata)
 <LI><a href="#[c7]">OP_call</a> from finsh_ops.o(.text) referenced from finsh_ops.o(.constdata)
 <LI><a href="#[a2]">OP_div_byte</a> from finsh_ops.o(.text) referenced from finsh_ops.o(.constdata)
 <LI><a href="#[a4]">OP_div_dword</a> from finsh_ops.o(.text) referenced from finsh_ops.o(.constdata)
 <LI><a href="#[a3]">OP_div_word</a> from finsh_ops.o(.text) referenced from finsh_ops.o(.constdata)
 <LI><a href="#[bd]">OP_ld_byte</a> from finsh_ops.o(.text) referenced from finsh_ops.o(.constdata)
 <LI><a href="#[bf]">OP_ld_dword</a> from finsh_ops.o(.text) referenced from finsh_ops.o(.constdata)
 <LI><a href="#[c0]">OP_ld_value_byte</a> from finsh_ops.o(.text) referenced from finsh_ops.o(.constdata)
 <LI><a href="#[c8]">OP_ld_value_byte_stack</a> from finsh_ops.o(.text) referenced from finsh_ops.o(.constdata)
 <LI><a href="#[c2]">OP_ld_value_dword</a> from finsh_ops.o(.text) referenced from finsh_ops.o(.constdata)
 <LI><a href="#[ca]">OP_ld_value_dword_stack</a> from finsh_ops.o(.text) referenced from finsh_ops.o(.constdata)
 <LI><a href="#[c1]">OP_ld_value_word</a> from finsh_ops.o(.text) referenced from finsh_ops.o(.constdata)
 <LI><a href="#[c9]">OP_ld_value_word_stack</a> from finsh_ops.o(.text) referenced from finsh_ops.o(.constdata)
 <LI><a href="#[be]">OP_ld_word</a> from finsh_ops.o(.text) referenced from finsh_ops.o(.constdata)
 <LI><a href="#[a5]">OP_mod_byte</a> from finsh_ops.o(.text) referenced from finsh_ops.o(.constdata)
 <LI><a href="#[a7]">OP_mod_dword</a> from finsh_ops.o(.text) referenced from finsh_ops.o(.constdata)
 <LI><a href="#[a6]">OP_mod_word</a> from finsh_ops.o(.text) referenced from finsh_ops.o(.constdata)
 <LI><a href="#[a8]">OP_mul_byte</a> from finsh_ops.o(.text) referenced from finsh_ops.o(.constdata)
 <LI><a href="#[aa]">OP_mul_dword</a> from finsh_ops.o(.text) referenced from finsh_ops.o(.constdata)
 <LI><a href="#[a9]">OP_mul_word</a> from finsh_ops.o(.text) referenced from finsh_ops.o(.constdata)
 <LI><a href="#[9b]">OP_no_op</a> from finsh_ops.o(.text) referenced from finsh_ops.o(.constdata)
 <LI><a href="#[ae]">OP_or_byte</a> from finsh_ops.o(.text) referenced from finsh_ops.o(.constdata)
 <LI><a href="#[b0]">OP_or_dword</a> from finsh_ops.o(.text) referenced from finsh_ops.o(.constdata)
 <LI><a href="#[af]">OP_or_word</a> from finsh_ops.o(.text) referenced from finsh_ops.o(.constdata)
 <LI><a href="#[c6]">OP_pop</a> from finsh_ops.o(.text) referenced from finsh_ops.o(.constdata)
 <LI><a href="#[b7]">OP_shl_byte</a> from finsh_ops.o(.text) referenced from finsh_ops.o(.constdata)
 <LI><a href="#[b9]">OP_shl_dword</a> from finsh_ops.o(.text) referenced from finsh_ops.o(.constdata)
 <LI><a href="#[b8]">OP_shl_word</a> from finsh_ops.o(.text) referenced from finsh_ops.o(.constdata)
 <LI><a href="#[ba]">OP_shr_byte</a> from finsh_ops.o(.text) referenced from finsh_ops.o(.constdata)
 <LI><a href="#[bc]">OP_shr_dword</a> from finsh_ops.o(.text) referenced from finsh_ops.o(.constdata)
 <LI><a href="#[bb]">OP_shr_word</a> from finsh_ops.o(.text) referenced from finsh_ops.o(.constdata)
 <LI><a href="#[c3]">OP_st_byte</a> from finsh_ops.o(.text) referenced from finsh_ops.o(.constdata)
 <LI><a href="#[c5]">OP_st_dword</a> from finsh_ops.o(.text) referenced from finsh_ops.o(.constdata)
 <LI><a href="#[c4]">OP_st_word</a> from finsh_ops.o(.text) referenced from finsh_ops.o(.constdata)
 <LI><a href="#[9f]">OP_sub_byte</a> from finsh_ops.o(.text) referenced from finsh_ops.o(.constdata)
 <LI><a href="#[a1]">OP_sub_dword</a> from finsh_ops.o(.text) referenced from finsh_ops.o(.constdata)
 <LI><a href="#[a0]">OP_sub_word</a> from finsh_ops.o(.text) referenced from finsh_ops.o(.constdata)
 <LI><a href="#[b1]">OP_xor_byte</a> from finsh_ops.o(.text) referenced from finsh_ops.o(.constdata)
 <LI><a href="#[b3]">OP_xor_dword</a> from finsh_ops.o(.text) referenced from finsh_ops.o(.constdata)
 <LI><a href="#[b2]">OP_xor_word</a> from finsh_ops.o(.text) referenced from finsh_ops.o(.constdata)
 <LI><a href="#[53]">OTG_FS_IRQHandler</a> from startup_stm32f4xx.o(.text) referenced from startup_stm32f4xx.o(RESET)
 <LI><a href="#[3a]">OTG_FS_WKUP_IRQHandler</a> from startup_stm32f4xx.o(.text) referenced from startup_stm32f4xx.o(RESET)
 <LI><a href="#[5b]">OTG_HS_EP1_IN_IRQHandler</a> from startup_stm32f4xx.o(.text) referenced from startup_stm32f4xx.o(RESET)
 <LI><a href="#[5a]">OTG_HS_EP1_OUT_IRQHandler</a> from startup_stm32f4xx.o(.text) referenced from startup_stm32f4xx.o(RESET)
 <LI><a href="#[5d]">OTG_HS_IRQHandler</a> from startup_stm32f4xx.o(.text) referenced from startup_stm32f4xx.o(RESET)
 <LI><a href="#[5c]">OTG_HS_WKUP_IRQHandler</a> from startup_stm32f4xx.o(.text) referenced from startup_stm32f4xx.o(RESET)
 <LI><a href="#[11]">PVD_IRQHandler</a> from startup_stm32f4xx.o(.text) referenced from startup_stm32f4xx.o(RESET)
 <LI><a href="#[e]">PendSV_Handler</a> from context_rvds.o(.text) referenced from startup_stm32f4xx.o(RESET)
 <LI><a href="#[15]">RCC_IRQHandler</a> from startup_stm32f4xx.o(.text) referenced from startup_stm32f4xx.o(RESET)
 <LI><a href="#[39]">RTC_Alarm_IRQHandler</a> from startup_stm32f4xx.o(.text) referenced from startup_stm32f4xx.o(RESET)
 <LI><a href="#[13]">RTC_WKUP_IRQHandler</a> from startup_stm32f4xx.o(.text) referenced from startup_stm32f4xx.o(RESET)
 <LI><a href="#[6]">Reset_Handler</a> from startup_stm32f4xx.o(.text) referenced from startup_stm32f4xx.o(RESET)
 <LI><a href="#[41]">SDIO_IRQHandler</a> from startup_stm32f4xx.o(.text) referenced from startup_stm32f4xx.o(RESET)
 <LI><a href="#[33]">SPI1_IRQHandler</a> from startup_stm32f4xx.o(.text) referenced from startup_stm32f4xx.o(RESET)
 <LI><a href="#[34]">SPI2_IRQHandler</a> from startup_stm32f4xx.o(.text) referenced from startup_stm32f4xx.o(RESET)
 <LI><a href="#[43]">SPI3_IRQHandler</a> from startup_stm32f4xx.o(.text) referenced from startup_stm32f4xx.o(RESET)
 <LI><a href="#[c]">SVC_Handler</a> from isr.o(.text) referenced from startup_stm32f4xx.o(RESET)
 <LI><a href="#[f]">SysTick_Handler</a> from board.o(.text) referenced from startup_stm32f4xx.o(RESET)
 <LI><a href="#[6b]">SystemInit</a> from system_stm32f4xx.o(.text) referenced from startup_stm32f4xx.o(.text)
 <LI><a href="#[12]">TAMP_STAMP_IRQHandler</a> from startup_stm32f4xx.o(.text) referenced from startup_stm32f4xx.o(RESET)
 <LI><a href="#[28]">TIM1_BRK_TIM9_IRQHandler</a> from startup_stm32f4xx.o(.text) referenced from startup_stm32f4xx.o(RESET)
 <LI><a href="#[2b]">TIM1_CC_IRQHandler</a> from startup_stm32f4xx.o(.text) referenced from startup_stm32f4xx.o(RESET)
 <LI><a href="#[2a]">TIM1_TRG_COM_TIM11_IRQHandler</a> from startup_stm32f4xx.o(.text) referenced from startup_stm32f4xx.o(RESET)
 <LI><a href="#[29]">TIM1_UP_TIM10_IRQHandler</a> from startup_stm32f4xx.o(.text) referenced from startup_stm32f4xx.o(RESET)
 <LI><a href="#[2c]">TIM2_IRQHandler</a> from pal_timer.o(.text) referenced from startup_stm32f4xx.o(RESET)
 <LI><a href="#[2d]">TIM3_IRQHandler</a> from startup_stm32f4xx.o(.text) referenced from startup_stm32f4xx.o(RESET)
 <LI><a href="#[2e]">TIM4_IRQHandler</a> from startup_stm32f4xx.o(.text) referenced from startup_stm32f4xx.o(RESET)
 <LI><a href="#[42]">TIM5_IRQHandler</a> from startup_stm32f4xx.o(.text) referenced from startup_stm32f4xx.o(RESET)
 <LI><a href="#[46]">TIM6_DAC_IRQHandler</a> from startup_stm32f4xx.o(.text) referenced from startup_stm32f4xx.o(RESET)
 <LI><a href="#[47]">TIM7_IRQHandler</a> from startup_stm32f4xx.o(.text) referenced from startup_stm32f4xx.o(RESET)
 <LI><a href="#[3b]">TIM8_BRK_TIM12_IRQHandler</a> from startup_stm32f4xx.o(.text) referenced from startup_stm32f4xx.o(RESET)
 <LI><a href="#[3e]">TIM8_CC_IRQHandler</a> from startup_stm32f4xx.o(.text) referenced from startup_stm32f4xx.o(RESET)
 <LI><a href="#[3d]">TIM8_TRG_COM_TIM14_IRQHandler</a> from startup_stm32f4xx.o(.text) referenced from startup_stm32f4xx.o(RESET)
 <LI><a href="#[3c]">TIM8_UP_TIM13_IRQHandler</a> from startup_stm32f4xx.o(.text) referenced from startup_stm32f4xx.o(RESET)
 <LI><a href="#[44]">UART4_IRQHandler</a> from startup_stm32f4xx.o(.text) referenced from startup_stm32f4xx.o(RESET)
 <LI><a href="#[45]">UART5_IRQHandler</a> from startup_stm32f4xx.o(.text) referenced from startup_stm32f4xx.o(RESET)
 <LI><a href="#[35]">USART1_IRQHandler</a> from usart.o(.text) referenced from startup_stm32f4xx.o(RESET)
 <LI><a href="#[36]">USART2_IRQHandler</a> from usart.o(.text) referenced from startup_stm32f4xx.o(RESET)
 <LI><a href="#[37]">USART3_IRQHandler</a> from startup_stm32f4xx.o(.text) referenced from startup_stm32f4xx.o(RESET)
 <LI><a href="#[57]">USART6_IRQHandler</a> from startup_stm32f4xx.o(.text) referenced from startup_stm32f4xx.o(RESET)
 <LI><a href="#[b]">UsageFault_Handler</a> from isr.o(.text) referenced from startup_stm32f4xx.o(RESET)
 <LI><a href="#[10]">WWDG_IRQHandler</a> from startup_stm32f4xx.o(.text) referenced from startup_stm32f4xx.o(RESET)
 <LI><a href="#[6c]">__main</a> from entry.o(.ARM.Collect$$$$00000000) referenced from startup_stm32f4xx.o(.text)
 <LI><a href="#[86]">_portal_close</a> from portal.o(.text) referenced from portal.o(.text)
 <LI><a href="#[84]">_portal_init</a> from portal.o(.text) referenced from portal.o(.text)
 <LI><a href="#[85]">_portal_open</a> from portal.o(.text) referenced from portal.o(.text)
 <LI><a href="#[88]">_portal_read</a> from portal.o(.text) referenced from portal.o(.text)
 <LI><a href="#[8a]">_portal_rx_indicate</a> from portal.o(.text) referenced from portal.o(.text)
 <LI><a href="#[89]">_portal_tx_complete</a> from portal.o(.text) referenced from portal.o(.text)
 <LI><a href="#[87]">_portal_write</a> from portal.o(.text) referenced from portal.o(.text)
 <LI><a href="#[132]">_rt_errno</a> from kservice.o(.text) referenced from kservice.o(RTMSymTab)
 <LI><a href="#[93]">_sbackspace</a> from _sgetc.o(.text) referenced from strtod.o(.text)
 <LI><a href="#[92]">_sgetc</a> from _sgetc.o(.text) referenced from strtod.o(.text)
 <LI><a href="#[7c]">_spi_bus_device_control</a> from spi_dev.o(.text) referenced from spi_dev.o(.text)
 <LI><a href="#[79]">_spi_bus_device_init</a> from spi_dev.o(.text) referenced from spi_dev.o(.text)
 <LI><a href="#[7a]">_spi_bus_device_read</a> from spi_dev.o(.text) referenced from spi_dev.o(.text)
 <LI><a href="#[7b]">_spi_bus_device_write</a> from spi_dev.o(.text) referenced from spi_dev.o(.text)
 <LI><a href="#[80]">_spidev_device_control</a> from spi_dev.o(.text) referenced from spi_dev.o(.text)
 <LI><a href="#[7d]">_spidev_device_init</a> from spi_dev.o(.text) referenced from spi_dev.o(.text)
 <LI><a href="#[7e]">_spidev_device_read</a> from spi_dev.o(.text) referenced from spi_dev.o(.text)
 <LI><a href="#[7f]">_spidev_device_write</a> from spi_dev.o(.text) referenced from spi_dev.o(.text)
 <LI><a href="#[96]">_sputc</a> from printfa.o(i._sputc) referenced from printfa.o(i.__0sprintf)
 <LI><a href="#[8d]">app_t_DataRequest_cb</a> from nwk_datareq.o(.text) referenced from mac_process_tal_tx_frame_status.o(.text)
 <LI><a href="#[8e]">bc_data_cb_vanet</a> from nwk_broadcast.o(.text) referenced from nwk_datareq.o(.text)
 <LI><a href="#[8c]">bc_delay_cb</a> from nwk_broadcast.o(.text) referenced 3 times from mac_mcps_data.o(.text)
 <LI><a href="#[4]">configure</a> from spi.o(.text) referenced 2 times from spi.o(.data)
 <LI><a href="#[1]">crd_proc</a> from cv_vsa.o(.text) referenced 2 times from cv_vsa.o(.data)
 <LI><a href="#[3]">ebd_proc</a> from cv_vsa.o(.text) referenced 2 times from cv_vsa.o(.data)
 <LI><a href="#[8b]">finsh_rx_ind</a> from shell.o(.text) referenced from shell.o(.text)
 <LI><a href="#[db]">finsh_system_init</a> from shell.o(.text) referenced from shell.o(.rti_fn.3)
 <LI><a href="#[3a3]">finsh_thread_entry</a> from shell.o(.text) referenced from shell.o(.text)
 <LI><a href="#[95]">fputc</a> from fputc.o(i.fputc) referenced from printfa.o(i.__0printf)
 <LI><a href="#[eb]">hello</a> from cmd.o(.text) referenced from cmd.o(FSymTab)
 <LI><a href="#[72]">i2c_bus_device_control</a> from i2c_dev.o(.text) referenced from i2c_dev.o(.text)
 <LI><a href="#[6f]">i2c_bus_device_init</a> from i2c_dev.o(.text) referenced from i2c_dev.o(.text)
 <LI><a href="#[70]">i2c_bus_device_read</a> from i2c_dev.o(.text) referenced from i2c_dev.o(.text)
 <LI><a href="#[71]">i2c_bus_device_write</a> from i2c_dev.o(.text) referenced from i2c_dev.o(.text)
 <LI><a href="#[94]">isspace</a> from isspace_o.o(.text) referenced from strtod.o(.text)
 <LI><a href="#[f8]">list</a> from cmd.o(.text) referenced from cmd.o(FSymTab)
 <LI><a href="#[f5]">list_device</a> from cmd.o(.text) referenced from cmd.o(FSymTab)
 <LI><a href="#[ef]">list_event</a> from cmd.o(.text) referenced from cmd.o(FSymTab)
 <LI><a href="#[f1]">list_mailbox</a> from cmd.o(.text) referenced from cmd.o(FSymTab)
 <LI><a href="#[ea]">list_mem</a> from mem.o(.text) referenced from mem.o(FSymTab)
 <LI><a href="#[f3]">list_mempool</a> from cmd.o(.text) referenced from cmd.o(FSymTab)
 <LI><a href="#[f7]">list_mod_detail</a> from cmd.o(.text) referenced from cmd.o(FSymTab)
 <LI><a href="#[f6]">list_module</a> from cmd.o(.text) referenced from cmd.o(FSymTab)
 <LI><a href="#[f2]">list_msgqueue</a> from cmd.o(.text) referenced from cmd.o(FSymTab)
 <LI><a href="#[f0]">list_mutex</a> from cmd.o(.text) referenced from cmd.o(FSymTab)
 <LI><a href="#[ee]">list_sem</a> from cmd.o(.text) referenced from cmd.o(FSymTab)
 <LI><a href="#[ed]">list_thread</a> from cmd.o(.text) referenced from cmd.o(FSymTab)
 <LI><a href="#[f4]">list_timer</a> from cmd.o(.text) referenced from cmd.o(FSymTab)
 <LI><a href="#[cb]">mac_process_tal_data_ind</a> from mac_data_ind.o(.text) referenced from mac_dispatcher.o(.constdata)
 <LI><a href="#[62]">main</a> from startup.o(.text) referenced from entry9a.o(.ARM.Collect$$$$0000000B)
 <LI><a href="#[cf]">mcps_data_conf</a> from mac_callback_wrapper.o(.text) referenced from mac_dispatcher.o(.constdata)
 <LI><a href="#[d0]">mcps_data_ind</a> from mac_callback_wrapper.o(.text) referenced from mac_dispatcher.o(.constdata)
 <LI><a href="#[cc]">mcps_data_request</a> from mac_mcps_data.o(.text) referenced from mac_dispatcher.o(.constdata)
 <LI><a href="#[6a]">mems_thread_entry</a> from cv_drv_msnr.o(.text) referenced from cv_drv_msnr.o(.text)
 <LI><a href="#[d2]">mlme_reset_conf</a> from mac_callback_wrapper.o(.text) referenced from mac_dispatcher.o(.constdata)
 <LI><a href="#[ce]">mlme_reset_request</a> from mac_misc.o(.text) referenced from mac_dispatcher.o(.constdata)
 <LI><a href="#[d1]">mlme_set_conf</a> from mac_callback_wrapper.o(.text) referenced from mac_dispatcher.o(.constdata)
 <LI><a href="#[cd]">mlme_set_request</a> from mac_pib.o(.text) referenced from mac_dispatcher.o(.constdata)
 <LI><a href="#[d5]">nlde_data_conf</a> from nwk_callback_wrapper.o(.text) referenced from nwk_dispatcher.o(.constdata)
 <LI><a href="#[d6]">nlde_data_ind</a> from nwk_callback_wrapper.o(.text) referenced from nwk_dispatcher.o(.constdata)
 <LI><a href="#[d3]">nlde_data_request</a> from nwk_datareq.o(.text) referenced from nwk_dispatcher.o(.constdata)
 <LI><a href="#[d4]">nlme_RouteDiscovery_conf</a> from nwk_callback_wrapper.o(.text) referenced from nwk_dispatcher.o(.constdata)
 <LI><a href="#[e6]">param_get</a> from cv_sys_param.o(.text) referenced from cv_sys_param.o(FSymTab)
 <LI><a href="#[e7]">param_set</a> from cv_sys_param.o(.text) referenced from cv_sys_param.o(FSymTab)
 <LI><a href="#[e9]">reset</a> from board.o(.text) referenced from board.o(FSymTab)
 <LI><a href="#[14b]">rt_calloc</a> from mem.o(.text) referenced from mem.o(RTMSymTab)
 <LI><a href="#[143]">rt_console_get_device</a> from kservice.o(.text) referenced from kservice.o(RTMSymTab)
 <LI><a href="#[144]">rt_console_set_device</a> from kservice.o(.text) referenced from kservice.o(RTMSymTab)
 <LI><a href="#[168]">rt_data_queue_init</a> from dataqueue.o(.text) referenced from dataqueue.o(RTMSymTab)
 <LI><a href="#[16b]">rt_data_queue_peak</a> from dataqueue.o(.text) referenced from dataqueue.o(RTMSymTab)
 <LI><a href="#[16a]">rt_data_queue_pop</a> from dataqueue.o(.text) referenced from dataqueue.o(RTMSymTab)
 <LI><a href="#[169]">rt_data_queue_push</a> from dataqueue.o(.text) referenced from dataqueue.o(RTMSymTab)
 <LI><a href="#[16c]">rt_data_queue_reset</a> from dataqueue.o(.text) referenced from dataqueue.o(RTMSymTab)
 <LI><a href="#[ff]">rt_device_close</a> from device.o(.text) referenced from device.o(RTMSymTab)
 <LI><a href="#[102]">rt_device_control</a> from device.o(.text) referenced from device.o(RTMSymTab)
 <LI><a href="#[fd]">rt_device_find</a> from device.o(.text) referenced from device.o(RTMSymTab)
 <LI><a href="#[fe]">rt_device_open</a> from device.o(.text) referenced from device.o(RTMSymTab)
 <LI><a href="#[100]">rt_device_read</a> from device.o(.text) referenced from device.o(RTMSymTab)
 <LI><a href="#[fb]">rt_device_register</a> from device.o(.text) referenced from device.o(RTMSymTab)
 <LI><a href="#[103]">rt_device_set_rx_indicate</a> from device.o(.text) referenced from device.o(RTMSymTab)
 <LI><a href="#[104]">rt_device_set_tx_complete</a> from device.o(.text) referenced from device.o(RTMSymTab)
 <LI><a href="#[fc]">rt_device_unregister</a> from device.o(.text) referenced from device.o(RTMSymTab)
 <LI><a href="#[101]">rt_device_write</a> from device.o(.text) referenced from device.o(RTMSymTab)
 <LI><a href="#[11a]">rt_event_control</a> from ipc.o(.text) referenced from ipc.o(RTMSymTab)
 <LI><a href="#[116]">rt_event_create</a> from ipc.o(.text) referenced from ipc.o(RTMSymTab)
 <LI><a href="#[117]">rt_event_delete</a> from ipc.o(.text) referenced from ipc.o(RTMSymTab)
 <LI><a href="#[115]">rt_event_detach</a> from ipc.o(.text) referenced from ipc.o(RTMSymTab)
 <LI><a href="#[114]">rt_event_init</a> from ipc.o(.text) referenced from ipc.o(RTMSymTab)
 <LI><a href="#[119]">rt_event_recv</a> from ipc.o(.text) referenced from ipc.o(RTMSymTab)
 <LI><a href="#[118]">rt_event_send</a> from ipc.o(.text) referenced from ipc.o(RTMSymTab)
 <LI><a href="#[14c]">rt_free</a> from mem.o(.text) referenced from mem.o(RTMSymTab)
 <LI><a href="#[148]">rt_free_align</a> from kservice.o(.text) referenced from kservice.o(RTMSymTab)
 <LI><a href="#[130]">rt_get_errno</a> from kservice.o(.text) referenced from kservice.o(RTMSymTab)
 <LI><a href="#[1fc]">rt_gps_thread_entry</a> from cv_drv_gps.o(.text) referenced from cv_drv_gps.o(.text)
 <LI><a href="#[1f4]">rt_hi_thread_entry</a> from cv_sys_manager.o(.text) referenced from cv_sys_manager.o(.text)
 <LI><a href="#[145]">rt_hw_console_output</a> from kservice.o(.text) referenced from kservice.o(RTMSymTab)
 <LI><a href="#[12e]">rt_hw_interrupt_disable</a> from context_rvds.o(.text) referenced from irq.o(RTMSymTab)
 <LI><a href="#[12f]">rt_hw_interrupt_enable</a> from context_rvds.o(.text) referenced from irq.o(RTMSymTab)
 <LI><a href="#[da]">rt_i2c_core_init</a> from i2c_core.o(.text) referenced from i2c_core.o(.rti_fn.3)
 <LI><a href="#[1e5]">rt_init_thread_entry</a> from cv_sys_main.o(.text) referenced from cv_sys_main.o(.text)
 <LI><a href="#[12b]">rt_interrupt_enter</a> from irq.o(.text) referenced from irq.o(RTMSymTab)
 <LI><a href="#[12d]">rt_interrupt_get_nest</a> from irq.o(.text) referenced from irq.o(RTMSymTab)
 <LI><a href="#[12c]">rt_interrupt_leave</a> from irq.o(.text) referenced from irq.o(RTMSymTab)
 <LI><a href="#[146]">rt_kprintf</a> from kservice.o(.text) referenced from kservice.o(RTMSymTab)
 <LI><a href="#[149]">rt_malloc</a> from mem.o(.text) referenced from mem.o(RTMSymTab)
 <LI><a href="#[147]">rt_malloc_align</a> from kservice.o(.text) referenced from kservice.o(RTMSymTab)
 <LI><a href="#[122]">rt_mb_control</a> from ipc.o(.text) referenced from ipc.o(RTMSymTab)
 <LI><a href="#[11d]">rt_mb_create</a> from ipc.o(.text) referenced from ipc.o(RTMSymTab)
 <LI><a href="#[11e]">rt_mb_delete</a> from ipc.o(.text) referenced from ipc.o(RTMSymTab)
 <LI><a href="#[11c]">rt_mb_detach</a> from ipc.o(.text) referenced from ipc.o(RTMSymTab)
 <LI><a href="#[11b]">rt_mb_init</a> from ipc.o(.text) referenced from ipc.o(RTMSymTab)
 <LI><a href="#[121]">rt_mb_recv</a> from ipc.o(.text) referenced from ipc.o(RTMSymTab)
 <LI><a href="#[120]">rt_mb_send</a> from ipc.o(.text) referenced from ipc.o(RTMSymTab)
 <LI><a href="#[11f]">rt_mb_send_wait</a> from ipc.o(.text) referenced from ipc.o(RTMSymTab)
 <LI><a href="#[136]">rt_memcmp</a> from kservice.o(.text) referenced from kservice.o(RTMSymTab)
 <LI><a href="#[134]">rt_memcpy</a> from kservice.o(.text) referenced from kservice.o(RTMSymTab)
 <LI><a href="#[135]">rt_memmove</a> from kservice.o(.text) referenced from kservice.o(RTMSymTab)
 <LI><a href="#[69]">rt_mems_control</a> from cv_drv_msnr.o(.text) referenced from cv_drv_msnr.o(.text)
 <LI><a href="#[68]">rt_mems_init</a> from cv_drv_msnr.o(.text) referenced from cv_drv_msnr.o(.text)
 <LI><a href="#[133]">rt_memset</a> from kservice.o(.text) referenced from kservice.o(RTMSymTab)
 <LI><a href="#[151]">rt_mp_alloc</a> from mempool.o(.text) referenced from mempool.o(RTMSymTab)
 <LI><a href="#[14f]">rt_mp_create</a> from mempool.o(.text) referenced from mempool.o(RTMSymTab)
 <LI><a href="#[150]">rt_mp_delete</a> from mempool.o(.text) referenced from mempool.o(RTMSymTab)
 <LI><a href="#[14e]">rt_mp_detach</a> from mempool.o(.text) referenced from mempool.o(RTMSymTab)
 <LI><a href="#[152]">rt_mp_free</a> from mempool.o(.text) referenced from mempool.o(RTMSymTab)
 <LI><a href="#[14d]">rt_mp_init</a> from mempool.o(.text) referenced from mempool.o(RTMSymTab)
 <LI><a href="#[12a]">rt_mq_control</a> from ipc.o(.text) referenced from ipc.o(RTMSymTab)
 <LI><a href="#[125]">rt_mq_create</a> from ipc.o(.text) referenced from ipc.o(RTMSymTab)
 <LI><a href="#[126]">rt_mq_delete</a> from ipc.o(.text) referenced from ipc.o(RTMSymTab)
 <LI><a href="#[124]">rt_mq_detach</a> from ipc.o(.text) referenced from ipc.o(RTMSymTab)
 <LI><a href="#[123]">rt_mq_init</a> from ipc.o(.text) referenced from ipc.o(RTMSymTab)
 <LI><a href="#[129]">rt_mq_recv</a> from ipc.o(.text) referenced from ipc.o(RTMSymTab)
 <LI><a href="#[127]">rt_mq_send</a> from ipc.o(.text) referenced from ipc.o(RTMSymTab)
 <LI><a href="#[128]">rt_mq_urgent</a> from ipc.o(.text) referenced from ipc.o(RTMSymTab)
 <LI><a href="#[113]">rt_mutex_control</a> from ipc.o(.text) referenced from ipc.o(RTMSymTab)
 <LI><a href="#[10f]">rt_mutex_create</a> from ipc.o(.text) referenced from ipc.o(RTMSymTab)
 <LI><a href="#[110]">rt_mutex_delete</a> from ipc.o(.text) referenced from ipc.o(RTMSymTab)
 <LI><a href="#[10e]">rt_mutex_detach</a> from ipc.o(.text) referenced from ipc.o(RTMSymTab)
 <LI><a href="#[10d]">rt_mutex_init</a> from ipc.o(.text) referenced from ipc.o(RTMSymTab)
 <LI><a href="#[112]">rt_mutex_release</a> from ipc.o(.text) referenced from ipc.o(RTMSymTab)
 <LI><a href="#[111]">rt_mutex_take</a> from ipc.o(.text) referenced from ipc.o(RTMSymTab)
 <LI><a href="#[153]">rt_object_get_information</a> from object.o(.text) referenced from object.o(RTMSymTab)
 <LI><a href="#[83]">rt_pipe_control</a> from pipe.o(.text) referenced from pipe.o(.text)
 <LI><a href="#[16f]">rt_pipe_create</a> from pipe.o(.text) referenced from pipe.o(RTMSymTab)
 <LI><a href="#[170]">rt_pipe_destroy</a> from pipe.o(.text) referenced from pipe.o(RTMSymTab)
 <LI><a href="#[16e]">rt_pipe_detach</a> from pipe.o(.text) referenced from pipe.o(RTMSymTab)
 <LI><a href="#[16d]">rt_pipe_init</a> from pipe.o(.text) referenced from pipe.o(RTMSymTab)
 <LI><a href="#[81]">rt_pipe_read</a> from pipe.o(.text) referenced from pipe.o(.text)
 <LI><a href="#[82]">rt_pipe_write</a> from pipe.o(.text) referenced from pipe.o(.text)
 <LI><a href="#[173]">rt_portal_create</a> from portal.o(.text) referenced from portal.o(RTMSymTab)
 <LI><a href="#[174]">rt_portal_destroy</a> from portal.o(.text) referenced from portal.o(RTMSymTab)
 <LI><a href="#[172]">rt_portal_detach</a> from portal.o(.text) referenced from portal.o(RTMSymTab)
 <LI><a href="#[171]">rt_portal_init</a> from portal.o(.text) referenced from portal.o(RTMSymTab)
 <LI><a href="#[14a]">rt_realloc</a> from mem.o(.text) referenced from mem.o(RTMSymTab)
 <LI><a href="#[178]">rt_ringbuffer_get</a> from ringbuffer.o(.text) referenced from ringbuffer.o(RTMSymTab)
 <LI><a href="#[17b]">rt_ringbuffer_getchar</a> from ringbuffer.o(.text) referenced from ringbuffer.o(RTMSymTab)
 <LI><a href="#[175]">rt_ringbuffer_init</a> from ringbuffer.o(.text) referenced from ringbuffer.o(RTMSymTab)
 <LI><a href="#[176]">rt_ringbuffer_put</a> from ringbuffer.o(.text) referenced from ringbuffer.o(RTMSymTab)
 <LI><a href="#[177]">rt_ringbuffer_put_force</a> from ringbuffer.o(.text) referenced from ringbuffer.o(RTMSymTab)
 <LI><a href="#[179]">rt_ringbuffer_putchar</a> from ringbuffer.o(.text) referenced from ringbuffer.o(RTMSymTab)
 <LI><a href="#[17a]">rt_ringbuffer_putchar_force</a> from ringbuffer.o(.text) referenced from ringbuffer.o(RTMSymTab)
 <LI><a href="#[10c]">rt_sem_control</a> from ipc.o(.text) referenced from ipc.o(RTMSymTab)
 <LI><a href="#[107]">rt_sem_create</a> from ipc.o(.text) referenced from ipc.o(RTMSymTab)
 <LI><a href="#[108]">rt_sem_delete</a> from ipc.o(.text) referenced from ipc.o(RTMSymTab)
 <LI><a href="#[106]">rt_sem_detach</a> from ipc.o(.text) referenced from ipc.o(RTMSymTab)
 <LI><a href="#[105]">rt_sem_init</a> from ipc.o(.text) referenced from ipc.o(RTMSymTab)
 <LI><a href="#[10b]">rt_sem_release</a> from ipc.o(.text) referenced from ipc.o(RTMSymTab)
 <LI><a href="#[109]">rt_sem_take</a> from ipc.o(.text) referenced from ipc.o(RTMSymTab)
 <LI><a href="#[10a]">rt_sem_trytake</a> from ipc.o(.text) referenced from ipc.o(RTMSymTab)
 <LI><a href="#[75]">rt_serial_close</a> from serial.o(.text) referenced from serial.o(.text)
 <LI><a href="#[78]">rt_serial_control</a> from serial.o(.text) referenced from serial.o(.text)
 <LI><a href="#[73]">rt_serial_init</a> from serial.o(.text) referenced from serial.o(.text)
 <LI><a href="#[74]">rt_serial_open</a> from serial.o(.text) referenced from serial.o(.text)
 <LI><a href="#[76]">rt_serial_read</a> from serial.o(.text) referenced from serial.o(.text)
 <LI><a href="#[77]">rt_serial_write</a> from serial.o(.text) referenced from serial.o(.text)
 <LI><a href="#[131]">rt_set_errno</a> from kservice.o(.text) referenced from kservice.o(RTMSymTab)
 <LI><a href="#[13e]">rt_show_version</a> from kservice.o(.text) referenced from kservice.o(RTMSymTab)
 <LI><a href="#[140]">rt_snprintf</a> from kservice.o(.text) referenced from kservice.o(RTMSymTab)
 <LI><a href="#[142]">rt_sprintf</a> from kservice.o(.text) referenced from kservice.o(RTMSymTab)
 <LI><a href="#[138]">rt_strcasecmp</a> from kservice.o(.text) referenced from kservice.o(RTMSymTab)
 <LI><a href="#[13b]">rt_strcmp</a> from kservice.o(.text) referenced from kservice.o(RTMSymTab)
 <LI><a href="#[13d]">rt_strdup</a> from kservice.o(.text) referenced from kservice.o(RTMSymTab)
 <LI><a href="#[13c]">rt_strlen</a> from kservice.o(.text) referenced from kservice.o(RTMSymTab)
 <LI><a href="#[13a]">rt_strncmp</a> from kservice.o(.text) referenced from kservice.o(RTMSymTab)
 <LI><a href="#[139]">rt_strncpy</a> from kservice.o(.text) referenced from kservice.o(RTMSymTab)
 <LI><a href="#[137]">rt_strstr</a> from kservice.o(.text) referenced from kservice.o(RTMSymTab)
 <LI><a href="#[1f1]">rt_sys_thread_entry</a> from cv_sys_manager.o(.text) referenced from cv_sys_manager.o(.text)
 <LI><a href="#[d9]">rt_system_module_init</a> from module.o(.text) referenced from module.o(.rti_fn.3)
 <LI><a href="#[15c]">rt_thread_control</a> from thread.o(.text) referenced from thread.o(RTMSymTab)
 <LI><a href="#[158]">rt_thread_create</a> from thread.o(.text) referenced from thread.o(RTMSymTab)
 <LI><a href="#[15b]">rt_thread_delay</a> from thread.o(.text) referenced from thread.o(RTMSymTab)
 <LI><a href="#[159]">rt_thread_delete</a> from thread.o(.text) referenced from thread.o(RTMSymTab)
 <LI><a href="#[157]">rt_thread_detach</a> from thread.o(.text) referenced from thread.o(RTMSymTab)
 <LI><a href="#[67]">rt_thread_entry_zigbee</a> from cv_sys_main.o(.text) referenced from cv_sys_main.o(.text)
 <LI><a href="#[6e]">rt_thread_exit</a> from thread.o(.text) referenced from thread.o(.text)
 <LI><a href="#[160]">rt_thread_find</a> from thread.o(.text) referenced from thread.o(RTMSymTab)
 <LI><a href="#[6d]">rt_thread_idle_entry</a> from idle.o(.text) referenced from idle.o(.text)
 <LI><a href="#[154]">rt_thread_init</a> from thread.o(.text) referenced from thread.o(RTMSymTab)
 <LI><a href="#[15e]">rt_thread_resume</a> from thread.o(.text) referenced from thread.o(RTMSymTab)
 <LI><a href="#[155]">rt_thread_self</a> from thread.o(.text) referenced from thread.o(RTMSymTab)
 <LI><a href="#[156]">rt_thread_startup</a> from thread.o(.text) referenced from thread.o(RTMSymTab)
 <LI><a href="#[15d]">rt_thread_suspend</a> from thread.o(.text) referenced from thread.o(RTMSymTab)
 <LI><a href="#[15f]">rt_thread_timeout</a> from thread.o(.text) referenced from thread.o(.text)
 <LI><a href="#[15f]">rt_thread_timeout</a> from thread.o(.text) referenced from thread.o(RTMSymTab)
 <LI><a href="#[15a]">rt_thread_yield</a> from thread.o(.text) referenced from thread.o(RTMSymTab)
 <LI><a href="#[fa]">rt_tick_from_millisecond</a> from clock.o(.text) referenced from clock.o(RTMSymTab)
 <LI><a href="#[f9]">rt_tick_get</a> from clock.o(.text) referenced from clock.o(RTMSymTab)
 <LI><a href="#[167]">rt_timer_control</a> from timer.o(.text) referenced from timer.o(RTMSymTab)
 <LI><a href="#[163]">rt_timer_create</a> from timer.o(.text) referenced from timer.o(RTMSymTab)
 <LI><a href="#[164]">rt_timer_delete</a> from timer.o(.text) referenced from timer.o(RTMSymTab)
 <LI><a href="#[162]">rt_timer_detach</a> from timer.o(.text) referenced from timer.o(RTMSymTab)
 <LI><a href="#[161]">rt_timer_init</a> from timer.o(.text) referenced from timer.o(RTMSymTab)
 <LI><a href="#[165]">rt_timer_start</a> from timer.o(.text) referenced from timer.o(RTMSymTab)
 <LI><a href="#[166]">rt_timer_stop</a> from timer.o(.text) referenced from timer.o(RTMSymTab)
 <LI><a href="#[198]">rt_vam_thread_entry</a> from cv_vam_main.o(.text) referenced from cv_vam_main.o(.text)
 <LI><a href="#[18d]">rt_vsa_thread_entry</a> from cv_vsa.o(.text) referenced from cv_vsa.o(.text)
 <LI><a href="#[13f]">rt_vsnprintf</a> from kservice.o(.text) referenced from kservice.o(RTMSymTab)
 <LI><a href="#[141]">rt_vsprintf</a> from kservice.o(.text) referenced from kservice.o(RTMSymTab)
 <LI><a href="#[d8]">rti_board_end</a> from components.o(.text) referenced from components.o(.rti_fn.1.post)
 <LI><a href="#[dc]">rti_end</a> from components.o(.text) referenced from components.o(.rti_fn.7)
 <LI><a href="#[d7]">rti_start</a> from components.o(.text) referenced from components.o(.rti_fn.0)
 <LI><a href="#[97]">stm32_configure</a> from usart.o(.text) referenced from usart.o(.constdata)
 <LI><a href="#[98]">stm32_control</a> from usart.o(.text) referenced from usart.o(.constdata)
 <LI><a href="#[9a]">stm32_getc</a> from usart.o(.text) referenced from usart.o(.constdata)
 <LI><a href="#[99]">stm32_putc</a> from usart.o(.text) referenced from usart.o(.constdata)
 <LI><a href="#[e0]">stop_test_bsm</a> from cv_vam_rcp.o(.text) referenced from cv_vam_rcp.o(FSymTab)
 <LI><a href="#[e2]">stop_test_bsm_2</a> from cv_vam_rcp.o(.text) referenced from cv_vam_rcp.o(FSymTab)
 <LI><a href="#[e1]">tb2</a> from cv_vam_rcp.o(.text) referenced from cv_vam_rcp.o(FSymTab)
 <LI><a href="#[e3]">tb3</a> from cv_vam_rcp.o(.text) referenced from cv_vam_rcp.o(FSymTab)
 <LI><a href="#[e5]">test_alert</a> from cv_sys_manager.o(.text) referenced from cv_sys_manager.o(FSymTab)
 <LI><a href="#[df]">test_bsm</a> from cv_vam_rcp.o(.text) referenced from cv_vam_rcp.o(FSymTab)
 <LI><a href="#[64]">timer_bsm_pause_callback</a> from cv_vam_vsm.o(.text) referenced from cv_vam_main.o(.text)
 <LI><a href="#[65]">timer_gps_life_callback</a> from cv_vam_vsm.o(.text) referenced from cv_vam_main.o(.text)
 <LI><a href="#[1f8]">timer_human_interface_callback</a> from cv_sys_manager.o(.text) referenced from cv_sys_manager.o(.text)
 <LI><a href="#[66]">timer_neigh_time_callback</a> from cv_vam_vsm.o(.text) referenced from cv_vam_main.o(.text)
 <LI><a href="#[63]">timer_send_bsm_callback</a> from cv_vam_vsm.o(.text) referenced from cv_vam_main.o(.text)
 <LI><a href="#[1d1]">timer_test_bsm_rx_callback</a> from cv_vam_rcp.o(.text) referenced from cv_vam_rcp.o(.text)
 <LI><a href="#[1d2]">timer_test_bsm_rx_callback_2</a> from cv_vam_rcp.o(.text) referenced from cv_vam_rcp.o(.text)
 <LI><a href="#[1d3]">timer_test_bsm_rx_callback_3</a> from cv_vam_rcp.o(.text) referenced from cv_vam_rcp.o(.text)
 <LI><a href="#[e8]">touch_t</a> from cv_drv_msnr.o(.text) referenced from cv_drv_msnr.o(FSymTab)
 <LI><a href="#[90]">trx_irq_awake_handler_cb</a> from tal_irq_handler.o(.text) referenced from tal.o(.text)
 <LI><a href="#[91]">trx_irq_handler_cb</a> from tal_irq_handler.o(.text) referenced 2 times from tal.o(.text)
 <LI><a href="#[8f]">trx_isr</a> from pal_irq.o(.text) referenced from pal_irq.o(.text)
 <LI><a href="#[e4]">vam_list_sta</a> from cv_vam_vsm.o(.text) referenced from cv_vam_vsm.o(FSymTab)
 <LI><a href="#[dd]">vam_start</a> from cv_vam_api.o(.text) referenced from cv_vam_api.o(FSymTab)
 <LI><a href="#[de]">vam_stop</a> from cv_vam_api.o(.text) referenced from cv_vam_api.o(FSymTab)
 <LI><a href="#[2]">vbd_proc</a> from cv_vsa.o(.text) referenced 2 times from cv_vsa.o(.data)
 <LI><a href="#[ec]">version</a> from cmd.o(.text) referenced from cmd.o(FSymTab)
 <LI><a href="#[182]">vsa_gps_status_update</a> from cv_vsa.o(.text) referenced from cv_vsa.o(.text)
 <LI><a href="#[17f]">vsa_local_status_update</a> from cv_vsa.o(.text) referenced from cv_vsa.o(.text)
 <LI><a href="#[181]">vsa_peer_status_update</a> from cv_vsa.o(.text) referenced from cv_vsa.o(.text)
 <LI><a href="#[5]">xfer</a> from spi.o(.text) referenced 2 times from spi.o(.data)
</UL>
<P>
<H3>
Global Symbols
</H3>
<P><STRONG><a name="[6c]"></a>__main</STRONG> (Thumb, 0 bytes, Stack size unknown bytes, entry.o(.ARM.Collect$$$$00000000))
<BR>[Address Reference Count : 1]<UL><LI> startup_stm32f4xx.o(.text)
</UL>
<P><STRONG><a name="[4c8]"></a>_main_stk</STRONG> (Thumb, 0 bytes, Stack size unknown bytes, entry2.o(.ARM.Collect$$$$00000001))

<P><STRONG><a name="[17c]"></a>_main_scatterload</STRONG> (Thumb, 0 bytes, Stack size unknown bytes, entry5.o(.ARM.Collect$$$$00000004))
<BR><BR>[Calls]<UL><LI><a href="#[17d]">&gt;&gt;</a>&nbsp;&nbsp;&nbsp;__scatterload
</UL>

<P><STRONG><a name="[4b0]"></a>__main_after_scatterload</STRONG> (Thumb, 0 bytes, Stack size unknown bytes, entry5.o(.ARM.Collect$$$$00000004))
<BR><BR>[Called By]<UL><LI><a href="#[17d]">&gt;&gt;</a>&nbsp;&nbsp;&nbsp;__scatterload
</UL>

<P><STRONG><a name="[4c9]"></a>_main_clock</STRONG> (Thumb, 0 bytes, Stack size unknown bytes, entry7b.o(.ARM.Collect$$$$00000008))

<P><STRONG><a name="[4ca]"></a>_main_cpp_init</STRONG> (Thumb, 0 bytes, Stack size unknown bytes, entry8b.o(.ARM.Collect$$$$0000000A))

<P><STRONG><a name="[4cb]"></a>_main_init</STRONG> (Thumb, 0 bytes, Stack size unknown bytes, entry9a.o(.ARM.Collect$$$$0000000B))

<P><STRONG><a name="[4cc]"></a>__rt_final_cpp</STRONG> (Thumb, 0 bytes, Stack size unknown bytes, entry10a.o(.ARM.Collect$$$$0000000D))

<P><STRONG><a name="[4cd]"></a>__rt_final_exit</STRONG> (Thumb, 0 bytes, Stack size unknown bytes, entry11a.o(.ARM.Collect$$$$0000000F))

<P><STRONG><a name="[17e]"></a>vsa_add_event_queue</STRONG> (Thumb, 66 bytes, Stack size 40 bytes, cv_vsa.o(.text))
<BR><BR>[Stack]<UL><LI>Max Depth = 328<LI>Call Chain = vsa_add_event_queue &rArr; rt_mq_send &rArr; rt_schedule &rArr; _rt_scheduler_stack_check &rArr; list_thread &rArr; _list_thread &rArr; rt_kprintf &rArr; rt_device_write &rArr;  rt_kprintf (Cycle)
</UL>
<BR>[Calls]<UL><LI><a href="#[127]">&gt;&gt;</a>&nbsp;&nbsp;&nbsp;rt_mq_send
<LI><a href="#[146]">&gt;&gt;</a>&nbsp;&nbsp;&nbsp;rt_kprintf
</UL>
<BR>[Called By]<UL><LI><a href="#[182]">&gt;&gt;</a>&nbsp;&nbsp;&nbsp;vsa_gps_status_update
<LI><a href="#[181]">&gt;&gt;</a>&nbsp;&nbsp;&nbsp;vsa_peer_status_update
<LI><a href="#[17f]">&gt;&gt;</a>&nbsp;&nbsp;&nbsp;vsa_local_status_update
</UL>

<P><STRONG><a name="[17f]"></a>vsa_local_status_update</STRONG> (Thumb, 46 bytes, Stack size 24 bytes, cv_vsa.o(.text))
<BR><BR>[Stack]<UL><LI>Max Depth = 352<LI>Call Chain = vsa_local_status_update &rArr; vsa_add_event_queue &rArr; rt_mq_send &rArr; rt_schedule &rArr; _rt_scheduler_stack_check &rArr; list_thread &rArr; _list_thread &rArr; rt_kprintf &rArr; rt_device_write &rArr;  rt_kprintf (Cycle)
</UL>
<BR>[Calls]<UL><LI><a href="#[17e]">&gt;&gt;</a>&nbsp;&nbsp;&nbsp;vsa_add_event_queue
<LI><a href="#[180]">&gt;&gt;</a>&nbsp;&nbsp;&nbsp;__aeabi_memcpy4
</UL>
<BR>[Address Reference Count : 1]<UL><LI> cv_vsa.o(.text)
</UL>
<P><STRONG><a name="[181]"></a>vsa_peer_status_update</STRONG> (Thumb, 46 bytes, Stack size 24 bytes, cv_vsa.o(.text))
<BR><BR>[Stack]<UL><LI>Max Depth = 352<LI>Call Chain = vsa_peer_status_update &rArr; vsa_add_event_queue &rArr; rt_mq_send &rArr; rt_schedule &rArr; _rt_scheduler_stack_check &rArr; list_thread &rArr; _list_thread &rArr; rt_kprintf &rArr; rt_device_write &rArr;  rt_kprintf (Cycle)
</UL>
<BR>[Calls]<UL><LI><a href="#[17e]">&gt;&gt;</a>&nbsp;&nbsp;&nbsp;vsa_add_event_queue
<LI><a href="#[180]">&gt;&gt;</a>&nbsp;&nbsp;&nbsp;__aeabi_memcpy4
</UL>
<BR>[Address Reference Count : 1]<UL><LI> cv_vsa.o(.text)
</UL>
<P><STRONG><a name="[182]"></a>vsa_gps_status_update</STRONG> (Thumb, 32 bytes, Stack size 16 bytes, cv_vsa.o(.text))
<BR><BR>[Stack]<UL><LI>Max Depth = 344<LI>Call Chain = vsa_gps_status_update &rArr; vsa_add_event_queue &rArr; rt_mq_send &rArr; rt_schedule &rArr; _rt_scheduler_stack_check &rArr; list_thread &rArr; _list_thread &rArr; rt_kprintf &rArr; rt_device_write &rArr;  rt_kprintf (Cycle)
</UL>
<BR>[Calls]<UL><LI><a href="#[17e]">&gt;&gt;</a>&nbsp;&nbsp;&nbsp;vsa_add_event_queue
</UL>
<BR>[Address Reference Count : 1]<UL><LI> cv_vsa.o(.text)
</UL>
<P><STRONG><a name="[183]"></a>vsa_start</STRONG> (Thumb, 34 bytes, Stack size 8 bytes, cv_vsa.o(.text))
<BR><BR>[Stack]<UL><LI>Max Depth = 8<LI>Call Chain = vsa_start
</UL>
<BR>[Calls]<UL><LI><a href="#[184]">&gt;&gt;</a>&nbsp;&nbsp;&nbsp;vam_set_event_handler
</UL>
<BR>[Called By]<UL><LI><a href="#[1f0]">&gt;&gt;</a>&nbsp;&nbsp;&nbsp;sys_manage_proc
</UL>

<P><STRONG><a name="[18d]"></a>rt_vsa_thread_entry</STRONG> (Thumb, 84 bytes, Stack size 16 bytes, cv_vsa.o(.text))
<BR><BR>[Stack]<UL><LI>Max Depth = 368<LI>Call Chain = rt_vsa_thread_entry &rArr; vsa_default_proc &rArr; sys_add_event_queue &rArr; rt_mq_send &rArr; rt_schedule &rArr; _rt_scheduler_stack_check &rArr; list_thread &rArr; _list_thread &rArr; rt_kprintf &rArr; rt_device_write &rArr;  rt_kprintf (Cycle)
</UL>
<BR>[Calls]<UL><LI><a href="#[129]">&gt;&gt;</a>&nbsp;&nbsp;&nbsp;rt_mq_recv
<LI><a href="#[146]">&gt;&gt;</a>&nbsp;&nbsp;&nbsp;rt_kprintf
<LI><a href="#[18c]">&gt;&gt;</a>&nbsp;&nbsp;&nbsp;vsa_default_proc
</UL>
<BR>[Address Reference Count : 1]<UL><LI> cv_vsa.o(.text)
</UL>
<P><STRONG><a name="[18e]"></a>vsa_init</STRONG> (Thumb, 336 bytes, Stack size 16 bytes, cv_vsa.o(.text))
<BR><BR>[Stack]<UL><LI>Max Depth = 432<LI>Call Chain = vsa_init &rArr; rt_thread_create &rArr; rt_object_allocate &rArr; rt_malloc &rArr; rt_sem_take &rArr; rt_schedule &rArr; _rt_scheduler_stack_check &rArr; list_thread &rArr; _list_thread &rArr; rt_kprintf &rArr; rt_device_write &rArr;  rt_kprintf (Cycle)
</UL>
<BR>[Calls]<UL><LI><a href="#[156]">&gt;&gt;</a>&nbsp;&nbsp;&nbsp;rt_thread_startup
<LI><a href="#[158]">&gt;&gt;</a>&nbsp;&nbsp;&nbsp;rt_thread_create
<LI><a href="#[125]">&gt;&gt;</a>&nbsp;&nbsp;&nbsp;rt_mq_create
<LI><a href="#[146]">&gt;&gt;</a>&nbsp;&nbsp;&nbsp;rt_kprintf
<LI><a href="#[18f]">&gt;&gt;</a>&nbsp;&nbsp;&nbsp;__aeabi_memclr4
</UL>
<BR>[Called By]<UL><LI><a href="#[1e5]">&gt;&gt;</a>&nbsp;&nbsp;&nbsp;rt_init_thread_entry
</UL>

<P><STRONG><a name="[190]"></a>vsa_deinit</STRONG> (Thumb, 10 bytes, Stack size 8 bytes, cv_vsa.o(.text), UNUSED)
<BR><BR>[Calls]<UL><LI><a href="#[146]">&gt;&gt;</a>&nbsp;&nbsp;&nbsp;rt_kprintf
</UL>

<P><STRONG><a name="[191]"></a>vam_main_proc</STRONG> (Thumb, 154 bytes, Stack size 16 bytes, cv_vam_main.o(.text))
<BR><BR>[Stack]<UL><LI>Max Depth = 496<LI>Call Chain = vam_main_proc &rArr; lip_gps_proc &rArr; nmea_parse &rArr; nmea_rmc_lon &rArr; __hardfp_atof &rArr; __strtod_int &rArr; _local_sscanf &rArr; _scanf_real
</UL>
<BR>[Calls]<UL><LI><a href="#[193]">&gt;&gt;</a>&nbsp;&nbsp;&nbsp;vsm_stop_bsm_broadcast
<LI><a href="#[192]">&gt;&gt;</a>&nbsp;&nbsp;&nbsp;vsm_start_bsm_broadcast
<LI><a href="#[196]">&gt;&gt;</a>&nbsp;&nbsp;&nbsp;vam_update_sta
<LI><a href="#[166]">&gt;&gt;</a>&nbsp;&nbsp;&nbsp;rt_timer_stop
<LI><a href="#[165]">&gt;&gt;</a>&nbsp;&nbsp;&nbsp;rt_timer_start
<LI><a href="#[194]">&gt;&gt;</a>&nbsp;&nbsp;&nbsp;rcp_send_bsm
<LI><a href="#[195]">&gt;&gt;</a>&nbsp;&nbsp;&nbsp;rcp_parse_msg
<LI><a href="#[197]">&gt;&gt;</a>&nbsp;&nbsp;&nbsp;lip_gps_proc
<LI><a href="#[146]">&gt;&gt;</a>&nbsp;&nbsp;&nbsp;rt_kprintf
</UL>
<BR>[Called By]<UL><LI><a href="#[198]">&gt;&gt;</a>&nbsp;&nbsp;&nbsp;rt_vam_thread_entry
</UL>

<P><STRONG><a name="[198]"></a>rt_vam_thread_entry</STRONG> (Thumb, 60 bytes, Stack size 16 bytes, cv_vam_main.o(.text))
<BR><BR>[Stack]<UL><LI>Max Depth = 512<LI>Call Chain = rt_vam_thread_entry &rArr; vam_main_proc &rArr; lip_gps_proc &rArr; nmea_parse &rArr; nmea_rmc_lon &rArr; __hardfp_atof &rArr; __strtod_int &rArr; _local_sscanf &rArr; _scanf_real
</UL>
<BR>[Calls]<UL><LI><a href="#[191]">&gt;&gt;</a>&nbsp;&nbsp;&nbsp;vam_main_proc
<LI><a href="#[129]">&gt;&gt;</a>&nbsp;&nbsp;&nbsp;rt_mq_recv
<LI><a href="#[146]">&gt;&gt;</a>&nbsp;&nbsp;&nbsp;rt_kprintf
</UL>
<BR>[Address Reference Count : 1]<UL><LI> cv_vam_main.o(.text)
</UL>
<P><STRONG><a name="[199]"></a>vam_add_event_queue</STRONG> (Thumb, 68 bytes, Stack size 40 bytes, cv_vam_main.o(.text))
<BR><BR>[Stack]<UL><LI>Max Depth = 328<LI>Call Chain = vam_add_event_queue &rArr; rt_mq_send &rArr; rt_schedule &rArr; _rt_scheduler_stack_check &rArr; list_thread &rArr; _list_thread &rArr; rt_kprintf &rArr; rt_device_write &rArr;  rt_kprintf (Cycle)
</UL>
<BR>[Calls]<UL><LI><a href="#[127]">&gt;&gt;</a>&nbsp;&nbsp;&nbsp;rt_mq_send
<LI><a href="#[146]">&gt;&gt;</a>&nbsp;&nbsp;&nbsp;rt_kprintf
</UL>
<BR>[Called By]<UL><LI><a href="#[1cc]">&gt;&gt;</a>&nbsp;&nbsp;&nbsp;vam_rcp_recv
<LI><a href="#[dd]">&gt;&gt;</a>&nbsp;&nbsp;&nbsp;vam_start
<LI><a href="#[63]">&gt;&gt;</a>&nbsp;&nbsp;&nbsp;timer_send_bsm_callback
<LI><a href="#[66]">&gt;&gt;</a>&nbsp;&nbsp;&nbsp;timer_neigh_time_callback
</UL>

<P><STRONG><a name="[19a]"></a>vam_add_event_queue_2</STRONG> (Thumb, 38 bytes, Stack size 16 bytes, cv_vam_main.o(.text))
<BR><BR>[Stack]<UL><LI>Max Depth = 304<LI>Call Chain = vam_add_event_queue_2 &rArr; rt_mq_send &rArr; rt_schedule &rArr; _rt_scheduler_stack_check &rArr; list_thread &rArr; _list_thread &rArr; rt_kprintf &rArr; rt_device_write &rArr;  rt_kprintf (Cycle)
</UL>
<BR>[Calls]<UL><LI><a href="#[127]">&gt;&gt;</a>&nbsp;&nbsp;&nbsp;rt_mq_send
<LI><a href="#[146]">&gt;&gt;</a>&nbsp;&nbsp;&nbsp;rt_kprintf
</UL>
<BR>[Called By]<UL><LI><a href="#[1fb]">&gt;&gt;</a>&nbsp;&nbsp;&nbsp;gps_read_data
</UL>

<P><STRONG><a name="[19b]"></a>vam_init</STRONG> (Thumb, 522 bytes, Stack size 24 bytes, cv_vam_main.o(.text))
<BR><BR>[Stack]<UL><LI>Max Depth = 440<LI>Call Chain = vam_init &rArr; rt_thread_create &rArr; rt_object_allocate &rArr; rt_malloc &rArr; rt_sem_take &rArr; rt_schedule &rArr; _rt_scheduler_stack_check &rArr; list_thread &rArr; _list_thread &rArr; rt_kprintf &rArr; rt_device_write &rArr;  rt_kprintf (Cycle)
</UL>
<BR>[Calls]<UL><LI><a href="#[163]">&gt;&gt;</a>&nbsp;&nbsp;&nbsp;rt_timer_create
<LI><a href="#[107]">&gt;&gt;</a>&nbsp;&nbsp;&nbsp;rt_sem_create
<LI><a href="#[156]">&gt;&gt;</a>&nbsp;&nbsp;&nbsp;rt_thread_startup
<LI><a href="#[158]">&gt;&gt;</a>&nbsp;&nbsp;&nbsp;rt_thread_create
<LI><a href="#[125]">&gt;&gt;</a>&nbsp;&nbsp;&nbsp;rt_mq_create
<LI><a href="#[146]">&gt;&gt;</a>&nbsp;&nbsp;&nbsp;rt_kprintf
<LI><a href="#[18f]">&gt;&gt;</a>&nbsp;&nbsp;&nbsp;__aeabi_memclr4
</UL>
<BR>[Called By]<UL><LI><a href="#[1e5]">&gt;&gt;</a>&nbsp;&nbsp;&nbsp;rt_init_thread_entry
</UL>

<P><STRONG><a name="[19c]"></a>vam_deinit</STRONG> (Thumb, 10 bytes, Stack size 8 bytes, cv_vam_main.o(.text), UNUSED)
<BR><BR>[Calls]<UL><LI><a href="#[146]">&gt;&gt;</a>&nbsp;&nbsp;&nbsp;rt_kprintf
</UL>

<P><STRONG><a name="[19d]"></a>dump_pos</STRONG> (Thumb, 788 bytes, Stack size 88 bytes, cv_vam_main.o(.text), UNUSED)
<BR><BR>[Calls]<UL><LI><a href="#[19e]">&gt;&gt;</a>&nbsp;&nbsp;&nbsp;__aeabi_f2d
<LI><a href="#[146]">&gt;&gt;</a>&nbsp;&nbsp;&nbsp;rt_kprintf
<LI><a href="#[19f]">&gt;&gt;</a>&nbsp;&nbsp;&nbsp;__2sprintf
</UL>

<P><STRONG><a name="[1a0]"></a>dump</STRONG> (Thumb, 52 bytes, Stack size 16 bytes, cv_vam_main.o(.text), UNUSED)
<BR><BR>[Calls]<UL><LI><a href="#[146]">&gt;&gt;</a>&nbsp;&nbsp;&nbsp;rt_kprintf
</UL>

<P><STRONG><a name="[dd]"></a>vam_start</STRONG> (Thumb, 34 bytes, Stack size 8 bytes, cv_vam_api.o(.text))
<BR><BR>[Stack]<UL><LI>Max Depth = 336<LI>Call Chain = vam_start &rArr; vam_add_event_queue &rArr; rt_mq_send &rArr; rt_schedule &rArr; _rt_scheduler_stack_check &rArr; list_thread &rArr; _list_thread &rArr; rt_kprintf &rArr; rt_device_write &rArr;  rt_kprintf (Cycle)
</UL>
<BR>[Calls]<UL><LI><a href="#[199]">&gt;&gt;</a>&nbsp;&nbsp;&nbsp;vam_add_event_queue
<LI><a href="#[146]">&gt;&gt;</a>&nbsp;&nbsp;&nbsp;rt_kprintf
</UL>
<BR>[Called By]<UL><LI><a href="#[1f0]">&gt;&gt;</a>&nbsp;&nbsp;&nbsp;sys_manage_proc
</UL>
<BR>[Address Reference Count : 1]<UL><LI> cv_vam_api.o(FSymTab)
</UL>
<P><STRONG><a name="[de]"></a>vam_stop</STRONG> (Thumb, 14 bytes, Stack size 8 bytes, cv_vam_api.o(.text))
<BR><BR>[Stack]<UL><LI>Max Depth = 184<LI>Call Chain = vam_stop &rArr; rt_kprintf &rArr; rt_device_write &rArr;  rt_kprintf (Cycle)
</UL>
<BR>[Calls]<UL><LI><a href="#[146]">&gt;&gt;</a>&nbsp;&nbsp;&nbsp;rt_kprintf
</UL>
<BR>[Address Reference Count : 1]<UL><LI> cv_vam_api.o(FSymTab)
</UL>
<P><STRONG><a name="[4ce]"></a>vam_get_config</STRONG> (Thumb, 6 bytes, Stack size 0 bytes, cv_vam_api.o(.text), UNUSED)

<P><STRONG><a name="[4cf]"></a>vam_set_config</STRONG> (Thumb, 6 bytes, Stack size 0 bytes, cv_vam_api.o(.text), UNUSED)

<P><STRONG><a name="[184]"></a>vam_set_event_handler</STRONG> (Thumb, 30 bytes, Stack size 0 bytes, cv_vam_api.o(.text))
<BR><BR>[Called By]<UL><LI><a href="#[183]">&gt;&gt;</a>&nbsp;&nbsp;&nbsp;vsa_start
</UL>

<P><STRONG><a name="[4d0]"></a>vam_get_local_status</STRONG> (Thumb, 6 bytes, Stack size 0 bytes, cv_vam_api.o(.text), UNUSED)

<P><STRONG><a name="[4d1]"></a>vam_set_local_status</STRONG> (Thumb, 6 bytes, Stack size 0 bytes, cv_vam_api.o(.text), UNUSED)

<P><STRONG><a name="[4d2]"></a>vam_get_peerlist</STRONG> (Thumb, 6 bytes, Stack size 0 bytes, cv_vam_api.o(.text), UNUSED)

<P><STRONG><a name="[4d3]"></a>vam_get_peer_status</STRONG> (Thumb, 6 bytes, Stack size 0 bytes, cv_vam_api.o(.text), UNUSED)

<P><STRONG><a name="[186]"></a>vam_get_peer_relative_pos</STRONG> (Thumb, 132 bytes, Stack size 72 bytes, cv_vam_api.o(.text))
<BR><BR>[Stack]<UL><LI>Max Depth = 688<LI>Call Chain = vam_get_peer_relative_pos &rArr; vsm_get_relative_pos &rArr; getDistanceVer2 &rArr; __hardfp_sin &rArr; __ieee754_rem_pio2 &rArr; __aeabi_dsub &rArr; __aeabi_dadd &rArr; _double_epilogue &rArr; _double_round
</UL>
<BR>[Calls]<UL><LI><a href="#[1a1]">&gt;&gt;</a>&nbsp;&nbsp;&nbsp;vsm_get_relative_pos
<LI><a href="#[1a2]">&gt;&gt;</a>&nbsp;&nbsp;&nbsp;__aeabi_d2iz
<LI><a href="#[109]">&gt;&gt;</a>&nbsp;&nbsp;&nbsp;rt_sem_take
<LI><a href="#[10b]">&gt;&gt;</a>&nbsp;&nbsp;&nbsp;rt_sem_release
<LI><a href="#[18a]">&gt;&gt;</a>&nbsp;&nbsp;&nbsp;memcmp
<LI><a href="#[180]">&gt;&gt;</a>&nbsp;&nbsp;&nbsp;__aeabi_memcpy4
</UL>
<BR>[Called By]<UL><LI><a href="#[185]">&gt;&gt;</a>&nbsp;&nbsp;&nbsp;crd_judge
</UL>

<P><STRONG><a name="[187]"></a>vam_get_peer_relative_dir</STRONG> (Thumb, 180 bytes, Stack size 80 bytes, cv_vam_api.o(.text))
<BR><BR>[Stack]<UL><LI>Max Depth = 376<LI>Call Chain = vam_get_peer_relative_dir &rArr; rt_sem_take &rArr; rt_schedule &rArr; _rt_scheduler_stack_check &rArr; list_thread &rArr; _list_thread &rArr; rt_kprintf &rArr; rt_device_write &rArr;  rt_kprintf (Cycle)
</UL>
<BR>[Calls]<UL><LI><a href="#[1a3]">&gt;&gt;</a>&nbsp;&nbsp;&nbsp;vsm_get_relative_dir
<LI><a href="#[1a2]">&gt;&gt;</a>&nbsp;&nbsp;&nbsp;__aeabi_d2iz
<LI><a href="#[109]">&gt;&gt;</a>&nbsp;&nbsp;&nbsp;rt_sem_take
<LI><a href="#[10b]">&gt;&gt;</a>&nbsp;&nbsp;&nbsp;rt_sem_release
<LI><a href="#[18a]">&gt;&gt;</a>&nbsp;&nbsp;&nbsp;memcmp
<LI><a href="#[180]">&gt;&gt;</a>&nbsp;&nbsp;&nbsp;__aeabi_memcpy4
</UL>
<BR>[Called By]<UL><LI><a href="#[185]">&gt;&gt;</a>&nbsp;&nbsp;&nbsp;crd_judge
</UL>

<P><STRONG><a name="[4d4]"></a>vam_get_peer_relative_speed</STRONG> (Thumb, 6 bytes, Stack size 0 bytes, cv_vam_api.o(.text), UNUSED)

<P><STRONG><a name="[4d5]"></a>vam_get_peer_absolute_speed</STRONG> (Thumb, 6 bytes, Stack size 0 bytes, cv_vam_api.o(.text), UNUSED)

<P><STRONG><a name="[4d6]"></a>vam_active_alert</STRONG> (Thumb, 6 bytes, Stack size 0 bytes, cv_vam_api.o(.text), UNUSED)

<P><STRONG><a name="[4d7]"></a>vam_cancel_alert</STRONG> (Thumb, 6 bytes, Stack size 0 bytes, cv_vam_api.o(.text), UNUSED)

<P><STRONG><a name="[197]"></a>lip_gps_proc</STRONG> (Thumb, 18 bytes, Stack size 16 bytes, cv_vam_lip.o(.text))
<BR><BR>[Stack]<UL><LI>Max Depth = 480<LI>Call Chain = lip_gps_proc &rArr; nmea_parse &rArr; nmea_rmc_lon &rArr; __hardfp_atof &rArr; __strtod_int &rArr; _local_sscanf &rArr; _scanf_real
</UL>
<BR>[Calls]<UL><LI><a href="#[1a4]">&gt;&gt;</a>&nbsp;&nbsp;&nbsp;nmea_parse
</UL>
<BR>[Called By]<UL><LI><a href="#[191]">&gt;&gt;</a>&nbsp;&nbsp;&nbsp;vam_main_proc
</UL>

<P><STRONG><a name="[1a5]"></a>lip_update_local</STRONG> (Thumb, 186 bytes, Stack size 16 bytes, cv_vam_lip.o(.text))
<BR><BR>[Stack]<UL><LI>Max Depth = 224<LI>Call Chain = lip_update_local &rArr; rt_timer_start &rArr; rt_kprintf &rArr; rt_device_write &rArr;  rt_kprintf (Cycle)
</UL>
<BR>[Calls]<UL><LI><a href="#[1a6]">&gt;&gt;</a>&nbsp;&nbsp;&nbsp;__aeabi_d2f
<LI><a href="#[166]">&gt;&gt;</a>&nbsp;&nbsp;&nbsp;rt_timer_stop
<LI><a href="#[165]">&gt;&gt;</a>&nbsp;&nbsp;&nbsp;rt_timer_start
<LI><a href="#[146]">&gt;&gt;</a>&nbsp;&nbsp;&nbsp;rt_kprintf
</UL>
<BR>[Called By]<UL><LI><a href="#[1a4]">&gt;&gt;</a>&nbsp;&nbsp;&nbsp;nmea_parse
</UL>

<P><STRONG><a name="[1a7]"></a>nmea_init</STRONG> (Thumb, 24 bytes, Stack size 8 bytes, cv_vam_lip_nmea.o(.text))
<BR><BR>[Stack]<UL><LI>Max Depth = 208<LI>Call Chain = nmea_init &rArr; rt_mutex_init &rArr; rt_kprintf &rArr; rt_device_write &rArr;  rt_kprintf (Cycle)
</UL>
<BR>[Calls]<UL><LI><a href="#[10d]">&gt;&gt;</a>&nbsp;&nbsp;&nbsp;rt_mutex_init
<LI><a href="#[18f]">&gt;&gt;</a>&nbsp;&nbsp;&nbsp;__aeabi_memclr4
</UL>
<BR>[Called By]<UL><LI><a href="#[1e5]">&gt;&gt;</a>&nbsp;&nbsp;&nbsp;rt_init_thread_entry
</UL>

<P><STRONG><a name="[1a8]"></a>nmea_add</STRONG> (Thumb, 90 bytes, Stack size 8 bytes, cv_vam_lip_nmea.o(.text), UNUSED)
<BR><BR>[Calls]<UL><LI><a href="#[111]">&gt;&gt;</a>&nbsp;&nbsp;&nbsp;rt_mutex_take
<LI><a href="#[112]">&gt;&gt;</a>&nbsp;&nbsp;&nbsp;rt_mutex_release
<LI><a href="#[180]">&gt;&gt;</a>&nbsp;&nbsp;&nbsp;__aeabi_memcpy4
</UL>

<P><STRONG><a name="[1a9]"></a>nmea_get</STRONG> (Thumb, 62 bytes, Stack size 16 bytes, cv_vam_lip_nmea.o(.text), UNUSED)
<BR><BR>[Calls]<UL><LI><a href="#[111]">&gt;&gt;</a>&nbsp;&nbsp;&nbsp;rt_mutex_take
<LI><a href="#[112]">&gt;&gt;</a>&nbsp;&nbsp;&nbsp;rt_mutex_release
<LI><a href="#[180]">&gt;&gt;</a>&nbsp;&nbsp;&nbsp;__aeabi_memcpy4
</UL>

<P><STRONG><a name="[1aa]"></a>nmea_rmc_time</STRONG> (Thumb, 90 bytes, Stack size 24 bytes, cv_vam_lip_nmea.o(.text))
<BR><BR>[Stack]<UL><LI>Max Depth = 112<LI>Call Chain = nmea_rmc_time &rArr; atoi &rArr; strtol &rArr; _strtoul
</UL>
<BR>[Calls]<UL><LI><a href="#[1ab]">&gt;&gt;</a>&nbsp;&nbsp;&nbsp;atoi
</UL>
<BR>[Called By]<UL><LI><a href="#[1a4]">&gt;&gt;</a>&nbsp;&nbsp;&nbsp;nmea_parse
</UL>

<P><STRONG><a name="[1ac]"></a>nmea_rmc_date</STRONG> (Thumb, 94 bytes, Stack size 24 bytes, cv_vam_lip_nmea.o(.text))
<BR><BR>[Stack]<UL><LI>Max Depth = 112<LI>Call Chain = nmea_rmc_date &rArr; atoi &rArr; strtol &rArr; _strtoul
</UL>
<BR>[Calls]<UL><LI><a href="#[1ab]">&gt;&gt;</a>&nbsp;&nbsp;&nbsp;atoi
</UL>
<BR>[Called By]<UL><LI><a href="#[1a4]">&gt;&gt;</a>&nbsp;&nbsp;&nbsp;nmea_parse
</UL>

<P><STRONG><a name="[1ad]"></a>nmea_rmc_lat</STRONG> (Thumb, 264 bytes, Stack size 56 bytes, cv_vam_lip_nmea.o(.text))
<BR><BR>[Stack]<UL><LI>Max Depth = 280<LI>Call Chain = nmea_rmc_lat &rArr; __hardfp_atof &rArr; __strtod_int &rArr; _local_sscanf &rArr; _scanf_real
</UL>
<BR>[Calls]<UL><LI><a href="#[1ae]">&gt;&gt;</a>&nbsp;&nbsp;&nbsp;__aeabi_i2d
<LI><a href="#[1b3]">&gt;&gt;</a>&nbsp;&nbsp;&nbsp;__aeabi_dmul
<LI><a href="#[1b1]">&gt;&gt;</a>&nbsp;&nbsp;&nbsp;__aeabi_ddiv
<LI><a href="#[1b2]">&gt;&gt;</a>&nbsp;&nbsp;&nbsp;__aeabi_dadd
<LI><a href="#[1af]">&gt;&gt;</a>&nbsp;&nbsp;&nbsp;__rt_ctype_table
<LI><a href="#[1b0]">&gt;&gt;</a>&nbsp;&nbsp;&nbsp;__hardfp_atof
<LI><a href="#[1ab]">&gt;&gt;</a>&nbsp;&nbsp;&nbsp;atoi
</UL>
<BR>[Called By]<UL><LI><a href="#[1a4]">&gt;&gt;</a>&nbsp;&nbsp;&nbsp;nmea_parse
</UL>

<P><STRONG><a name="[1b4]"></a>nmea_rmc_lon</STRONG> (Thumb, 270 bytes, Stack size 56 bytes, cv_vam_lip_nmea.o(.text))
<BR><BR>[Stack]<UL><LI>Max Depth = 280<LI>Call Chain = nmea_rmc_lon &rArr; __hardfp_atof &rArr; __strtod_int &rArr; _local_sscanf &rArr; _scanf_real
</UL>
<BR>[Calls]<UL><LI><a href="#[1ae]">&gt;&gt;</a>&nbsp;&nbsp;&nbsp;__aeabi_i2d
<LI><a href="#[1b3]">&gt;&gt;</a>&nbsp;&nbsp;&nbsp;__aeabi_dmul
<LI><a href="#[1b1]">&gt;&gt;</a>&nbsp;&nbsp;&nbsp;__aeabi_ddiv
<LI><a href="#[1b2]">&gt;&gt;</a>&nbsp;&nbsp;&nbsp;__aeabi_dadd
<LI><a href="#[1af]">&gt;&gt;</a>&nbsp;&nbsp;&nbsp;__rt_ctype_table
<LI><a href="#[1b0]">&gt;&gt;</a>&nbsp;&nbsp;&nbsp;__hardfp_atof
<LI><a href="#[1ab]">&gt;&gt;</a>&nbsp;&nbsp;&nbsp;atoi
</UL>
<BR>[Called By]<UL><LI><a href="#[1a4]">&gt;&gt;</a>&nbsp;&nbsp;&nbsp;nmea_parse
</UL>

<P><STRONG><a name="[1a4]"></a>nmea_parse</STRONG> (Thumb, 1182 bytes, Stack size 184 bytes, cv_vam_lip_nmea.o(.text))
<BR><BR>[Stack]<UL><LI>Max Depth = 464<LI>Call Chain = nmea_parse &rArr; nmea_rmc_lon &rArr; __hardfp_atof &rArr; __strtod_int &rArr; _local_sscanf &rArr; _scanf_real
</UL>
<BR>[Calls]<UL><LI><a href="#[1b3]">&gt;&gt;</a>&nbsp;&nbsp;&nbsp;__aeabi_dmul
<LI><a href="#[1b4]">&gt;&gt;</a>&nbsp;&nbsp;&nbsp;nmea_rmc_lon
<LI><a href="#[1ad]">&gt;&gt;</a>&nbsp;&nbsp;&nbsp;nmea_rmc_lat
<LI><a href="#[1ac]">&gt;&gt;</a>&nbsp;&nbsp;&nbsp;nmea_rmc_date
<LI><a href="#[1aa]">&gt;&gt;</a>&nbsp;&nbsp;&nbsp;nmea_rmc_time
<LI><a href="#[1a6]">&gt;&gt;</a>&nbsp;&nbsp;&nbsp;__aeabi_d2f
<LI><a href="#[1a5]">&gt;&gt;</a>&nbsp;&nbsp;&nbsp;lip_update_local
<LI><a href="#[1af]">&gt;&gt;</a>&nbsp;&nbsp;&nbsp;__rt_ctype_table
<LI><a href="#[1b0]">&gt;&gt;</a>&nbsp;&nbsp;&nbsp;__hardfp_atof
<LI><a href="#[1ab]">&gt;&gt;</a>&nbsp;&nbsp;&nbsp;atoi
<LI><a href="#[18a]">&gt;&gt;</a>&nbsp;&nbsp;&nbsp;memcmp
<LI><a href="#[1b5]">&gt;&gt;</a>&nbsp;&nbsp;&nbsp;strchr
<LI><a href="#[1b6]">&gt;&gt;</a>&nbsp;&nbsp;&nbsp;__aeabi_memcpy
</UL>
<BR>[Called By]<UL><LI><a href="#[197]">&gt;&gt;</a>&nbsp;&nbsp;&nbsp;lip_gps_proc
</UL>

<P><STRONG><a name="[1bb]"></a>cv_ntohs</STRONG> (Thumb, 30 bytes, Stack size 12 bytes, cv_vam_rcp.o(.text))
<BR><BR>[Stack]<UL><LI>Max Depth = 12<LI>Call Chain = cv_ntohs
</UL>
<BR>[Called By]<UL><LI><a href="#[1c8]">&gt;&gt;</a>&nbsp;&nbsp;&nbsp;decode_acce_vert
<LI><a href="#[1c7]">&gt;&gt;</a>&nbsp;&nbsp;&nbsp;encode_acce_vert
<LI><a href="#[1c6]">&gt;&gt;</a>&nbsp;&nbsp;&nbsp;decode_acce_lat
<LI><a href="#[1c5]">&gt;&gt;</a>&nbsp;&nbsp;&nbsp;encode_acce_lat
<LI><a href="#[1c4]">&gt;&gt;</a>&nbsp;&nbsp;&nbsp;decode_acce_lon
<LI><a href="#[1c3]">&gt;&gt;</a>&nbsp;&nbsp;&nbsp;encode_acce_lon
<LI><a href="#[1c1]">&gt;&gt;</a>&nbsp;&nbsp;&nbsp;decode_heading
<LI><a href="#[1bf]">&gt;&gt;</a>&nbsp;&nbsp;&nbsp;encode_heading
<LI><a href="#[1be]">&gt;&gt;</a>&nbsp;&nbsp;&nbsp;decode_speed
<LI><a href="#[1bd]">&gt;&gt;</a>&nbsp;&nbsp;&nbsp;encode_speed
<LI><a href="#[1bc]">&gt;&gt;</a>&nbsp;&nbsp;&nbsp;decode_elevation
<LI><a href="#[1ba]">&gt;&gt;</a>&nbsp;&nbsp;&nbsp;encode_elevation
</UL>

<P><STRONG><a name="[1b8]"></a>cv_ntohl</STRONG> (Thumb, 44 bytes, Stack size 12 bytes, cv_vam_rcp.o(.text))
<BR><BR>[Stack]<UL><LI>Max Depth = 12<LI>Call Chain = cv_ntohl
</UL>
<BR>[Called By]<UL><LI><a href="#[1b9]">&gt;&gt;</a>&nbsp;&nbsp;&nbsp;decode_longtitude
<LI><a href="#[1b7]">&gt;&gt;</a>&nbsp;&nbsp;&nbsp;encode_longtitude
</UL>

<P><STRONG><a name="[4d8]"></a>cv_ntohf</STRONG> (Thumb, 50 bytes, Stack size 12 bytes, cv_vam_rcp.o(.text), UNUSED)

<P><STRONG><a name="[1b7]"></a>encode_longtitude</STRONG> (Thumb, 26 bytes, Stack size 8 bytes, cv_vam_rcp.o(.text))
<BR><BR>[Stack]<UL><LI>Max Depth = 20<LI>Call Chain = encode_longtitude &rArr; cv_ntohl
</UL>
<BR>[Calls]<UL><LI><a href="#[1b8]">&gt;&gt;</a>&nbsp;&nbsp;&nbsp;cv_ntohl
</UL>
<BR>[Called By]<UL><LI><a href="#[e3]">&gt;&gt;</a>&nbsp;&nbsp;&nbsp;tb3
<LI><a href="#[e1]">&gt;&gt;</a>&nbsp;&nbsp;&nbsp;tb2
<LI><a href="#[df]">&gt;&gt;</a>&nbsp;&nbsp;&nbsp;test_bsm
<LI><a href="#[194]">&gt;&gt;</a>&nbsp;&nbsp;&nbsp;rcp_send_bsm
</UL>

<P><STRONG><a name="[1b9]"></a>decode_longtitude</STRONG> (Thumb, 32 bytes, Stack size 8 bytes, cv_vam_rcp.o(.text))
<BR><BR>[Stack]<UL><LI>Max Depth = 20<LI>Call Chain = decode_longtitude &rArr; cv_ntohl
</UL>
<BR>[Calls]<UL><LI><a href="#[1b8]">&gt;&gt;</a>&nbsp;&nbsp;&nbsp;cv_ntohl
</UL>
<BR>[Called By]<UL><LI><a href="#[1c9]">&gt;&gt;</a>&nbsp;&nbsp;&nbsp;rcp_parse_bsm
</UL>

<P><STRONG><a name="[1ba]"></a>encode_elevation</STRONG> (Thumb, 18 bytes, Stack size 4 bytes, cv_vam_rcp.o(.text))
<BR><BR>[Stack]<UL><LI>Max Depth = 16<LI>Call Chain = encode_elevation &rArr; cv_ntohs
</UL>
<BR>[Calls]<UL><LI><a href="#[1bb]">&gt;&gt;</a>&nbsp;&nbsp;&nbsp;cv_ntohs
</UL>
<BR>[Called By]<UL><LI><a href="#[e3]">&gt;&gt;</a>&nbsp;&nbsp;&nbsp;tb3
<LI><a href="#[e1]">&gt;&gt;</a>&nbsp;&nbsp;&nbsp;tb2
<LI><a href="#[df]">&gt;&gt;</a>&nbsp;&nbsp;&nbsp;test_bsm
<LI><a href="#[194]">&gt;&gt;</a>&nbsp;&nbsp;&nbsp;rcp_send_bsm
</UL>

<P><STRONG><a name="[1bc]"></a>decode_elevation</STRONG> (Thumb, 20 bytes, Stack size 8 bytes, cv_vam_rcp.o(.text))
<BR><BR>[Stack]<UL><LI>Max Depth = 20<LI>Call Chain = decode_elevation &rArr; cv_ntohs
</UL>
<BR>[Calls]<UL><LI><a href="#[1bb]">&gt;&gt;</a>&nbsp;&nbsp;&nbsp;cv_ntohs
</UL>
<BR>[Called By]<UL><LI><a href="#[1c9]">&gt;&gt;</a>&nbsp;&nbsp;&nbsp;rcp_parse_bsm
</UL>

<P><STRONG><a name="[1bd]"></a>encode_speed</STRONG> (Thumb, 36 bytes, Stack size 8 bytes, cv_vam_rcp.o(.text))
<BR><BR>[Stack]<UL><LI>Max Depth = 20<LI>Call Chain = encode_speed &rArr; cv_ntohs
</UL>
<BR>[Calls]<UL><LI><a href="#[1bb]">&gt;&gt;</a>&nbsp;&nbsp;&nbsp;cv_ntohs
</UL>
<BR>[Called By]<UL><LI><a href="#[e3]">&gt;&gt;</a>&nbsp;&nbsp;&nbsp;tb3
<LI><a href="#[e1]">&gt;&gt;</a>&nbsp;&nbsp;&nbsp;tb2
<LI><a href="#[df]">&gt;&gt;</a>&nbsp;&nbsp;&nbsp;test_bsm
<LI><a href="#[194]">&gt;&gt;</a>&nbsp;&nbsp;&nbsp;rcp_send_bsm
</UL>

<P><STRONG><a name="[1be]"></a>decode_speed</STRONG> (Thumb, 38 bytes, Stack size 8 bytes, cv_vam_rcp.o(.text))
<BR><BR>[Stack]<UL><LI>Max Depth = 20<LI>Call Chain = decode_speed &rArr; cv_ntohs
</UL>
<BR>[Calls]<UL><LI><a href="#[1bb]">&gt;&gt;</a>&nbsp;&nbsp;&nbsp;cv_ntohs
</UL>
<BR>[Called By]<UL><LI><a href="#[1c9]">&gt;&gt;</a>&nbsp;&nbsp;&nbsp;rcp_parse_bsm
</UL>

<P><STRONG><a name="[1bf]"></a>encode_heading</STRONG> (Thumb, 62 bytes, Stack size 24 bytes, cv_vam_rcp.o(.text))
<BR><BR>[Stack]<UL><LI>Max Depth = 36<LI>Call Chain = encode_heading &rArr; cv_ntohs
</UL>
<BR>[Calls]<UL><LI><a href="#[1c0]">&gt;&gt;</a>&nbsp;&nbsp;&nbsp;__aeabi_d2uiz
<LI><a href="#[1bb]">&gt;&gt;</a>&nbsp;&nbsp;&nbsp;cv_ntohs
<LI><a href="#[19e]">&gt;&gt;</a>&nbsp;&nbsp;&nbsp;__aeabi_f2d
</UL>
<BR>[Called By]<UL><LI><a href="#[e3]">&gt;&gt;</a>&nbsp;&nbsp;&nbsp;tb3
<LI><a href="#[e1]">&gt;&gt;</a>&nbsp;&nbsp;&nbsp;tb2
<LI><a href="#[df]">&gt;&gt;</a>&nbsp;&nbsp;&nbsp;test_bsm
<LI><a href="#[194]">&gt;&gt;</a>&nbsp;&nbsp;&nbsp;rcp_send_bsm
</UL>

<P><STRONG><a name="[1c1]"></a>decode_heading</STRONG> (Thumb, 78 bytes, Stack size 32 bytes, cv_vam_rcp.o(.text))
<BR><BR>[Stack]<UL><LI>Max Depth = 88<LI>Call Chain = decode_heading &rArr; __aeabi_ui2d &rArr; _double_epilogue &rArr; _double_round
</UL>
<BR>[Calls]<UL><LI><a href="#[1c2]">&gt;&gt;</a>&nbsp;&nbsp;&nbsp;__aeabi_ui2d
<LI><a href="#[1bb]">&gt;&gt;</a>&nbsp;&nbsp;&nbsp;cv_ntohs
<LI><a href="#[1b1]">&gt;&gt;</a>&nbsp;&nbsp;&nbsp;__aeabi_ddiv
<LI><a href="#[1a6]">&gt;&gt;</a>&nbsp;&nbsp;&nbsp;__aeabi_d2f
</UL>
<BR>[Called By]<UL><LI><a href="#[1c9]">&gt;&gt;</a>&nbsp;&nbsp;&nbsp;rcp_parse_bsm
</UL>

<P><STRONG><a name="[1c3]"></a>encode_acce_lon</STRONG> (Thumb, 18 bytes, Stack size 4 bytes, cv_vam_rcp.o(.text))
<BR><BR>[Stack]<UL><LI>Max Depth = 16<LI>Call Chain = encode_acce_lon &rArr; cv_ntohs
</UL>
<BR>[Calls]<UL><LI><a href="#[1bb]">&gt;&gt;</a>&nbsp;&nbsp;&nbsp;cv_ntohs
</UL>
<BR>[Called By]<UL><LI><a href="#[e3]">&gt;&gt;</a>&nbsp;&nbsp;&nbsp;tb3
<LI><a href="#[e1]">&gt;&gt;</a>&nbsp;&nbsp;&nbsp;tb2
<LI><a href="#[df]">&gt;&gt;</a>&nbsp;&nbsp;&nbsp;test_bsm
<LI><a href="#[194]">&gt;&gt;</a>&nbsp;&nbsp;&nbsp;rcp_send_bsm
</UL>

<P><STRONG><a name="[1c4]"></a>decode_acce_lon</STRONG> (Thumb, 20 bytes, Stack size 8 bytes, cv_vam_rcp.o(.text))
<BR><BR>[Stack]<UL><LI>Max Depth = 20<LI>Call Chain = decode_acce_lon &rArr; cv_ntohs
</UL>
<BR>[Calls]<UL><LI><a href="#[1bb]">&gt;&gt;</a>&nbsp;&nbsp;&nbsp;cv_ntohs
</UL>
<BR>[Called By]<UL><LI><a href="#[1c9]">&gt;&gt;</a>&nbsp;&nbsp;&nbsp;rcp_parse_bsm
</UL>

<P><STRONG><a name="[1c5]"></a>encode_acce_lat</STRONG> (Thumb, 18 bytes, Stack size 4 bytes, cv_vam_rcp.o(.text))
<BR><BR>[Stack]<UL><LI>Max Depth = 16<LI>Call Chain = encode_acce_lat &rArr; cv_ntohs
</UL>
<BR>[Calls]<UL><LI><a href="#[1bb]">&gt;&gt;</a>&nbsp;&nbsp;&nbsp;cv_ntohs
</UL>
<BR>[Called By]<UL><LI><a href="#[e3]">&gt;&gt;</a>&nbsp;&nbsp;&nbsp;tb3
<LI><a href="#[e1]">&gt;&gt;</a>&nbsp;&nbsp;&nbsp;tb2
<LI><a href="#[df]">&gt;&gt;</a>&nbsp;&nbsp;&nbsp;test_bsm
<LI><a href="#[194]">&gt;&gt;</a>&nbsp;&nbsp;&nbsp;rcp_send_bsm
</UL>

<P><STRONG><a name="[1c6]"></a>decode_acce_lat</STRONG> (Thumb, 20 bytes, Stack size 8 bytes, cv_vam_rcp.o(.text))
<BR><BR>[Stack]<UL><LI>Max Depth = 20<LI>Call Chain = decode_acce_lat &rArr; cv_ntohs
</UL>
<BR>[Calls]<UL><LI><a href="#[1bb]">&gt;&gt;</a>&nbsp;&nbsp;&nbsp;cv_ntohs
</UL>
<BR>[Called By]<UL><LI><a href="#[1c9]">&gt;&gt;</a>&nbsp;&nbsp;&nbsp;rcp_parse_bsm
</UL>

<P><STRONG><a name="[1c7]"></a>encode_acce_vert</STRONG> (Thumb, 18 bytes, Stack size 4 bytes, cv_vam_rcp.o(.text))
<BR><BR>[Stack]<UL><LI>Max Depth = 16<LI>Call Chain = encode_acce_vert &rArr; cv_ntohs
</UL>
<BR>[Calls]<UL><LI><a href="#[1bb]">&gt;&gt;</a>&nbsp;&nbsp;&nbsp;cv_ntohs
</UL>
<BR>[Called By]<UL><LI><a href="#[e3]">&gt;&gt;</a>&nbsp;&nbsp;&nbsp;tb3
<LI><a href="#[e1]">&gt;&gt;</a>&nbsp;&nbsp;&nbsp;tb2
<LI><a href="#[df]">&gt;&gt;</a>&nbsp;&nbsp;&nbsp;test_bsm
<LI><a href="#[194]">&gt;&gt;</a>&nbsp;&nbsp;&nbsp;rcp_send_bsm
</UL>

<P><STRONG><a name="[1c8]"></a>decode_acce_vert</STRONG> (Thumb, 20 bytes, Stack size 8 bytes, cv_vam_rcp.o(.text))
<BR><BR>[Stack]<UL><LI>Max Depth = 20<LI>Call Chain = decode_acce_vert &rArr; cv_ntohs
</UL>
<BR>[Calls]<UL><LI><a href="#[1bb]">&gt;&gt;</a>&nbsp;&nbsp;&nbsp;cv_ntohs
</UL>
<BR>[Called By]<UL><LI><a href="#[1c9]">&gt;&gt;</a>&nbsp;&nbsp;&nbsp;rcp_parse_bsm
</UL>

<P><STRONG><a name="[1ce]"></a>encode_acce_yaw</STRONG> (Thumb, 12 bytes, Stack size 0 bytes, cv_vam_rcp.o(.text))
<BR><BR>[Called By]<UL><LI><a href="#[e3]">&gt;&gt;</a>&nbsp;&nbsp;&nbsp;tb3
<LI><a href="#[e1]">&gt;&gt;</a>&nbsp;&nbsp;&nbsp;tb2
<LI><a href="#[df]">&gt;&gt;</a>&nbsp;&nbsp;&nbsp;test_bsm
<LI><a href="#[194]">&gt;&gt;</a>&nbsp;&nbsp;&nbsp;rcp_send_bsm
</UL>

<P><STRONG><a name="[1cb]"></a>decode_acce_yaw</STRONG> (Thumb, 10 bytes, Stack size 0 bytes, cv_vam_rcp.o(.text))
<BR><BR>[Called By]<UL><LI><a href="#[1c9]">&gt;&gt;</a>&nbsp;&nbsp;&nbsp;rcp_parse_bsm
</UL>

<P><STRONG><a name="[1cd]"></a>rcp_get_system_time</STRONG> (Thumb, 4 bytes, Stack size 0 bytes, cv_vam_rcp.o(.text))
<BR><BR>[Called By]<UL><LI><a href="#[e3]">&gt;&gt;</a>&nbsp;&nbsp;&nbsp;tb3
<LI><a href="#[e1]">&gt;&gt;</a>&nbsp;&nbsp;&nbsp;tb2
<LI><a href="#[df]">&gt;&gt;</a>&nbsp;&nbsp;&nbsp;test_bsm
<LI><a href="#[194]">&gt;&gt;</a>&nbsp;&nbsp;&nbsp;rcp_send_bsm
</UL>

<P><STRONG><a name="[1c9]"></a>rcp_parse_bsm</STRONG> (Thumb, 180 bytes, Stack size 32 bytes, cv_vam_rcp.o(.text))
<BR><BR>[Stack]<UL><LI>Max Depth = 360<LI>Call Chain = rcp_parse_bsm &rArr; vam_find_sta &rArr; rt_sem_take &rArr; rt_schedule &rArr; _rt_scheduler_stack_check &rArr; list_thread &rArr; _list_thread &rArr; rt_kprintf &rArr; rt_device_write &rArr;  rt_kprintf (Cycle)
</UL>
<BR>[Calls]<UL><LI><a href="#[1ca]">&gt;&gt;</a>&nbsp;&nbsp;&nbsp;vam_find_sta
<LI><a href="#[1cb]">&gt;&gt;</a>&nbsp;&nbsp;&nbsp;decode_acce_yaw
<LI><a href="#[1c8]">&gt;&gt;</a>&nbsp;&nbsp;&nbsp;decode_acce_vert
<LI><a href="#[1c6]">&gt;&gt;</a>&nbsp;&nbsp;&nbsp;decode_acce_lat
<LI><a href="#[1c4]">&gt;&gt;</a>&nbsp;&nbsp;&nbsp;decode_acce_lon
<LI><a href="#[1c1]">&gt;&gt;</a>&nbsp;&nbsp;&nbsp;decode_heading
<LI><a href="#[1be]">&gt;&gt;</a>&nbsp;&nbsp;&nbsp;decode_speed
<LI><a href="#[1bc]">&gt;&gt;</a>&nbsp;&nbsp;&nbsp;decode_elevation
<LI><a href="#[1b9]">&gt;&gt;</a>&nbsp;&nbsp;&nbsp;decode_longtitude
</UL>
<BR>[Called By]<UL><LI><a href="#[195]">&gt;&gt;</a>&nbsp;&nbsp;&nbsp;rcp_parse_msg
</UL>

<P><STRONG><a name="[195]"></a>rcp_parse_msg</STRONG> (Thumb, 62 bytes, Stack size 24 bytes, cv_vam_rcp.o(.text))
<BR><BR>[Stack]<UL><LI>Max Depth = 384<LI>Call Chain = rcp_parse_msg &rArr; rcp_parse_bsm &rArr; vam_find_sta &rArr; rt_sem_take &rArr; rt_schedule &rArr; _rt_scheduler_stack_check &rArr; list_thread &rArr; _list_thread &rArr; rt_kprintf &rArr; rt_device_write &rArr;  rt_kprintf (Cycle)
</UL>
<BR>[Calls]<UL><LI><a href="#[1c9]">&gt;&gt;</a>&nbsp;&nbsp;&nbsp;rcp_parse_bsm
</UL>
<BR>[Called By]<UL><LI><a href="#[191]">&gt;&gt;</a>&nbsp;&nbsp;&nbsp;vam_main_proc
</UL>

<P><STRONG><a name="[1cc]"></a>vam_rcp_recv</STRONG> (Thumb, 32 bytes, Stack size 24 bytes, cv_vam_rcp.o(.text))
<BR><BR>[Stack]<UL><LI>Max Depth = 352<LI>Call Chain = vam_rcp_recv &rArr; vam_add_event_queue &rArr; rt_mq_send &rArr; rt_schedule &rArr; _rt_scheduler_stack_check &rArr; list_thread &rArr; _list_thread &rArr; rt_kprintf &rArr; rt_device_write &rArr;  rt_kprintf (Cycle)
</UL>
<BR>[Calls]<UL><LI><a href="#[199]">&gt;&gt;</a>&nbsp;&nbsp;&nbsp;vam_add_event_queue
</UL>
<BR>[Called By]<UL><LI><a href="#[1d3]">&gt;&gt;</a>&nbsp;&nbsp;&nbsp;timer_test_bsm_rx_callback_3
<LI><a href="#[1d2]">&gt;&gt;</a>&nbsp;&nbsp;&nbsp;timer_test_bsm_rx_callback_2
<LI><a href="#[1d1]">&gt;&gt;</a>&nbsp;&nbsp;&nbsp;timer_test_bsm_rx_callback
</UL>

<P><STRONG><a name="[194]"></a>rcp_send_bsm</STRONG> (Thumb, 240 bytes, Stack size 32 bytes, cv_vam_rcp.o(.text))
<BR><BR>[Stack]<UL><LI>Max Depth = 432<LI>Call Chain = rcp_send_bsm &rArr; wnet_dataframe_send &rArr; wpan_nlde_data_req &rArr; bmm_buffer_alloc &rArr; BSP_OS_SemPost &rArr; rt_sem_release &rArr; rt_schedule &rArr; _rt_scheduler_stack_check &rArr; list_thread &rArr; _list_thread &rArr; rt_kprintf &rArr; rt_device_write &rArr;  rt_kprintf (Cycle)
</UL>
<BR>[Calls]<UL><LI><a href="#[1d0]">&gt;&gt;</a>&nbsp;&nbsp;&nbsp;wnet_dataframe_send
<LI><a href="#[1cd]">&gt;&gt;</a>&nbsp;&nbsp;&nbsp;rcp_get_system_time
<LI><a href="#[1ce]">&gt;&gt;</a>&nbsp;&nbsp;&nbsp;encode_acce_yaw
<LI><a href="#[1c7]">&gt;&gt;</a>&nbsp;&nbsp;&nbsp;encode_acce_vert
<LI><a href="#[1c5]">&gt;&gt;</a>&nbsp;&nbsp;&nbsp;encode_acce_lat
<LI><a href="#[1c3]">&gt;&gt;</a>&nbsp;&nbsp;&nbsp;encode_acce_lon
<LI><a href="#[1bf]">&gt;&gt;</a>&nbsp;&nbsp;&nbsp;encode_heading
<LI><a href="#[1bd]">&gt;&gt;</a>&nbsp;&nbsp;&nbsp;encode_speed
<LI><a href="#[1ba]">&gt;&gt;</a>&nbsp;&nbsp;&nbsp;encode_elevation
<LI><a href="#[1b7]">&gt;&gt;</a>&nbsp;&nbsp;&nbsp;encode_longtitude
<LI><a href="#[1cf]">&gt;&gt;</a>&nbsp;&nbsp;&nbsp;__aeabi_memset
</UL>
<BR>[Called By]<UL><LI><a href="#[191]">&gt;&gt;</a>&nbsp;&nbsp;&nbsp;vam_main_proc
</UL>

<P><STRONG><a name="[1d1]"></a>timer_test_bsm_rx_callback</STRONG> (Thumb, 16 bytes, Stack size 8 bytes, cv_vam_rcp.o(.text))
<BR><BR>[Stack]<UL><LI>Max Depth = 360<LI>Call Chain = timer_test_bsm_rx_callback &rArr; vam_rcp_recv &rArr; vam_add_event_queue &rArr; rt_mq_send &rArr; rt_schedule &rArr; _rt_scheduler_stack_check &rArr; list_thread &rArr; _list_thread &rArr; rt_kprintf &rArr; rt_device_write &rArr;  rt_kprintf (Cycle)
</UL>
<BR>[Calls]<UL><LI><a href="#[1cc]">&gt;&gt;</a>&nbsp;&nbsp;&nbsp;vam_rcp_recv
</UL>
<BR>[Address Reference Count : 1]<UL><LI> cv_vam_rcp.o(.text)
</UL>
<P><STRONG><a name="[1d2]"></a>timer_test_bsm_rx_callback_2</STRONG> (Thumb, 60 bytes, Stack size 8 bytes, cv_vam_rcp.o(.text))
<BR><BR>[Stack]<UL><LI>Max Depth = 360<LI>Call Chain = timer_test_bsm_rx_callback_2 &rArr; vam_rcp_recv &rArr; vam_add_event_queue &rArr; rt_mq_send &rArr; rt_schedule &rArr; _rt_scheduler_stack_check &rArr; list_thread &rArr; _list_thread &rArr; rt_kprintf &rArr; rt_device_write &rArr;  rt_kprintf (Cycle)
</UL>
<BR>[Calls]<UL><LI><a href="#[1cc]">&gt;&gt;</a>&nbsp;&nbsp;&nbsp;vam_rcp_recv
</UL>
<BR>[Address Reference Count : 1]<UL><LI> cv_vam_rcp.o(.text)
</UL>
<P><STRONG><a name="[1d3]"></a>timer_test_bsm_rx_callback_3</STRONG> (Thumb, 16 bytes, Stack size 8 bytes, cv_vam_rcp.o(.text))
<BR><BR>[Stack]<UL><LI>Max Depth = 360<LI>Call Chain = timer_test_bsm_rx_callback_3 &rArr; vam_rcp_recv &rArr; vam_add_event_queue &rArr; rt_mq_send &rArr; rt_schedule &rArr; _rt_scheduler_stack_check &rArr; list_thread &rArr; _list_thread &rArr; rt_kprintf &rArr; rt_device_write &rArr;  rt_kprintf (Cycle)
</UL>
<BR>[Calls]<UL><LI><a href="#[1cc]">&gt;&gt;</a>&nbsp;&nbsp;&nbsp;vam_rcp_recv
</UL>
<BR>[Address Reference Count : 1]<UL><LI> cv_vam_rcp.o(.text)
</UL>
<P><STRONG><a name="[df]"></a>test_bsm</STRONG> (Thumb, 268 bytes, Stack size 64 bytes, cv_vam_rcp.o(.text))
<BR><BR>[Stack]<UL><LI>Max Depth = 456<LI>Call Chain = test_bsm &rArr; rt_timer_create &rArr; rt_object_allocate &rArr; rt_malloc &rArr; rt_sem_take &rArr; rt_schedule &rArr; _rt_scheduler_stack_check &rArr; list_thread &rArr; _list_thread &rArr; rt_kprintf &rArr; rt_device_write &rArr;  rt_kprintf (Cycle)
</UL>
<BR>[Calls]<UL><LI><a href="#[1cd]">&gt;&gt;</a>&nbsp;&nbsp;&nbsp;rcp_get_system_time
<LI><a href="#[1ce]">&gt;&gt;</a>&nbsp;&nbsp;&nbsp;encode_acce_yaw
<LI><a href="#[1c7]">&gt;&gt;</a>&nbsp;&nbsp;&nbsp;encode_acce_vert
<LI><a href="#[1c5]">&gt;&gt;</a>&nbsp;&nbsp;&nbsp;encode_acce_lat
<LI><a href="#[1c3]">&gt;&gt;</a>&nbsp;&nbsp;&nbsp;encode_acce_lon
<LI><a href="#[1bf]">&gt;&gt;</a>&nbsp;&nbsp;&nbsp;encode_heading
<LI><a href="#[1bd]">&gt;&gt;</a>&nbsp;&nbsp;&nbsp;encode_speed
<LI><a href="#[1ba]">&gt;&gt;</a>&nbsp;&nbsp;&nbsp;encode_elevation
[...]
</UL>
<BR>[Calls]<UL><LI><a href="#[415]">&gt;&gt;</a>&nbsp;&nbsp;&nbsp;IWDG_Enable
<LI><a href="#[414]">&gt;&gt;</a>&nbsp;&nbsp;&nbsp;IWDG_ReloadCounter
<LI><a href="#[27f]">&gt;&gt;</a>&nbsp;&nbsp;&nbsp;IWDG_SetReload
<LI><a href="#[27e]">&gt;&gt;</a>&nbsp;&nbsp;&nbsp;IWDG_SetPrescaler
<LI><a href="#[27d]">&gt;&gt;</a>&nbsp;&nbsp;&nbsp;IWDG_WriteAccessCmd
<LI><a href="#[416]">&gt;&gt;</a>&nbsp;&nbsp;&nbsp;mac_process_data_frame
</UL>
<BR>[Called By]<UL><LI><a href="#[cb]">&gt;&gt;</a>&nbsp;&nbsp;&nbsp;mac_process_tal_data_ind
</UL>

<P><STRONG><a name="[417]"></a>parse_mpdu</STRONG> (Thumb, 424 bytes, Stack size 24 bytes, mac_data_ind.o(.text))
<BR><BR>[Stack]<UL><LI>Max Depth = 72<LI>Call Chain = parse_mpdu &rArr; mac_extract_mhr_addr_info &rArr; convert_byte_array_to_64_bit
</UL>
<BR>[Calls]<UL><LI><a href="#[410]">&gt;&gt;</a>&nbsp;&nbsp;&nbsp;mac_extract_mhr_addr_info
</UL>
<BR>[Called By]<UL><LI><a href="#[cb]">&gt;&gt;</a>&nbsp;&nbsp;&nbsp;mac_process_tal_data_ind
</UL>

<P><STRONG><a name="[41c]"></a>convert_64_bit_to_byte_array</STRONG> (Thumb, 28 bytes, Stack size 16 bytes, mac_mcps_data.o(.text))
<BR><BR>[Stack]<UL><LI>Max Depth = 16<LI>Call Chain = convert_64_bit_to_byte_array
</UL>
<BR>[Called By]<UL><LI><a href="#[41a]">&gt;&gt;</a>&nbsp;&nbsp;&nbsp;build_data_frame
</UL>

<P><STRONG><a name="[41b]"></a>convert_16_bit_to_byte_array</STRONG> (Thumb, 8 bytes, Stack size 0 bytes, mac_mcps_data.o(.text))
<BR><BR>[Called By]<UL><LI><a href="#[41a]">&gt;&gt;</a>&nbsp;&nbsp;&nbsp;build_data_frame
</UL>

<P><STRONG><a name="[428]"></a>reset_globals</STRONG> (Thumb, 44 bytes, Stack size 0 bytes, mac_misc.o(.text))
<BR><BR>[Called By]<UL><LI><a href="#[427]">&gt;&gt;</a>&nbsp;&nbsp;&nbsp;mac_soft_reset
</UL>

<P><STRONG><a name="[425]"></a>do_init_pib</STRONG> (Thumb, 52 bytes, Stack size 8 bytes, mac_misc.o(.text))
<BR><BR>[Stack]<UL><LI>Max Depth = 8<LI>Call Chain = do_init_pib
</UL>
<BR>[Calls]<UL><LI><a href="#[426]">&gt;&gt;</a>&nbsp;&nbsp;&nbsp;rand
</UL>
<BR>[Called By]<UL><LI><a href="#[427]">&gt;&gt;</a>&nbsp;&nbsp;&nbsp;mac_soft_reset
</UL>

<P><STRONG><a name="[427]"></a>mac_soft_reset</STRONG> (Thumb, 22 bytes, Stack size 8 bytes, mac_misc.o(.text))
<BR><BR>[Stack]<UL><LI>Max Depth = 312<LI>Call Chain = mac_soft_reset &rArr; tal_rx_enable &rArr; set_trx_state &rArr; pal_trx_irq_init &rArr; pal_pio_configure &rArr; pal_pio_setperiphA &rArr; GPIO_Init &rArr; assert_failed &rArr; rt_kprintf &rArr; rt_device_write &rArr;  rt_kprintf (Cycle)
</UL>
<BR>[Calls]<UL><LI><a href="#[429]">&gt;&gt;</a>&nbsp;&nbsp;&nbsp;tal_rx_enable
<LI><a href="#[425]">&gt;&gt;</a>&nbsp;&nbsp;&nbsp;do_init_pib
<LI><a href="#[428]">&gt;&gt;</a>&nbsp;&nbsp;&nbsp;reset_globals
</UL>
<BR>[Called By]<UL><LI><a href="#[3fd]">&gt;&gt;</a>&nbsp;&nbsp;&nbsp;mac_init
<LI><a href="#[42c]">&gt;&gt;</a>&nbsp;&nbsp;&nbsp;mac_idle_trans
<LI><a href="#[431]">&gt;&gt;</a>&nbsp;&nbsp;&nbsp;mac_reset
</UL>

<P><STRONG><a name="[42e]"></a>send_reset_conf</STRONG> (Thumb, 24 bytes, Stack size 16 bytes, mac_misc.o(.text))
<BR><BR>[Stack]<UL><LI>Max Depth = 24<LI>Call Chain = send_reset_conf &rArr; qmm_queue_append
</UL>
<BR>[Calls]<UL><LI><a href="#[408]">&gt;&gt;</a>&nbsp;&nbsp;&nbsp;qmm_queue_append
</UL>
<BR>[Called By]<UL><LI><a href="#[ce]">&gt;&gt;</a>&nbsp;&nbsp;&nbsp;mlme_reset_request
</UL>

<P><STRONG><a name="[42f]"></a>flush_queues</STRONG> (Thumb, 22 bytes, Stack size 8 bytes, mac_misc.o(.text))
<BR><BR>[Stack]<UL><LI>Max Depth = 72<LI>Call Chain = flush_queues &rArr; qmm_queue_flush &rArr; qmm_queue_remove &rArr; queue_read_or_remove
</UL>
<BR>[Calls]<UL><LI><a href="#[430]">&gt;&gt;</a>&nbsp;&nbsp;&nbsp;qmm_queue_flush
</UL>
<BR>[Called By]<UL><LI><a href="#[ce]">&gt;&gt;</a>&nbsp;&nbsp;&nbsp;mlme_reset_request
</UL>

<P><STRONG><a name="[431]"></a>mac_reset</STRONG> (Thumb, 44 bytes, Stack size 16 bytes, mac_misc.o(.text))
<BR><BR>[Stack]<UL><LI>Max Depth = 392<LI>Call Chain = mac_reset &rArr; tal_reset &rArr; internal_tal_reset &rArr; tal_generate_rand_seed &rArr; set_trx_state &rArr; pal_trx_irq_init &rArr; pal_pio_configure &rArr; pal_pio_setperiphA &rArr; GPIO_Init &rArr; assert_failed &rArr; rt_kprintf &rArr; rt_device_write &rArr;  rt_kprintf (Cycle)
</UL>
<BR>[Calls]<UL><LI><a href="#[433]">&gt;&gt;</a>&nbsp;&nbsp;&nbsp;tal_reset
<LI><a href="#[432]">&gt;&gt;</a>&nbsp;&nbsp;&nbsp;pal_timer_source_select
<LI><a href="#[427]">&gt;&gt;</a>&nbsp;&nbsp;&nbsp;mac_soft_reset
</UL>
<BR>[Called By]<UL><LI><a href="#[ce]">&gt;&gt;</a>&nbsp;&nbsp;&nbsp;mlme_reset_request
</UL>

<P><STRONG><a name="[437]"></a>mac_process_tal_tx_status</STRONG> (Thumb, 508 bytes, Stack size 24 bytes, mac_process_tal_tx_frame_status.o(.text))
<BR><BR>[Stack]<UL><LI>Max Depth = 392<LI>Call Chain = mac_process_tal_tx_status &rArr; app_t_DataRequest_cb &rArr; wpan_nlme_RouteDiscovery_req &rArr; bmm_buffer_alloc &rArr; BSP_OS_SemPost &rArr; rt_sem_release &rArr; rt_schedule &rArr; _rt_scheduler_stack_check &rArr; list_thread &rArr; _list_thread &rArr; rt_kprintf &rArr; rt_device_write &rArr;  rt_kprintf (Cycle)
</UL>
<BR>[Calls]<UL><LI><a href="#[439]">&gt;&gt;</a>&nbsp;&nbsp;&nbsp;pal_led
<LI><a href="#[438]">&gt;&gt;</a>&nbsp;&nbsp;&nbsp;nwk_gen_nlde_data_conf
<LI><a href="#[8d]">&gt;&gt;</a>&nbsp;&nbsp;&nbsp;app_t_DataRequest_cb
<LI><a href="#[424]">&gt;&gt;</a>&nbsp;&nbsp;&nbsp;pal_timer_start
<LI><a href="#[419]">&gt;&gt;</a>&nbsp;&nbsp;&nbsp;mac_gen_mcps_data_conf
<LI><a href="#[40e]">&gt;&gt;</a>&nbsp;&nbsp;&nbsp;bmm_buffer_free
</UL>
<BR>[Called By]<UL><LI><a href="#[43a]">&gt;&gt;</a>&nbsp;&nbsp;&nbsp;tal_tx_frame_done_cb
</UL>

<P><STRONG><a name="[45c]"></a>convert_16_bit_to_byte_array</STRONG> (Thumb, 8 bytes, Stack size 0 bytes, nwk_datareq.o(.text))
<BR><BR>[Called By]<UL><LI><a href="#[d3]">&gt;&gt;</a>&nbsp;&nbsp;&nbsp;nlde_data_request
</UL>

<P><STRONG><a name="[45d]"></a>reset_nwk_globals</STRONG> (Thumb, 296 bytes, Stack size 48 bytes, nwk_misc.o(.text))
<BR><BR>[Stack]<UL><LI>Max Depth = 48<LI>Call Chain = reset_nwk_globals
</UL>
<BR>[Calls]<UL><LI><a href="#[18f]">&gt;&gt;</a>&nbsp;&nbsp;&nbsp;__aeabi_memclr4
<LI><a href="#[180]">&gt;&gt;</a>&nbsp;&nbsp;&nbsp;__aeabi_memcpy4
</UL>
<BR>[Called By]<UL><LI><a href="#[3fe]">&gt;&gt;</a>&nbsp;&nbsp;&nbsp;nwk_soft_reset
</UL>

<P><STRONG><a name="[464]"></a>pal_wdt_disable</STRONG> (Thumb, 2 bytes, Stack size 0 bytes, pal.o(.text))
<BR><BR>[Called By]<UL><LI><a href="#[463]">&gt;&gt;</a>&nbsp;&nbsp;&nbsp;pal_init
</UL>

<P><STRONG><a name="[469]"></a>pal_pio_setoutput</STRONG> (Thumb, 46 bytes, Stack size 32 bytes, pal.o(.text))
<BR><BR>[Stack]<UL><LI>Max Depth = 232<LI>Call Chain = pal_pio_setoutput &rArr; GPIO_Init &rArr; assert_failed &rArr; rt_kprintf &rArr; rt_device_write &rArr;  rt_kprintf (Cycle)
</UL>
<BR>[Calls]<UL><LI><a href="#[21a]">&gt;&gt;</a>&nbsp;&nbsp;&nbsp;GPIO_Init
<LI><a href="#[27a]">&gt;&gt;</a>&nbsp;&nbsp;&nbsp;GPIO_WriteBit
</UL>
<BR>[Called By]<UL><LI><a href="#[46c]">&gt;&gt;</a>&nbsp;&nbsp;&nbsp;pal_pio_configure
</UL>

<P><STRONG><a name="[46a]"></a>pal_pio_setinput</STRONG> (Thumb, 36 bytes, Stack size 24 bytes, pal.o(.text))
<BR><BR>[Stack]<UL><LI>Max Depth = 224<LI>Call Chain = pal_pio_setinput &rArr; GPIO_Init &rArr; assert_failed &rArr; rt_kprintf &rArr; rt_device_write &rArr;  rt_kprintf (Cycle)
</UL>
<BR>[Calls]<UL><LI><a href="#[21a]">&gt;&gt;</a>&nbsp;&nbsp;&nbsp;GPIO_Init
</UL>
<BR>[Called By]<UL><LI><a href="#[46c]">&gt;&gt;</a>&nbsp;&nbsp;&nbsp;pal_pio_configure
</UL>

<P><STRONG><a name="[46b]"></a>pal_pio_setperiphA</STRONG> (Thumb, 48 bytes, Stack size 32 bytes, pal.o(.text))
<BR><BR>[Stack]<UL><LI>Max Depth = 232<LI>Call Chain = pal_pio_setperiphA &rArr; GPIO_Init &rArr; assert_failed &rArr; rt_kprintf &rArr; rt_device_write &rArr;  rt_kprintf (Cycle)
</UL>
<BR>[Calls]<UL><LI><a href="#[21a]">&gt;&gt;</a>&nbsp;&nbsp;&nbsp;GPIO_Init
</UL>
<BR>[Called By]<UL><LI><a href="#[46c]">&gt;&gt;</a>&nbsp;&nbsp;&nbsp;pal_pio_configure
</UL>

<P><STRONG><a name="[46e]"></a>pal_pio_interrupt_handler</STRONG> (Thumb, 94 bytes, Stack size 24 bytes, pal.o(.text))
<BR><BR>[Stack]<UL><LI>Max Depth = 24<LI>Call Chain = pal_pio_interrupt_handler
</UL>
<BR>[Called By]<UL><LI><a href="#[470]">&gt;&gt;</a>&nbsp;&nbsp;&nbsp;PIOC_IrqHandler
<LI><a href="#[46f]">&gt;&gt;</a>&nbsp;&nbsp;&nbsp;PIOB_IrqHandler
<LI><a href="#[16]">&gt;&gt;</a>&nbsp;&nbsp;&nbsp;EXTI0_IRQHandler
</UL>

<P><STRONG><a name="[473]"></a>gettime</STRONG> (Thumb, 38 bytes, Stack size 0 bytes, pal_timer.o(.text))
<BR><BR>[Called By]<UL><LI><a href="#[424]">&gt;&gt;</a>&nbsp;&nbsp;&nbsp;pal_timer_start
<LI><a href="#[479]">&gt;&gt;</a>&nbsp;&nbsp;&nbsp;pal_get_current_time
<LI><a href="#[471]">&gt;&gt;</a>&nbsp;&nbsp;&nbsp;prog_comp_reg
</UL>

<P><STRONG><a name="[471]"></a>prog_comp_reg</STRONG> (Thumb, 110 bytes, Stack size 24 bytes, pal_timer.o(.text))
<BR><BR>[Stack]<UL><LI>Max Depth = 24<LI>Call Chain = prog_comp_reg
</UL>
<BR>[Calls]<UL><LI><a href="#[474]">&gt;&gt;</a>&nbsp;&nbsp;&nbsp;compare_time
<LI><a href="#[475]">&gt;&gt;</a>&nbsp;&nbsp;&nbsp;__set_PRIMASK
<LI><a href="#[472]">&gt;&gt;</a>&nbsp;&nbsp;&nbsp;__get_PRIMASK
<LI><a href="#[473]">&gt;&gt;</a>&nbsp;&nbsp;&nbsp;gettime
</UL>
<BR>[Called By]<UL><LI><a href="#[422]">&gt;&gt;</a>&nbsp;&nbsp;&nbsp;pal_timer_stop
<LI><a href="#[2c]">&gt;&gt;</a>&nbsp;&nbsp;&nbsp;TIM2_IRQHandler
<LI><a href="#[476]">&gt;&gt;</a>&nbsp;&nbsp;&nbsp;internal_timer_handler
<LI><a href="#[477]">&gt;&gt;</a>&nbsp;&nbsp;&nbsp;start_absolute_timer
</UL>

<P><STRONG><a name="[477]"></a>start_absolute_timer</STRONG> (Thumb, 244 bytes, Stack size 48 bytes, pal_timer.o(.text))
<BR><BR>[Stack]<UL><LI>Max Depth = 80<LI>Call Chain = start_absolute_timer &rArr; internal_timer_handler &rArr; prog_comp_reg
</UL>
<BR>[Calls]<UL><LI><a href="#[476]">&gt;&gt;</a>&nbsp;&nbsp;&nbsp;internal_timer_handler
<LI><a href="#[474]">&gt;&gt;</a>&nbsp;&nbsp;&nbsp;compare_time
<LI><a href="#[475]">&gt;&gt;</a>&nbsp;&nbsp;&nbsp;__set_PRIMASK
<LI><a href="#[472]">&gt;&gt;</a>&nbsp;&nbsp;&nbsp;__get_PRIMASK
<LI><a href="#[471]">&gt;&gt;</a>&nbsp;&nbsp;&nbsp;prog_comp_reg
</UL>
<BR>[Called By]<UL><LI><a href="#[424]">&gt;&gt;</a>&nbsp;&nbsp;&nbsp;pal_timer_start
</UL>

<P><STRONG><a name="[472]"></a>__get_PRIMASK</STRONG> (Thumb, 6 bytes, Stack size 0 bytes, pal_timer.o(.text))
<BR><BR>[Called By]<UL><LI><a href="#[422]">&gt;&gt;</a>&nbsp;&nbsp;&nbsp;pal_timer_stop
<LI><a href="#[47a]">&gt;&gt;</a>&nbsp;&nbsp;&nbsp;pal_timer_delay
<LI><a href="#[477]">&gt;&gt;</a>&nbsp;&nbsp;&nbsp;start_absolute_timer
<LI><a href="#[471]">&gt;&gt;</a>&nbsp;&nbsp;&nbsp;prog_comp_reg
<LI><a href="#[465]">&gt;&gt;</a>&nbsp;&nbsp;&nbsp;timer_service
</UL>

<P><STRONG><a name="[475]"></a>__set_PRIMASK</STRONG> (Thumb, 6 bytes, Stack size 0 bytes, pal_timer.o(.text))
<BR><BR>[Called By]<UL><LI><a href="#[422]">&gt;&gt;</a>&nbsp;&nbsp;&nbsp;pal_timer_stop
<LI><a href="#[47a]">&gt;&gt;</a>&nbsp;&nbsp;&nbsp;pal_timer_delay
<LI><a href="#[477]">&gt;&gt;</a>&nbsp;&nbsp;&nbsp;start_absolute_timer
<LI><a href="#[471]">&gt;&gt;</a>&nbsp;&nbsp;&nbsp;prog_comp_reg
<LI><a href="#[465]">&gt;&gt;</a>&nbsp;&nbsp;&nbsp;timer_service
</UL>

<P><STRONG><a name="[474]"></a>compare_time</STRONG> (Thumb, 20 bytes, Stack size 0 bytes, pal_timer.o(.text))
<BR><BR>[Called By]<UL><LI><a href="#[477]">&gt;&gt;</a>&nbsp;&nbsp;&nbsp;start_absolute_timer
<LI><a href="#[471]">&gt;&gt;</a>&nbsp;&nbsp;&nbsp;prog_comp_reg
</UL>

<P><STRONG><a name="[47d]"></a>__get_PRIMASK</STRONG> (Thumb, 6 bytes, Stack size 0 bytes, pal_trx_access.o(.text))
<BR><BR>[Called By]<UL><LI><a href="#[481]">&gt;&gt;</a>&nbsp;&nbsp;&nbsp;pal_trx_frame_write
<LI><a href="#[480]">&gt;&gt;</a>&nbsp;&nbsp;&nbsp;pal_trx_frame_read
<LI><a href="#[47f]">&gt;&gt;</a>&nbsp;&nbsp;&nbsp;pal_trx_reg_read
<LI><a href="#[47c]">&gt;&gt;</a>&nbsp;&nbsp;&nbsp;pal_trx_reg_write
</UL>

<P><STRONG><a name="[47e]"></a>__set_PRIMASK</STRONG> (Thumb, 6 bytes, Stack size 0 bytes, pal_trx_access.o(.text))
<BR><BR>[Called By]<UL><LI><a href="#[481]">&gt;&gt;</a>&nbsp;&nbsp;&nbsp;pal_trx_frame_write
<LI><a href="#[480]">&gt;&gt;</a>&nbsp;&nbsp;&nbsp;pal_trx_frame_read
<LI><a href="#[47f]">&gt;&gt;</a>&nbsp;&nbsp;&nbsp;pal_trx_reg_read
<LI><a href="#[47c]">&gt;&gt;</a>&nbsp;&nbsp;&nbsp;pal_trx_reg_write
</UL>

<P><STRONG><a name="[8f]"></a>trx_isr</STRONG> (Thumb, 10 bytes, Stack size 8 bytes, pal_irq.o(.text))
<BR><BR>[Stack]<UL><LI>Max Depth = 8<LI>Call Chain = trx_isr
</UL>
<BR>[Address Reference Count : 1]<UL><LI> pal_irq.o(.text)
</UL>
<P><STRONG><a name="[487]"></a>queue_read_or_remove</STRONG> (Thumb, 126 bytes, Stack size 32 bytes, qmm.o(.text))
<BR><BR>[Stack]<UL><LI>Max Depth = 32<LI>Call Chain = queue_read_or_remove
</UL>
<BR>[Called By]<UL><LI><a href="#[3f8]">&gt;&gt;</a>&nbsp;&nbsp;&nbsp;qmm_queue_remove
<LI><a href="#[488]">&gt;&gt;</a>&nbsp;&nbsp;&nbsp;qmm_queue_read
</UL>

<P><STRONG><a name="[48a]"></a>switch_pll_on</STRONG> (Thumb, 70 bytes, Stack size 16 bytes, tal.o(.text))
<BR><BR>[Stack]<UL><LI>Max Depth = 56<LI>Call Chain = switch_pll_on &rArr; pal_trx_bit_read &rArr; pal_trx_reg_read
</UL>
<BR>[Calls]<UL><LI><a href="#[482]">&gt;&gt;</a>&nbsp;&nbsp;&nbsp;pal_trx_bit_read
<LI><a href="#[47f]">&gt;&gt;</a>&nbsp;&nbsp;&nbsp;pal_trx_reg_read
<LI><a href="#[47c]">&gt;&gt;</a>&nbsp;&nbsp;&nbsp;pal_trx_reg_write
<LI><a href="#[47a]">&gt;&gt;</a>&nbsp;&nbsp;&nbsp;pal_timer_delay
</UL>
<BR>[Called By]<UL><LI><a href="#[48b]">&gt;&gt;</a>&nbsp;&nbsp;&nbsp;set_trx_state
</UL>

<P><STRONG><a name="[48f]"></a>trx_config</STRONG> (Thumb, 208 bytes, Stack size 8 bytes, tal_init.o(.text))
<BR><BR>[Stack]<UL><LI>Max Depth = 56<LI>Call Chain = trx_config &rArr; pal_trx_bit_write &rArr; pal_trx_reg_write
</UL>
<BR>[Calls]<UL><LI><a href="#[483]">&gt;&gt;</a>&nbsp;&nbsp;&nbsp;pal_trx_bit_write
<LI><a href="#[47c]">&gt;&gt;</a>&nbsp;&nbsp;&nbsp;pal_trx_reg_write
<LI><a href="#[426]">&gt;&gt;</a>&nbsp;&nbsp;&nbsp;rand
</UL>
<BR>[Called By]<UL><LI><a href="#[495]">&gt;&gt;</a>&nbsp;&nbsp;&nbsp;internal_tal_reset
</UL>

<P><STRONG><a name="[494]"></a>trx_reset</STRONG> (Thumb, 100 bytes, Stack size 16 bytes, tal_init.o(.text))
<BR><BR>[Stack]<UL><LI>Max Depth = 56<LI>Call Chain = trx_reset &rArr; pal_trx_bit_read &rArr; pal_trx_reg_read
</UL>
<BR>[Calls]<UL><LI><a href="#[482]">&gt;&gt;</a>&nbsp;&nbsp;&nbsp;pal_trx_bit_read
<LI><a href="#[47a]">&gt;&gt;</a>&nbsp;&nbsp;&nbsp;pal_timer_delay
</UL>
<BR>[Called By]<UL><LI><a href="#[495]">&gt;&gt;</a>&nbsp;&nbsp;&nbsp;internal_tal_reset
</UL>

<P><STRONG><a name="[495]"></a>internal_tal_reset</STRONG> (Thumb, 46 bytes, Stack size 8 bytes, tal_init.o(.text))
<BR><BR>[Stack]<UL><LI>Max Depth = 344<LI>Call Chain = internal_tal_reset &rArr; tal_generate_rand_seed &rArr; set_trx_state &rArr; pal_trx_irq_init &rArr; pal_pio_configure &rArr; pal_pio_setperiphA &rArr; GPIO_Init &rArr; assert_failed &rArr; rt_kprintf &rArr; rt_device_write &rArr;  rt_kprintf (Cycle)
</UL>
<BR>[Calls]<UL><LI><a href="#[497]">&gt;&gt;</a>&nbsp;&nbsp;&nbsp;write_all_tal_pib_to_trx
<LI><a href="#[496]">&gt;&gt;</a>&nbsp;&nbsp;&nbsp;init_tal_pib
<LI><a href="#[490]">&gt;&gt;</a>&nbsp;&nbsp;&nbsp;tal_generate_rand_seed
<LI><a href="#[494]">&gt;&gt;</a>&nbsp;&nbsp;&nbsp;trx_reset
<LI><a href="#[48f]">&gt;&gt;</a>&nbsp;&nbsp;&nbsp;trx_config
</UL>
<BR>[Called By]<UL><LI><a href="#[433]">&gt;&gt;</a>&nbsp;&nbsp;&nbsp;tal_reset
<LI><a href="#[42a]">&gt;&gt;</a>&nbsp;&nbsp;&nbsp;tal_init
</UL>

<P><STRONG><a name="[498]"></a>trx_init</STRONG> (Thumb, 158 bytes, Stack size 16 bytes, tal_init.o(.text))
<BR><BR>[Stack]<UL><LI>Max Depth = 56<LI>Call Chain = trx_init &rArr; pal_trx_bit_read &rArr; pal_trx_reg_read
</UL>
<BR>[Calls]<UL><LI><a href="#[482]">&gt;&gt;</a>&nbsp;&nbsp;&nbsp;pal_trx_bit_read
<LI><a href="#[47f]">&gt;&gt;</a>&nbsp;&nbsp;&nbsp;pal_trx_reg_read
<LI><a href="#[47c]">&gt;&gt;</a>&nbsp;&nbsp;&nbsp;pal_trx_reg_write
<LI><a href="#[47a]">&gt;&gt;</a>&nbsp;&nbsp;&nbsp;pal_timer_delay
</UL>
<BR>[Called By]<UL><LI><a href="#[42a]">&gt;&gt;</a>&nbsp;&nbsp;&nbsp;tal_init
</UL>

<P><STRONG><a name="[492]"></a>NVIC_ClearPendingIRQ</STRONG> (Thumb, 18 bytes, Stack size 0 bytes, tal_init.o(.text))
<BR><BR>[Called By]<UL><LI><a href="#[433]">&gt;&gt;</a>&nbsp;&nbsp;&nbsp;tal_reset
<LI><a href="#[490]">&gt;&gt;</a>&nbsp;&nbsp;&nbsp;tal_generate_rand_seed
</UL>

<P><STRONG><a name="[49d]"></a>limit_tx_pwr</STRONG> (Thumb, 148 bytes, Stack size 8 bytes, tal_pib.o(.text))
<BR><BR>[Stack]<UL><LI>Max Depth = 8<LI>Call Chain = limit_tx_pwr
</UL>
<BR>[Called By]<UL><LI><a href="#[436]">&gt;&gt;</a>&nbsp;&nbsp;&nbsp;tal_pib_set
<LI><a href="#[49c]">&gt;&gt;</a>&nbsp;&nbsp;&nbsp;copy_tal_pib
</UL>

<P><STRONG><a name="[49e]"></a>convert_phyTransmitPower_to_reg_value</STRONG> (Thumb, 64 bytes, Stack size 12 bytes, tal_pib.o(.text))
<BR><BR>[Stack]<UL><LI>Max Depth = 12<LI>Call Chain = convert_phyTransmitPower_to_reg_value
</UL>
<BR>[Called By]<UL><LI><a href="#[436]">&gt;&gt;</a>&nbsp;&nbsp;&nbsp;tal_pib_set
</UL>

<P><STRONG><a name="[4c4]"></a>_fp_digits</STRONG> (Thumb, 326 bytes, Stack size 56 bytes, printfa.o(i._fp_digits), UNUSED)
<BR><BR>[Calls]<UL><LI><a href="#[1e0]">&gt;&gt;</a>&nbsp;&nbsp;&nbsp;__aeabi_cdrcmple
<LI><a href="#[1b3]">&gt;&gt;</a>&nbsp;&nbsp;&nbsp;__aeabi_dmul
<LI><a href="#[1b1]">&gt;&gt;</a>&nbsp;&nbsp;&nbsp;__aeabi_ddiv
<LI><a href="#[1b2]">&gt;&gt;</a>&nbsp;&nbsp;&nbsp;__aeabi_dadd
<LI><a href="#[4a9]">&gt;&gt;</a>&nbsp;&nbsp;&nbsp;__aeabi_uldivmod
<LI><a href="#[4af]">&gt;&gt;</a>&nbsp;&nbsp;&nbsp;__aeabi_d2ulz
</UL>
<BR>[Called By]<UL><LI><a href="#[4b7]">&gt;&gt;</a>&nbsp;&nbsp;&nbsp;_printf_core
</UL>

<P><STRONG><a name="[4b7]"></a>_printf_core</STRONG> (Thumb, 1762 bytes, Stack size 136 bytes, printfa.o(i._printf_core), UNUSED)
<BR><BR>[Calls]<UL><LI><a href="#[4a9]">&gt;&gt;</a>&nbsp;&nbsp;&nbsp;__aeabi_uldivmod
<LI><a href="#[4c7]">&gt;&gt;</a>&nbsp;&nbsp;&nbsp;__aeabi_uidivmod
<LI><a href="#[4c5]">&gt;&gt;</a>&nbsp;&nbsp;&nbsp;_printf_pre_padding
<LI><a href="#[4c6]">&gt;&gt;</a>&nbsp;&nbsp;&nbsp;_printf_post_padding
<LI><a href="#[4c4]">&gt;&gt;</a>&nbsp;&nbsp;&nbsp;_fp_digits
</UL>
<BR>[Called By]<UL><LI><a href="#[4b8]">&gt;&gt;</a>&nbsp;&nbsp;&nbsp;__0sprintf
<LI><a href="#[4b6]">&gt;&gt;</a>&nbsp;&nbsp;&nbsp;__0printf
</UL>

<P><STRONG><a name="[4c6]"></a>_printf_post_padding</STRONG> (Thumb, 38 bytes, Stack size 24 bytes, printfa.o(i._printf_post_padding), UNUSED)
<BR><BR>[Called By]<UL><LI><a href="#[4b7]">&gt;&gt;</a>&nbsp;&nbsp;&nbsp;_printf_core
</UL>

<P><STRONG><a name="[4c5]"></a>_printf_pre_padding</STRONG> (Thumb, 48 bytes, Stack size 24 bytes, printfa.o(i._printf_pre_padding), UNUSED)
<BR><BR>[Called By]<UL><LI><a href="#[4b7]">&gt;&gt;</a>&nbsp;&nbsp;&nbsp;_printf_core
</UL>

<P><STRONG><a name="[96]"></a>_sputc</STRONG> (Thumb, 10 bytes, Stack size 0 bytes, printfa.o(i._sputc))
<BR><BR>[Called By]<UL><LI><a href="#[4b8]">&gt;&gt;</a>&nbsp;&nbsp;&nbsp;__0sprintf
</UL>
<BR>[Address Reference Count : 1]<UL><LI> printfa.o(i.__0sprintf)
</UL>
<P><STRONG><a name="[4aa]"></a>_local_sscanf</STRONG> (Thumb, 54 bytes, Stack size 56 bytes, strtod.o(.text))
<BR><BR>[Stack]<UL><LI>Max Depth = 160<LI>Call Chain = _local_sscanf &rArr; _scanf_real
</UL>
<BR>[Calls]<UL><LI><a href="#[4ab]">&gt;&gt;</a>&nbsp;&nbsp;&nbsp;_scanf_real
</UL>
<BR>[Called By]<UL><LI><a href="#[4ac]">&gt;&gt;</a>&nbsp;&nbsp;&nbsp;__strtod_int
</UL>

<P><STRONG><a name="[4b1]"></a>_fp_value</STRONG> (Thumb, 256 bytes, Stack size 56 bytes, scanf_fp.o(.text), UNUSED)
<BR><BR>[Calls]<UL><LI><a href="#[1b3]">&gt;&gt;</a>&nbsp;&nbsp;&nbsp;__aeabi_dmul
<LI><a href="#[1b1]">&gt;&gt;</a>&nbsp;&nbsp;&nbsp;__aeabi_ddiv
<LI><a href="#[4b2]">&gt;&gt;</a>&nbsp;&nbsp;&nbsp;__aeabi_ul2d
</UL>
<BR>[Called By]<UL><LI><a href="#[4b3]">&gt;&gt;</a>&nbsp;&nbsp;&nbsp;_scanf_really_real
</UL>
<P>
<H3>
Undefined Global Symbols
</H3><HR></body></html>
