<html>
<body>
<pre>
<h1>µVision Build Log</h1>
<h2>Project:</h2>
E:\vanet\Prototype(CMS)\develop\firmware\branch\gexueyuan\CarsmartVanet\prj_keil\project.uvproj
Project File Date:  07/10/2014

<h2>Output:</h2>
Rebuild target 'Debug'
compiling cv_vsa.c...
compiling cv_vam_main.c...
compiling cv_vam_api.c...
compiling cv_vam_lip.c...
compiling cv_vam_lip_nmea.c...
compiling cv_vam_rcp.c...
compiling cv_vam_vsm.c...
compiling cv_vam_util.c...
compiling cv_sys_main.c...
..\app\cms\cv_sys_main.c(64): warning:  #64-D: declaration does not declare anything
  ALIGN(RT_ALIGN_SIZE);
..\app\cms\cv_sys_main.c: 1 warning, 0 errors
compiling cv_sys_manager.c...
compiling cv_sys_param.c...
compiling cv_sys_sound_resource.c...
compiling cv_drv_gps.c...
compiling cv_drv_gsnr.c...
compiling cv_drv_msnr.c...
compiling cv_drv_zmac.c...
compiling cv_drv_fls.c...
compiling cv_drv_voc.c...
compiling cv_drv_led.c...
compiling board.c...
compiling i2c.c...
compiling isr.c...
compiling led.c...
compiling platform.c...
compiling spi.c...
compiling usart.c...
compiling l3gd20.c...
compiling lsm303dlhc.c...
compiling misc.c...
compiling stm32f4xx_adc.c...
compiling stm32f4xx_can.c...
compiling stm32f4xx_crc.c...
compiling stm32f4xx_cryp.c...
compiling stm32f4xx_cryp_aes.c...
compiling stm32f4xx_cryp_des.c...
compiling stm32f4xx_cryp_tdes.c...
compiling stm32f4xx_dac.c...
compiling stm32f4xx_dbgmcu.c...
compiling stm32f4xx_dcmi.c...
compiling stm32f4xx_dma.c...
compiling stm32f4xx_exti.c...
compiling stm32f4xx_flash.c...
compiling stm32f4xx_fsmc.c...
compiling stm32f4xx_gpio.c...
compiling stm32f4xx_hash.c...
compiling stm32f4xx_hash_md5.c...
compiling stm32f4xx_hash_sha1.c...
compiling stm32f4xx_i2c.c...
compiling stm32f4xx_iwdg.c...
compiling stm32f4xx_pwr.c...
compiling stm32f4xx_rcc.c...
compiling stm32f4xx_rng.c...
compiling stm32f4xx_rtc.c...
compiling stm32f4xx_sdio.c...
compiling stm32f4xx_spi.c...
compiling stm32f4xx_syscfg.c...
compiling stm32f4xx_tim.c...
compiling stm32f4xx_usart.c...
compiling stm32f4xx_wwdg.c...
compiling startup.c...
assembling startup_stm32f4xx.s...
compiling system_stm32f4xx.c...
compiling clock.c...
compiling device.c...
compiling idle.c...
compiling ipc.c...
compiling irq.c...
compiling kservice.c...
compiling mem.c...
compiling mempool.c...
compiling module.c...
compiling object.c...
compiling scheduler.c...
compiling thread.c...
compiling timer.c...
compiling cpuport.c...
assembling context_rvds.S...
compiling backtrace.c...
compiling div0.c...
compiling showmem.c...
compiling i2c_core.c...
compiling i2c_dev.c...
compiling i2c-bit-ops.c...
compiling serial.c...
compiling spi_core.c...
compiling spi_dev.c...
compiling completion.c...
compiling dataqueue.c...
compiling pipe.c...
compiling portal.c...
compiling ringbuffer.c...
compiling shell.c...
compiling symbol.c...
compiling cmd.c...
compiling finsh_compiler.c...
compiling finsh_error.c...
compiling finsh_heap.c...
compiling finsh_init.c...
compiling finsh_node.c...
compiling finsh_ops.c...
compiling finsh_parser.c...
compiling finsh_var.c...
compiling finsh_vm.c...
compiling finsh_token.c...
compiling components.c...
compiling Version.c...
compiling mac.c...
compiling mac_api.c...
compiling mac_callback_wrapper.c...
compiling mac_data_extract_mhr.c...
compiling mac_data_ind.c...
compiling mac_data_req.c...
compiling mac_dispatcher.c...
compiling mac_mcps_data.c...
compiling mac_misc.c...
compiling mac_pib.c...
compiling mac_process_tal_tx_frame_status.c...
compiling usr_mcps_data_conf.c...
compiling usr_mcps_data_ind.c...
compiling usr_mlme_reset_conf.c...
compiling ModuleID.c...
compiling nwk.c...
compiling nwk_api.c...
compiling nwk_broadcast.c...
compiling nwk_callback_wrapper.c...
compiling nwk_DataReq.c...
compiling nwk_dispatcher.c...
compiling nwk_misc.c...
compiling nwk_pib.c...
compiling nwkFrame.c...
compiling usr_nlde_data_conf.c...
compiling usr_nlde_data_ind.c...
compiling pal.c...
compiling pal_timer.c...
compiling pal_trx_access.c...
compiling pal_board.c...
compiling pal_irq.c...
compiling qmm.c...
compiling bmm.c...
compiling tal.c...
compiling tal_init.c...
compiling tal_irq_handler.c...
compiling tal_pib.c...
compiling tal_rx.c...
compiling tal_rx_enable.c...
compiling tal_tx.c...
compiling Uz2400D.c...
compiling bsp_os.c...
compiling zigbee_main.c...
linking...
Program Size: Code=148668 RO-data=56264 RW-data=816 ZI-data=15528  
After Build - User command #1: fromelf --bin .\build\rtthread-stm32f4xx.axf --output ..\BIN\CMS.BIN
".\build\rtthread-stm32f4xx.axf" - 0 Error(s), 1 Warning(s).
Load "E:\\vanet\\Prototype(CMS)\\develop\\firmware\\branch\\gexueyuan\\CarsmartVanet\\prj_keil\\build\\rtthread-stm32f4xx.axf" 
* JLink Info: Device "STM32F405RG" selected (1024 KB flash, 128 KB RAM).
Set JLink Project File to "E:\vanet\Prototype(CMS)\develop\firmware\branch\gexueyuan\CarsmartVanet\prj_keil\JLinkSettings.ini"
* JLink Info: Device "STM32F405RG" selected (1024 KB flash, 128 KB RAM).
 
JLink info:
------------
DLL: V4.72a, compiled Jun 26 2013 11:49:14
Firmware: J-Link ARM V8 compiled Nov 25 2013 19:20:08
Hardware: V8.00
S/N : 798967091 
Feature(s) : RDI,FlashDL,FlashBP,JFlash,GDBFULL 
 
* JLink Info: Found SWD-DP with ID 0x2BA01477
* JLink Info: Found SWD-DP with ID 0x2BA01477
* JLink Info: TPIU fitted.
* JLink Info: ETM fitted.
* JLink Info: FPUnit: 6 code (BP) slots and 2 literal slots
* JLink Info: Found Cortex-M4 r0p1, Little endian.
ROMTableAddr = 0xE00FF003
 
Target info:
------------
Device: STM32F405RG
VTarget = 3.280V
State of Pins: 
TCK: 0, TDI: 0, TDO: 0, TMS: 1, TRES: 1, TRST: 1
Hardware-Breakpoints: 6
Software-Breakpoints: 8192
Watchpoints:          4
JTAG speed: 2000 kHz
 
Erase Done.
Programming Done.
Verify OK.
