ARM Linker, 5.03 [Build 76] [MDK-ARM Standard][RL-ARM]

==============================================================================

Section Cross References

    cv_vsa.o(.text) refers to ipc.o(.text) for rt_mq_send
    cv_vsa.o(.text) refers to kservice.o(.text) for rt_kprintf
    cv_vsa.o(.text) refers to memcpya.o(.text) for __aeabi_memcpy4
    cv_vsa.o(.text) refers to cv_vam_api.o(.text) for vam_set_event_handler
    cv_vsa.o(.text) refers to cv_sys_manager.o(.text) for sys_add_event_queue
    cv_vsa.o(.text) refers to memseta.o(.text) for __aeabi_memclr4
    cv_vsa.o(.text) refers to thread.o(.text) for rt_thread_create
    cv_vsa.o(.text) refers to cv_vsa.o(.constdata) for __FUNCTION__
    cv_vsa.o(.text) refers to cv_sys_main.o(.data) for p_cms_envar
    cv_vsa.o(.text) refers to cv_vsa.o(.data) for vsa_app_handler_tbl
    cv_vsa.o(.text) refers to cv_sys_param.o(.data) for p_cms_param
    cv_vsa.o(.data) refers to cv_vsa.o(.text) for crd_proc
    cv_vam_main.o(.text) refers to kservice.o(.text) for rt_kprintf
    cv_vam_main.o(.text) refers to timer.o(.text) for rt_timer_start
    cv_vam_main.o(.text) refers to cv_vam_vsm.o(.text) for vsm_start_bsm_broadcast
    cv_vam_main.o(.text) refers to cv_vam_rcp.o(.text) for rcp_send_bsm
    cv_vam_main.o(.text) refers to cv_vam_lip.o(.text) for lip_gps_proc
    cv_vam_main.o(.text) refers to ipc.o(.text) for rt_mq_recv
    cv_vam_main.o(.text) refers to memseta.o(.text) for __aeabi_memclr4
    cv_vam_main.o(.text) refers to thread.o(.text) for rt_thread_create
    cv_vam_main.o(.text) refers to f2d.o(.text) for __aeabi_f2d
    cv_vam_main.o(.text) refers to printfa.o(i.__0sprintf) for __2sprintf
    cv_vam_main.o(.text) refers to cv_vam_main.o(.constdata) for __FUNCTION__
    cv_vam_main.o(.text) refers to cv_sys_main.o(.data) for p_cms_envar
    cv_vam_main.o(.text) refers to cv_vam_main.o(.data) for p_vam_envar
    cv_vam_main.o(.text) refers to cv_sys_param.o(.data) for p_cms_param
    cv_vam_api.o(.text) refers to kservice.o(.text) for rt_kprintf
    cv_vam_api.o(.text) refers to cv_vam_main.o(.text) for vam_add_event_queue
    cv_vam_api.o(.text) refers to ipc.o(.text) for rt_sem_take
    cv_vam_api.o(.text) refers to memcmp.o(.text) for memcmp
    cv_vam_api.o(.text) refers to memcpya.o(.text) for __aeabi_memcpy4
    cv_vam_api.o(.text) refers to cv_vam_util.o(.text) for vsm_get_relative_pos
    cv_vam_api.o(.text) refers to dfixi.o(.text) for __aeabi_d2iz
    cv_vam_api.o(.text) refers to cv_vam_api.o(.constdata) for __FUNCTION__
    cv_vam_api.o(.text) refers to cv_sys_main.o(.data) for p_cms_envar
    cv_vam_api.o(.text) refers to cv_vam_main.o(.data) for p_vam_envar
    cv_vam_api.o(FSymTab) refers to cv_vam_api.o(.constdata) for __fsym_vam_start_name
    cv_vam_api.o(FSymTab) refers to cv_vam_api.o(.text) for vam_start
    cv_vam_lip.o(.text) refers to cv_vam_lip_nmea.o(.text) for nmea_parse
    cv_vam_lip.o(.text) refers to d2f.o(.text) for __aeabi_d2f
    cv_vam_lip.o(.text) refers to kservice.o(.text) for rt_kprintf
    cv_vam_lip.o(.text) refers to timer.o(.text) for rt_timer_stop
    cv_vam_lip.o(.text) refers to cv_sys_main.o(.data) for p_cms_envar
    cv_vam_lip_nmea.o(.text) refers to ipc.o(.text) for rt_mutex_init
    cv_vam_lip_nmea.o(.text) refers to memseta.o(.text) for __aeabi_memclr4
    cv_vam_lip_nmea.o(.text) refers to memcpya.o(.text) for __aeabi_memcpy4
    cv_vam_lip_nmea.o(.text) refers to atoi.o(.text) for atoi
    cv_vam_lip_nmea.o(.text) refers to dflti.o(.text) for __aeabi_i2d
    cv_vam_lip_nmea.o(.text) refers to ctype_o.o(.text) for __rt_ctype_table
    cv_vam_lip_nmea.o(.text) refers to atof.o(i.__hardfp_atof) for __hardfp_atof
    cv_vam_lip_nmea.o(.text) refers to ddiv.o(.text) for __aeabi_ddiv
    cv_vam_lip_nmea.o(.text) refers to dadd.o(.text) for __aeabi_dadd
    cv_vam_lip_nmea.o(.text) refers to dmul.o(.text) for __aeabi_dmul
    cv_vam_lip_nmea.o(.text) refers to memcmp.o(.text) for memcmp
    cv_vam_lip_nmea.o(.text) refers to cv_drv_gps.o(.bss) for mutex_gps
    cv_vam_lip_nmea.o(.text) refers to cv_vam_lip_nmea.o(.bss) for nmeaCfg
    cv_vam_lip_nmea.o(.text) refers to strchr.o(.text) for strchr
    cv_vam_lip_nmea.o(.text) refers to cv_vam_lip.o(.text) for lip_update_local
    cv_vam_lip_nmea.o(.text) refers to d2f.o(.text) for __aeabi_d2f
    cv_vam_lip_nmea.o(.text) refers to cv_vam_lip_nmea.o(.data) for IsLocate
    cv_vam_rcp.o(.text) refers to f2d.o(.text) for __aeabi_f2d
    cv_vam_rcp.o(.text) refers to dfixui.o(.text) for __aeabi_d2uiz
    cv_vam_rcp.o(.text) refers to dfltui.o(.text) for __aeabi_ui2d
    cv_vam_rcp.o(.text) refers to ddiv.o(.text) for __aeabi_ddiv
    cv_vam_rcp.o(.text) refers to d2f.o(.text) for __aeabi_d2f
    cv_vam_rcp.o(.text) refers to cv_vam_vsm.o(.text) for vam_find_sta
    cv_vam_rcp.o(.text) refers to cv_vam_main.o(.text) for vam_add_event_queue
    cv_vam_rcp.o(.text) refers to memseta.o(.text) for __aeabi_memset
[...]
    __rtmsym_rt_interrupt_leave_name         0x0802ffc1   Data          19  irq.o(.constdata)
    __rtmsym_rt_interrupt_get_nest_name      0x0802ffd4   Data          22  irq.o(.constdata)
    __rtmsym_rt_hw_interrupt_disable_name    0x0802ffea   Data          24  irq.o(.constdata)
    __rtmsym_rt_hw_interrupt_enable_name     0x08030002   Data          23  irq.o(.constdata)
    __rtmsym_rt_get_errno_name               0x08030019   Data          13  kservice.o(.constdata)
    __rtmsym_rt_set_errno_name               0x08030026   Data          13  kservice.o(.constdata)
    __rtmsym__rt_errno_name                  0x08030033   Data          10  kservice.o(.constdata)
    __rtmsym_rt_memset_name                  0x0803003d   Data          10  kservice.o(.constdata)
    __rtmsym_rt_memcpy_name                  0x08030047   Data          10  kservice.o(.constdata)
    __rtmsym_rt_memmove_name                 0x08030051   Data          11  kservice.o(.constdata)
    __rtmsym_rt_memcmp_name                  0x0803005c   Data          10  kservice.o(.constdata)
    __rtmsym_rt_strstr_name                  0x08030066   Data          10  kservice.o(.constdata)
    __rtmsym_rt_strcasecmp_name              0x08030070   Data          14  kservice.o(.constdata)
    __rtmsym_rt_strncpy_name                 0x0803007e   Data          11  kservice.o(.constdata)
    __rtmsym_rt_strncmp_name                 0x08030089   Data          11  kservice.o(.constdata)
    __rtmsym_rt_strcmp_name                  0x08030094   Data          10  kservice.o(.constdata)
    __rtmsym_rt_strlen_name                  0x0803009e   Data          10  kservice.o(.constdata)
    __rtmsym_rt_strdup_name                  0x080300a8   Data          10  kservice.o(.constdata)
    __rtmsym_rt_show_version_name            0x080300b2   Data          16  kservice.o(.constdata)
    __rtmsym_rt_vsnprintf_name               0x080300c2   Data          13  kservice.o(.constdata)
    __rtmsym_rt_snprintf_name                0x080300cf   Data          12  kservice.o(.constdata)
    __rtmsym_rt_vsprintf_name                0x080300db   Data          12  kservice.o(.constdata)
    __rtmsym_rt_sprintf_name                 0x080300e7   Data          11  kservice.o(.constdata)
    __rtmsym_rt_console_get_device_name      0x080300f2   Data          22  kservice.o(.constdata)
    __rtmsym_rt_console_set_device_name      0x08030108   Data          22  kservice.o(.constdata)
    __rtmsym_rt_hw_console_output_name       0x0803011e   Data          21  kservice.o(.constdata)
    __rtmsym_rt_kprintf_name                 0x08030133   Data          11  kservice.o(.constdata)
    __rtmsym_rt_malloc_align_name            0x0803013e   Data          16  kservice.o(.constdata)
    __rtmsym_rt_free_align_name              0x0803014e   Data          14  kservice.o(.constdata)
    __lowest_bit_bitmap                      0x0803015c   Data         256  kservice.o(.constdata)
    __rtmsym_rt_malloc_name                  0x08030280   Data          10  mem.o(.constdata)
    __rtmsym_rt_realloc_name                 0x0803028a   Data          11  mem.o(.constdata)
    __rtmsym_rt_calloc_name                  0x08030295   Data          10  mem.o(.constdata)
    __rtmsym_rt_free_name                    0x0803029f   Data           8  mem.o(.constdata)
    __fsym_list_mem_name                     0x080302a7   Data           9  mem.o(.constdata)
    __fsym_list_mem_desc                     0x080302b0   Data          30  mem.o(.constdata)
    __rtmsym_rt_mp_init_name                 0x08030404   Data          11  mempool.o(.constdata)
    __rtmsym_rt_mp_detach_name               0x0803040f   Data          13  mempool.o(.constdata)
    __rtmsym_rt_mp_create_name               0x0803041c   Data          13  mempool.o(.constdata)
    __rtmsym_rt_mp_delete_name               0x08030429   Data          13  mempool.o(.constdata)
    __rtmsym_rt_mp_alloc_name                0x08030436   Data          12  mempool.o(.constdata)
    __rtmsym_rt_mp_free_name                 0x08030442   Data          11  mempool.o(.constdata)
    __rtmsym_rt_object_get_information_name  0x08030500   Data          26  object.o(.constdata)
    __rtmsym_rt_thread_init_name             0x080305c6   Data          15  thread.o(.constdata)
    __rtmsym_rt_thread_self_name             0x080305d5   Data          15  thread.o(.constdata)
    __rtmsym_rt_thread_startup_name          0x080305e4   Data          18  thread.o(.constdata)
    __rtmsym_rt_thread_detach_name           0x080305f6   Data          17  thread.o(.constdata)
    __rtmsym_rt_thread_create_name           0x08030607   Data          17  thread.o(.constdata)
    __rtmsym_rt_thread_delete_name           0x08030618   Data          17  thread.o(.constdata)
    __rtmsym_rt_thread_yield_name            0x08030629   Data          16  thread.o(.constdata)
    __rtmsym_rt_thread_delay_name            0x08030639   Data          16  thread.o(.constdata)
    __rtmsym_rt_thread_control_name          0x08030649   Data          18  thread.o(.constdata)
    __rtmsym_rt_thread_suspend_name          0x0803065b   Data          18  thread.o(.constdata)
    __rtmsym_rt_thread_resume_name           0x0803066d   Data          17  thread.o(.constdata)
    __rtmsym_rt_thread_timeout_name          0x0803067e   Data          18  thread.o(.constdata)
    __rtmsym_rt_thread_find_name             0x08030690   Data          15  thread.o(.constdata)
    __rtmsym_rt_timer_init_name              0x08030749   Data          14  timer.o(.constdata)
    __rtmsym_rt_timer_detach_name            0x08030757   Data          16  timer.o(.constdata)
    __rtmsym_rt_timer_create_name            0x08030767   Data          16  timer.o(.constdata)
    __rtmsym_rt_timer_delete_name            0x08030777   Data          16  timer.o(.constdata)
    __rtmsym_rt_timer_start_name             0x08030787   Data          15  timer.o(.constdata)
    __rtmsym_rt_timer_stop_name              0x08030796   Data          14  timer.o(.constdata)
    __rtmsym_rt_timer_control_name           0x080307a4   Data          17  timer.o(.constdata)
    __rtmsym_rt_data_queue_init_name         0x08030aab   Data          19  dataqueue.o(.constdata)
    __rtmsym_rt_data_queue_push_name         0x08030abe   Data          19  dataqueue.o(.constdata)
    __rtmsym_rt_data_queue_pop_name          0x08030ad1   Data          18  dataqueue.o(.constdata)
    __rtmsym_rt_data_queue_peak_name         0x08030ae3   Data          19  dataqueue.o(.constdata)
    __rtmsym_rt_data_queue_reset_name        0x08030af6   Data          20  dataqueue.o(.constdata)
    __rtmsym_rt_pipe_init_name               0x08030b55   Data          13  pipe.o(.constdata)
    __rtmsym_rt_pipe_detach_name             0x08030b62   Data          15  pipe.o(.constdata)
    __rtmsym_rt_pipe_create_name             0x08030b71   Data          15  pipe.o(.constdata)
    __rtmsym_rt_pipe_destroy_name            0x08030b80   Data          16  pipe.o(.constdata)
    __rtmsym_rt_portal_init_name             0x08030be6   Data          15  portal.o(.constdata)
    __rtmsym_rt_portal_detach_name           0x08030bf5   Data          17  portal.o(.constdata)
    __rtmsym_rt_portal_create_name           0x08030c06   Data          17  portal.o(.constdata)
    __rtmsym_rt_portal_destroy_name          0x08030c17   Data          18  portal.o(.constdata)
    __rtmsym_rt_ringbuffer_init_name         0x08030c88   Data          19  ringbuffer.o(.constdata)
    __rtmsym_rt_ringbuffer_put_name          0x08030c9b   Data          18  ringbuffer.o(.constdata)
    __rtmsym_rt_ringbuffer_put_force_name    0x08030cad   Data          24  ringbuffer.o(.constdata)
    __rtmsym_rt_ringbuffer_get_name          0x08030cc5   Data          18  ringbuffer.o(.constdata)
    __rtmsym_rt_ringbuffer_putchar_name      0x08030cd7   Data          22  ringbuffer.o(.constdata)
    __rtmsym_rt_ringbuffer_putchar_force_name 0x08030ced   Data          28  ringbuffer.o(.constdata)
    __rtmsym_rt_ringbuffer_getchar_name      0x08030d09   Data          22  ringbuffer.o(.constdata)
    __fsym_hello_name                        0x08030e18   Data           6  cmd.o(.constdata)
    __fsym_hello_desc                        0x08030e1e   Data          16  cmd.o(.constdata)
    __fsym_version_name                      0x08030e2e   Data           8  cmd.o(.constdata)
    __fsym_version_desc                      0x08030e36   Data          35  cmd.o(.constdata)
    __fsym_list_thread_name                  0x08030e59   Data          12  cmd.o(.constdata)
    __fsym_list_thread_desc                  0x08030e65   Data          12  cmd.o(.constdata)
    __fsym_list_sem_name                     0x08030e71   Data           9  cmd.o(.constdata)
    __fsym_list_sem_desc                     0x08030e7a   Data          25  cmd.o(.constdata)
    __fsym_list_event_name                   0x08030e93   Data          11  cmd.o(.constdata)
    __fsym_list_event_desc                   0x08030e9e   Data          21  cmd.o(.constdata)
    __fsym_list_mutex_name                   0x08030eb3   Data          11  cmd.o(.constdata)
    __fsym_list_mutex_desc                   0x08030ebe   Data          21  cmd.o(.constdata)
    __fsym_list_mailbox_name                 0x08030ed3   Data          13  cmd.o(.constdata)
    __fsym_list_mailbox_desc                 0x08030ee0   Data          24  cmd.o(.constdata)
    __fsym_list_msgqueue_name                0x08030ef8   Data          14  cmd.o(.constdata)
    __fsym_list_msgqueue_desc                0x08030f06   Data          29  cmd.o(.constdata)
    __fsym_list_mempool_name                 0x08030f23   Data          13  cmd.o(.constdata)
    __fsym_list_mempool_desc                 0x08030f30   Data          27  cmd.o(.constdata)
    __fsym_list_timer_name                   0x08030f4b   Data          11  cmd.o(.constdata)
    __fsym_list_timer_desc                   0x08030f56   Data          21  cmd.o(.constdata)
    __fsym_list_device_name                  0x08030f6b   Data          12  cmd.o(.constdata)
    __fsym_list_device_desc                  0x08030f77   Data          22  cmd.o(.constdata)
    __fsym_list_module_name                  0x08030f8d   Data          12  cmd.o(.constdata)
    __fsym_list_module_desc                  0x08030f99   Data          22  cmd.o(.constdata)
    __fsym_list_mod_detail_name              0x08030faf   Data          16  cmd.o(.constdata)
    __fsym_list_mod_detail_desc              0x08030fbf   Data          30  cmd.o(.constdata)
    __fsym_list_name                         0x08030fdd   Data           5  cmd.o(.constdata)
    __fsym_list_desc                         0x08030fe2   Data          26  cmd.o(.constdata)
    __vsym_dummy_name                        0x08030ffc   Data           6  cmd.o(.constdata)
    __vsym_dummy_desc                        0x08031002   Data          25  cmd.o(.constdata)
    op_table                                 0x08031198   Data         196  finsh_ops.o(.constdata)
    ModuleDefaultConfig                      0x08031355   Data         276  moduleid.o(.constdata)
    tx_pwr_table                             0x080315d0   Data          16  tal_pib.o(.constdata)
    __ctype_table                            0x08031728   Data         129  ctype_o.o(.constdata)
    __mathlib_zero                           0x080317e0   Data           8  qnan.o(.constdata)
    __rt_init_rti_start                      0x08031ae0   Data           4  components.o(.rti_fn.0)
    __rt_init_rti_board_end                  0x08031ae4   Data           4  components.o(.rti_fn.1.post)
    __rt_init_rt_system_module_init          0x08031ae8   Data           4  module.o(.rti_fn.3)
    __rt_init_rt_i2c_core_init               0x08031aec   Data           4  i2c_core.o(.rti_fn.3)
    __rt_init_finsh_system_init              0x08031af0   Data           4  shell.o(.rti_fn.3)
    __rt_init_rti_end                        0x08031af4   Data           4  components.o(.rti_fn.7)
    FSymTab$$Base                            0x08031af8   Number         0  cv_vam_api.o(FSymTab)
    __fsym_vam_start                         0x08031af8   Data          12  cv_vam_api.o(FSymTab)
    __fsym_vam_stop                          0x08031b04   Data          12  cv_vam_api.o(FSymTab)
    __fsym_test_bsm                          0x08031b10   Data          12  cv_vam_rcp.o(FSymTab)
    __fsym_stop_test_bsm                     0x08031b1c   Data          12  cv_vam_rcp.o(FSymTab)
    __fsym_test_bsm_2                        0x08031b28   Data          12  cv_vam_rcp.o(FSymTab)
    __fsym_stop_test_bsm_2                   0x08031b34   Data          12  cv_vam_rcp.o(FSymTab)
    __fsym_vam_list_sta                      0x08031b40   Data          12  cv_vam_vsm.o(FSymTab)
    __fsym_test_alert                        0x08031b4c   Data          12  cv_sys_manager.o(FSymTab)
    __fsym_param_get                         0x08031b58   Data          12  cv_sys_param.o(FSymTab)
    __fsym_param_set                         0x08031b64   Data          12  cv_sys_param.o(FSymTab)
    __fsym_touch_t                           0x08031b70   Data          12  cv_drv_msnr.o(FSymTab)
    __fsym_reset                             0x08031b7c   Data          12  board.o(FSymTab)
    __fsym_list_mem                          0x08031b88   Data          12  mem.o(FSymTab)
    __fsym_hello                             0x08031b94   Data          12  cmd.o(FSymTab)
    __fsym_version                           0x08031ba0   Data          12  cmd.o(FSymTab)
    __fsym_list_thread                       0x08031bac   Data          12  cmd.o(FSymTab)
    __fsym_list_sem                          0x08031bb8   Data          12  cmd.o(FSymTab)
    __fsym_list_event                        0x08031bc4   Data          12  cmd.o(FSymTab)
    __fsym_list_mutex                        0x08031bd0   Data          12  cmd.o(FSymTab)
    __fsym_list_mailbox                      0x08031bdc   Data          12  cmd.o(FSymTab)
    __fsym_list_msgqueue                     0x08031be8   Data          12  cmd.o(FSymTab)
    __fsym_list_mempool                      0x08031bf4   Data          12  cmd.o(FSymTab)
    __fsym_list_timer                        0x08031c00   Data          12  cmd.o(FSymTab)
    __fsym_list_device                       0x08031c0c   Data          12  cmd.o(FSymTab)
    __fsym_list_module                       0x08031c18   Data          12  cmd.o(FSymTab)
    __fsym_list_mod_detail                   0x08031c24   Data          12  cmd.o(FSymTab)
    __fsym_list                              0x08031c30   Data          12  cmd.o(FSymTab)
    FSymTab$$Limit                           0x08031c3c   Number         0  cmd.o(FSymTab)
    RTMSymTab$$Base                          0x08031c3c   Number         0  clock.o(RTMSymTab)
    __rtmsym_rt_tick_get                     0x08031c3c   Data           8  clock.o(RTMSymTab)
    __rtmsym_rt_tick_from_millisecond        0x08031c44   Data           8  clock.o(RTMSymTab)
    __rtmsym_rt_device_register              0x08031c4c   Data           8  device.o(RTMSymTab)
    __rtmsym_rt_device_unregister            0x08031c54   Data           8  device.o(RTMSymTab)
    __rtmsym_rt_device_find                  0x08031c5c   Data           8  device.o(RTMSymTab)
    __rtmsym_rt_device_open                  0x08031c64   Data           8  device.o(RTMSymTab)
    __rtmsym_rt_device_close                 0x08031c6c   Data           8  device.o(RTMSymTab)
    __rtmsym_rt_device_read                  0x08031c74   Data           8  device.o(RTMSymTab)
    __rtmsym_rt_device_write                 0x08031c7c   Data           8  device.o(RTMSymTab)
    __rtmsym_rt_device_control               0x08031c84   Data           8  device.o(RTMSymTab)
    __rtmsym_rt_device_set_rx_indicate       0x08031c8c   Data           8  device.o(RTMSymTab)
    __rtmsym_rt_device_set_tx_complete       0x08031c94   Data           8  device.o(RTMSymTab)
    __rtmsym_rt_sem_init                     0x08031c9c   Data           8  ipc.o(RTMSymTab)
    __rtmsym_rt_sem_detach                   0x08031ca4   Data           8  ipc.o(RTMSymTab)
    __rtmsym_rt_sem_create                   0x08031cac   Data           8  ipc.o(RTMSymTab)
    __rtmsym_rt_sem_delete                   0x08031cb4   Data           8  ipc.o(RTMSymTab)
    __rtmsym_rt_sem_take                     0x08031cbc   Data           8  ipc.o(RTMSymTab)
    __rtmsym_rt_sem_trytake                  0x08031cc4   Data           8  ipc.o(RTMSymTab)
    __rtmsym_rt_sem_release                  0x08031ccc   Data           8  ipc.o(RTMSymTab)
    __rtmsym_rt_sem_control                  0x08031cd4   Data           8  ipc.o(RTMSymTab)
    __rtmsym_rt_mutex_init                   0x08031cdc   Data           8  ipc.o(RTMSymTab)
    __rtmsym_rt_mutex_detach                 0x08031ce4   Data           8  ipc.o(RTMSymTab)
    __rtmsym_rt_mutex_create                 0x08031cec   Data           8  ipc.o(RTMSymTab)
    __rtmsym_rt_mutex_delete                 0x08031cf4   Data           8  ipc.o(RTMSymTab)
    __rtmsym_rt_mutex_take                   0x08031cfc   Data           8  ipc.o(RTMSymTab)
    __rtmsym_rt_mutex_release                0x08031d04   Data           8  ipc.o(RTMSymTab)
    __rtmsym_rt_mutex_control                0x08031d0c   Data           8  ipc.o(RTMSymTab)
    __rtmsym_rt_event_init                   0x08031d14   Data           8  ipc.o(RTMSymTab)
    __rtmsym_rt_event_detach                 0x08031d1c   Data           8  ipc.o(RTMSymTab)
    __rtmsym_rt_event_create                 0x08031d24   Data           8  ipc.o(RTMSymTab)
    __rtmsym_rt_event_delete                 0x08031d2c   Data           8  ipc.o(RTMSymTab)
    __rtmsym_rt_event_send                   0x08031d34   Data           8  ipc.o(RTMSymTab)
    __rtmsym_rt_event_recv                   0x08031d3c   Data           8  ipc.o(RTMSymTab)
    __rtmsym_rt_event_control                0x08031d44   Data           8  ipc.o(RTMSymTab)
    __rtmsym_rt_mb_init                      0x08031d4c   Data           8  ipc.o(RTMSymTab)
    __rtmsym_rt_mb_detach                    0x08031d54   Data           8  ipc.o(RTMSymTab)
    __rtmsym_rt_mb_create                    0x08031d5c   Data           8  ipc.o(RTMSymTab)
    __rtmsym_rt_mb_delete                    0x08031d64   Data           8  ipc.o(RTMSymTab)
    __rtmsym_rt_mb_send_wait                 0x08031d6c   Data           8  ipc.o(RTMSymTab)
    __rtmsym_rt_mb_send                      0x08031d74   Data           8  ipc.o(RTMSymTab)
    __rtmsym_rt_mb_recv                      0x08031d7c   Data           8  ipc.o(RTMSymTab)
    __rtmsym_rt_mb_control                   0x08031d84   Data           8  ipc.o(RTMSymTab)
    __rtmsym_rt_mq_init                      0x08031d8c   Data           8  ipc.o(RTMSymTab)
    __rtmsym_rt_mq_detach                    0x08031d94   Data           8  ipc.o(RTMSymTab)
    __rtmsym_rt_mq_create                    0x08031d9c   Data           8  ipc.o(RTMSymTab)
    __rtmsym_rt_mq_delete                    0x08031da4   Data           8  ipc.o(RTMSymTab)
    __rtmsym_rt_mq_send                      0x08031dac   Data           8  ipc.o(RTMSymTab)
    __rtmsym_rt_mq_urgent                    0x08031db4   Data           8  ipc.o(RTMSymTab)
    __rtmsym_rt_mq_recv                      0x08031dbc   Data           8  ipc.o(RTMSymTab)
    __rtmsym_rt_mq_control                   0x08031dc4   Data           8  ipc.o(RTMSymTab)
    __rtmsym_rt_interrupt_enter              0x08031dcc   Data           8  irq.o(RTMSymTab)
    __rtmsym_rt_interrupt_leave              0x08031dd4   Data           8  irq.o(RTMSymTab)
    __rtmsym_rt_interrupt_get_nest           0x08031ddc   Data           8  irq.o(RTMSymTab)
    __rtmsym_rt_hw_interrupt_disable         0x08031de4   Data           8  irq.o(RTMSymTab)
    __rtmsym_rt_hw_interrupt_enable          0x08031dec   Data           8  irq.o(RTMSymTab)
    __rtmsym_rt_get_errno                    0x08031df4   Data           8  kservice.o(RTMSymTab)
    __rtmsym_rt_set_errno                    0x08031dfc   Data           8  kservice.o(RTMSymTab)
    __rtmsym__rt_errno                       0x08031e04   Data           8  kservice.o(RTMSymTab)
    __rtmsym_rt_memset                       0x08031e0c   Data           8  kservice.o(RTMSymTab)
    __rtmsym_rt_memcpy                       0x08031e14   Data           8  kservice.o(RTMSymTab)
    __rtmsym_rt_memmove                      0x08031e1c   Data           8  kservice.o(RTMSymTab)
    __rtmsym_rt_memcmp                       0x08031e24   Data           8  kservice.o(RTMSymTab)
    __rtmsym_rt_strstr                       0x08031e2c   Data           8  kservice.o(RTMSymTab)
    __rtmsym_rt_strcasecmp                   0x08031e34   Data           8  kservice.o(RTMSymTab)
    __rtmsym_rt_strncpy                      0x08031e3c   Data           8  kservice.o(RTMSymTab)
    __rtmsym_rt_strncmp                      0x08031e44   Data           8  kservice.o(RTMSymTab)
    __rtmsym_rt_strcmp                       0x08031e4c   Data           8  kservice.o(RTMSymTab)
    __rtmsym_rt_strlen                       0x08031e54   Data           8  kservice.o(RTMSymTab)
    __rtmsym_rt_strdup                       0x08031e5c   Data           8  kservice.o(RTMSymTab)
    __rtmsym_rt_show_version                 0x08031e64   Data           8  kservice.o(RTMSymTab)
    __rtmsym_rt_vsnprintf                    0x08031e6c   Data           8  kservice.o(RTMSymTab)
    __rtmsym_rt_snprintf                     0x08031e74   Data           8  kservice.o(RTMSymTab)
    __rtmsym_rt_vsprintf                     0x08031e7c   Data           8  kservice.o(RTMSymTab)
    __rtmsym_rt_sprintf                      0x08031e84   Data           8  kservice.o(RTMSymTab)
    __rtmsym_rt_console_get_device           0x08031e8c   Data           8  kservice.o(RTMSymTab)
    __rtmsym_rt_console_set_device           0x08031e94   Data           8  kservice.o(RTMSymTab)
    __rtmsym_rt_hw_console_output            0x08031e9c   Data           8  kservice.o(RTMSymTab)
    __rtmsym_rt_kprintf                      0x08031ea4   Data           8  kservice.o(RTMSymTab)
    __rtmsym_rt_malloc_align                 0x08031eac   Data           8  kservice.o(RTMSymTab)
    __rtmsym_rt_free_align                   0x08031eb4   Data           8  kservice.o(RTMSymTab)
    __rtmsym_rt_malloc                       0x08031ebc   Data           8  mem.o(RTMSymTab)
    __rtmsym_rt_realloc                      0x08031ec4   Data           8  mem.o(RTMSymTab)
    __rtmsym_rt_calloc                       0x08031ecc   Data           8  mem.o(RTMSymTab)
    __rtmsym_rt_free                         0x08031ed4   Data           8  mem.o(RTMSymTab)
    __rtmsym_rt_mp_init                      0x08031edc   Data           8  mempool.o(RTMSymTab)
    __rtmsym_rt_mp_detach                    0x08031ee4   Data           8  mempool.o(RTMSymTab)
    __rtmsym_rt_mp_create                    0x08031eec   Data           8  mempool.o(RTMSymTab)
    __rtmsym_rt_mp_delete                    0x08031ef4   Data           8  mempool.o(RTMSymTab)
    __rtmsym_rt_mp_alloc                     0x08031efc   Data           8  mempool.o(RTMSymTab)
    __rtmsym_rt_mp_free                      0x08031f04   Data           8  mempool.o(RTMSymTab)
    __rtmsym_rt_object_get_information       0x08031f0c   Data           8  object.o(RTMSymTab)
    __rtmsym_rt_thread_init                  0x08031f14   Data           8  thread.o(RTMSymTab)
    __rtmsym_rt_thread_self                  0x08031f1c   Data           8  thread.o(RTMSymTab)
    __rtmsym_rt_thread_startup               0x08031f24   Data           8  thread.o(RTMSymTab)
    __rtmsym_rt_thread_detach                0x08031f2c   Data           8  thread.o(RTMSymTab)
    __rtmsym_rt_thread_create                0x08031f34   Data           8  thread.o(RTMSymTab)
    __rtmsym_rt_thread_delete                0x08031f3c   Data           8  thread.o(RTMSymTab)
    __rtmsym_rt_thread_yield                 0x08031f44   Data           8  thread.o(RTMSymTab)
    __rtmsym_rt_thread_delay                 0x08031f4c   Data           8  thread.o(RTMSymTab)
    __rtmsym_rt_thread_control               0x08031f54   Data           8  thread.o(RTMSymTab)
    __rtmsym_rt_thread_suspend               0x08031f5c   Data           8  thread.o(RTMSymTab)
    __rtmsym_rt_thread_resume                0x08031f64   Data           8  thread.o(RTMSymTab)
    __rtmsym_rt_thread_timeout               0x08031f6c   Data           8  thread.o(RTMSymTab)
    __rtmsym_rt_thread_find                  0x08031f74   Data           8  thread.o(RTMSymTab)
    __rtmsym_rt_timer_init                   0x08031f7c   Data           8  timer.o(RTMSymTab)
    __rtmsym_rt_timer_detach                 0x08031f84   Data           8  timer.o(RTMSymTab)
    __rtmsym_rt_timer_create                 0x08031f8c   Data           8  timer.o(RTMSymTab)
    __rtmsym_rt_timer_delete                 0x08031f94   Data           8  timer.o(RTMSymTab)
    __rtmsym_rt_timer_start                  0x08031f9c   Data           8  timer.o(RTMSymTab)
    __rtmsym_rt_timer_stop                   0x08031fa4   Data           8  timer.o(RTMSymTab)
    __rtmsym_rt_timer_control                0x08031fac   Data           8  timer.o(RTMSymTab)
    __rtmsym_rt_data_queue_init              0x08031fb4   Data           8  dataqueue.o(RTMSymTab)
    __rtmsym_rt_data_queue_push              0x08031fbc   Data           8  dataqueue.o(RTMSymTab)
    __rtmsym_rt_data_queue_pop               0x08031fc4   Data           8  dataqueue.o(RTMSymTab)
    __rtmsym_rt_data_queue_peak              0x08031fcc   Data           8  dataqueue.o(RTMSymTab)
    __rtmsym_rt_data_queue_reset             0x08031fd4   Data           8  dataqueue.o(RTMSymTab)
    __rtmsym_rt_pipe_init                    0x08031fdc   Data           8  pipe.o(RTMSymTab)
    __rtmsym_rt_pipe_detach                  0x08031fe4   Data           8  pipe.o(RTMSymTab)
    __rtmsym_rt_pipe_create                  0x08031fec   Data           8  pipe.o(RTMSymTab)
    __rtmsym_rt_pipe_destroy                 0x08031ff4   Data           8  pipe.o(RTMSymTab)
    __rtmsym_rt_portal_init                  0x08031ffc   Data           8  portal.o(RTMSymTab)
    __rtmsym_rt_portal_detach                0x08032004   Data           8  portal.o(RTMSymTab)
    __rtmsym_rt_portal_create                0x0803200c   Data           8  portal.o(RTMSymTab)
    __rtmsym_rt_portal_destroy               0x08032014   Data           8  portal.o(RTMSymTab)
    __rtmsym_rt_ringbuffer_init              0x0803201c   Data           8  ringbuffer.o(RTMSymTab)
    __rtmsym_rt_ringbuffer_put               0x08032024   Data           8  ringbuffer.o(RTMSymTab)
    __rtmsym_rt_ringbuffer_put_force         0x0803202c   Data           8  ringbuffer.o(RTMSymTab)
    __rtmsym_rt_ringbuffer_get               0x08032034   Data           8  ringbuffer.o(RTMSymTab)
    __rtmsym_rt_ringbuffer_putchar           0x0803203c   Data           8  ringbuffer.o(RTMSymTab)
    __rtmsym_rt_ringbuffer_putchar_force     0x08032044   Data           8  ringbuffer.o(RTMSymTab)
    __rtmsym_rt_ringbuffer_getchar           0x0803204c   Data           8  ringbuffer.o(RTMSymTab)
    RTMSymTab$$Limit                         0x08032054   Number         0  ringbuffer.o(RTMSymTab)
    Region$$Table$$Base                      0x08032054   Number         0  anon$$obj.o(Region$$Table)
    Region$$Table$$Limit                     0x08032074   Number         0  anon$$obj.o(Region$$Table)
    VSymTab$$Base                            0x08032074   Number         0  cmd.o(VSymTab)
    __vsym_dummy                             0x08032074   Data          16  cmd.o(VSymTab)
    VSymTab$$Limit                           0x08032084   Number         0  cmd.o(VSymTab)
    vsa_app_handler_tbl                      0x20000000   Data          16  cv_vsa.o(.data)
    p_vam_envar                              0x20000010   Data           4  cv_vam_main.o(.data)
    IsLocate                                 0x20000014   Data           1  cv_vam_lip_nmea.o(.data)
    gpsCycTime                               0x20000018   Data           4  cv_vam_lip_nmea.o(.data)
    timer_test_bsm_rx                        0x2000001c   Data           4  cv_vam_rcp.o(.data)
    timer_test_bsm_rx_2                      0x20000020   Data           4  cv_vam_rcp.o(.data)
    p_cms_envar                              0x20000044   Data           4  cv_sys_main.o(.data)
    p_cms_param                              0x20000048   Data           4  cv_sys_param.o(.data)
    gps_recv_cb                              0x2000004c   Data           4  cv_drv_gps.o(.data)
    get_gps                                  0x20000050   Data           1  cv_drv_gps.o(.data)
    GPIO_PORT                                0x2000005c   Data          12  led.o(.data)
    uart1                                    0x20000078   Data           8  usart.o(.data)
    uart2                                    0x20000080   Data           8  usart.o(.data)
    L3GD20Timeout                            0x20000088   Data           4  l3gd20.o(.data)
    SystemCoreClock                          0x2000009c   Data           4  system_stm32f4xx.o(.data)
    AHBPrescTable                            0x200000a0   Data          16  system_stm32f4xx.o(.data)
    rt_interrupt_nest                        0x200000b8   Data           1  irq.o(.data)
    rt_object_container                      0x20000100   Data         160  object.o(.data)
    rt_object_trytake_hook                   0x200001a8   Data           4  object.o(.data)
    rt_object_take_hook                      0x200001ac   Data           4  object.o(.data)
    rt_object_put_hook                       0x200001b0   Data           4  object.o(.data)
    rt_current_thread                        0x200001b8   Data           4  scheduler.o(.data)
    rt_current_priority                      0x200001bc   Data           1  scheduler.o(.data)
    rt_thread_ready_priority_group           0x200001c0   Data           4  scheduler.o(.data)
    rt_thread_defunct                        0x200001c4   Data           8  scheduler.o(.data)
    rt_interrupt_from_thread                 0x200001e4   Data           4  cpuport.o(.data)
    rt_interrupt_to_thread                   0x200001e8   Data           4  cpuport.o(.data)
    rt_thread_switch_interrupt_flag          0x200001ec   Data           4  cpuport.o(.data)
    shell                                    0x200001f0   Data           4  shell.o(.data)
    _syscall_table_begin                     0x200001f4   Data           4  symbol.o(.data)
    _syscall_table_end                       0x200001f8   Data           4  symbol.o(.data)
    _sysvar_table_begin                      0x200001fc   Data           4  symbol.o(.data)
    _sysvar_table_end                        0x20000200   Data           4  symbol.o(.data)
    finsh_compile_sp                         0x20000208   Data           4  finsh_compiler.o(.data)
    finsh_compile_pc                         0x2000020c   Data           4  finsh_compiler.o(.data)
    global_errno                             0x2000024c   Data           1  finsh_error.o(.data)
    global_sysvar_list                       0x20000258   Data           4  finsh_var.o(.data)
    global_syscall_list                      0x2000025c   Data           4  finsh_vm.o(.data)
    finsh_sp                                 0x20000260   Data           4  finsh_vm.o(.data)
    finsh_pc                                 0x20000264   Data           4  finsh_vm.o(.data)
    mac_state                                0x20000268   Data           1  mac.o(.data)
    mac_scan_state                           0x20000269   Data           1  mac.o(.data)
    mac_sync_state                           0x2000026a   Data           1  mac.o(.data)
    mac_poll_state                           0x2000026b   Data           1  mac.o(.data)
    mac_radio_sleep_state                    0x2000026c   Data           1  mac.o(.data)
    mac_rx_enabled                           0x2000026d   Data           1  mac.o(.data)
    mac_last_dsn                             0x2000026e   Data           1  mac.o(.data)
    mac_last_src_addr                        0x20000270   Data           8  mac.o(.data)
    mac_conf_buf_ptr                         0x20000278   Data           4  mac.o(.data)
    mac_busy                                 0x2000027c   Data           1  mac.o(.data)
    event_processed                          0x2000027d   Data           1  mac_api.o(.data)
    ledTxCounter                             0x20000280   Data           4  mac_process_tal_tx_frame_status.o(.data)
    ledRxCounter                             0x20000284   Data           4  mac_process_tal_tx_frame_status.o(.data)
    App_System_Para_Pointer                  0x20000288   Data           4  moduleid.o(.data)
    NwkState                                 0x20000290   Data           2  nwk.o(.data)
    NwkPermitJoiningState                    0x20000292   Data           1  nwk.o(.data)
    NwkFormationState                        0x20000293   Data           1  nwk.o(.data)
    NwkNetworkDiscoveryState                 0x20000294   Data           1  nwk.o(.data)
    NwkJoinReqState                          0x20000295   Data           1  nwk.o(.data)
    NwkJoinIndState                          0x20000296   Data           1  nwk.o(.data)
    NwkStartRouterState                      0x20000297   Data           1  nwk.o(.data)
    NwkLeaveReqState                         0x20000298   Data           1  nwk.o(.data)
    NwkLinkStatusState                       0x20000299   Data           1  nwk.o(.data)
    NwkRouteDiscoveryState                   0x2000029a   Data           1  nwk.o(.data)
    NwkRouteRecordState                      0x2000029b   Data           1  nwk.o(.data)
    NwkStatusState                           0x2000029c   Data           1  nwk.o(.data)
    gNwk_RouteDiscovery_sequence             0x2000029d   Data           1  nwk.o(.data)
    gNwkAddrMap_BitMap                       0x200002a0   Data           4  nwk.o(.data)
    gResIndex                                0x200002a4   Data           1  nwk.o(.data)
    gRouteRelayRetries                       0x200002a5   Data           1  nwk.o(.data)
    gSelectChannel                           0x200002a6   Data           1  nwk.o(.data)
    gPowerUpFlag                             0x200002a7   Data           1  nwk.o(.data)
    broadDelayBitmap                         0x200002a8   Data           8  nwk.o(.data)
    minBroadDelayIndex                       0x200002b0   Data           1  nwk.o(.data)
    broadDelayCount                          0x200002b1   Data           1  nwk.o(.data)
    uartEnableRequire                        0x200002b2   Data           1  nwk.o(.data)
    BackgroundCmdProce                       0x200002b4   Data           8  nwk.o(.data)
    gNwk_conf_buf_ptr                        0x200002bc   Data           4  nwk.o(.data)
    gNeighborParent_p                        0x200002c0   Data           4  nwk.o(.data)
    gJoinCoordShortAddress                   0x200002c4   Data           2  nwk.o(.data)
    Nwk_NibAttrValue                         0x200002c8   Data           8  nwk.o(.data)
    gNwkFrameHeader_p                        0x200002d0   Data           4  nwk.o(.data)
    nwk_frame_ptr                            0x200002d4   Data           4  nwk.o(.data)
    gResponseData                            0x200002d8   Data           8  nwk.o(.data)
    currentTime                              0x200002e0   Data           4  nwk.o(.data)
    serialMode                               0x200002e4   Data           1  nwk.o(.data)
    tal_rx_buffer                            0x2000030c   Data           4  tal.o(.data)
    tal_state                                0x20000313   Data           1  tal.o(.data)
    tal_trx_status                           0x20000314   Data           1  tal.o(.data)
    tal_rx_on_required                       0x20000315   Data           1  tal.o(.data)
    tal_frame_to_tx                          0x20000318   Data           4  tal.o(.data)
    mac_frame_ptr                            0x2000031c   Data           4  tal.o(.data)
    last_frame_length                        0x20000320   Data           1  tal.o(.data)
    tal_awake_end_flag                       0x20000321   Data           1  tal.o(.data)
    __stdout                                 0x20000328   Data           4  stdout.o(.data)
    test_bsm_rx                              0x20000438   Data          33  cv_vam_rcp.o(.bss)
    test_rxbd                                0x20000459   Data          13  cv_vam_rcp.o(.bss)
    test_bsm_rx_2                            0x20000466   Data          33  cv_vam_rcp.o(.bss)
    test_rxbd_2                              0x20000487   Data          13  cv_vam_rcp.o(.bss)
    cms_envar                                0x20000494   Data         592  cv_sys_main.o(.bss)
    thread_zigbee                            0x20000ae4   Data         136  cv_sys_main.o(.bss)
    cms_param                                0x20000b6c   Data          20  cv_sys_param.o(.bss)
    __GPSBuff                                0x20000b80   Data        1324  cv_drv_gps.o(.bss)
    _GPSBuffer                               0x200010ac   Data         256  cv_drv_gps.o(.bss)
    mutex_gps                                0x200011ac   Data          40  cv_drv_gps.o(.bss)
    uart1_int_rx                             0x20001324   Data        1028  usart.o(.bss)
    serial1                                  0x20001728   Data         128  usart.o(.bss)
    uart2_int_rx                             0x200017a8   Data        1028  usart.o(.bss)
    serial2                                  0x20001bac   Data         128  usart.o(.bss)
    rt_thread_priority_table                 0x20001f58   Data         256  scheduler.o(.bss)
    finsh_heap                               0x20002308   Data         128  finsh_heap.o(.bss)
    global_node_table                        0x20002388   Data         320  finsh_node.o(.bss)
    global_variable                          0x200024c8   Data         192  finsh_var.o(.bss)
    finsh_vm_stack                           0x20002588   Data         256  finsh_vm.o(.bss)
    text_segment                             0x20002688   Data         128  finsh_vm.o(.bss)
    mac_parse_data                           0x20002708   Data          56  mac.o(.bss)
    nhle_mac_q                               0x20002740   Data          12  mac.o(.bss)
    tal_mac_q                                0x2000274c   Data          12  mac.o(.bss)
    mac_pib                                  0x20002758   Data          24  mac.o(.bss)
    mac_nhle_q                               0x20002770   Data          12  mac_api.o(.bss)
    zigbeeTask_Sem                           0x2000277c   Data          36  mac_api.o(.bss)
    ModuleCfgInfo                            0x200027a0   Data         276  moduleid.o(.bss)
    interModuleCfgInfo                       0x200028b4   Data         276  moduleid.o(.bss)
    gNwkAddrMap                              0x200029c8   Data         320  nwk.o(.bss)
    aps_nwk_q                                0x20002b08   Data          12  nwk.o(.bss)
    nwk_aps_q                                0x20002b14   Data          12  nwk.o(.bss)
    gNwk_nib                                 0x20002b20   Data         144  nwk.o(.bss)
    gNwkParse                                0x20002bb0   Data          40  nwk.o(.bss)
    gNwkRoutingTableEntry                    0x20002bd8   Data         300  nwk.o(.bss)
    gNwkRoutingTable                         0x20002d04   Data          12  nwk.o(.bss)
    gNwkRouteCacheRecordEntry                0x20002d10   Data         600  nwk.o(.bss)
    gNwkRouteCacheTable                      0x20002f68   Data          24  nwk.o(.bss)
    gNwkRouteDiscoveryTableEntry             0x20002f80   Data         960  nwk.o(.bss)
    gNwkRouteDiscoveryTable                  0x20003340   Data          12  nwk.o(.bss)
    gMyAddress_report                        0x2000334c   Data          22  nwk.o(.bss)
    gNwkSequence                             0x20003362   Data         120  nwk.o(.bss)
    gNwkPassiveAckEntry                      0x200033dc   Data          60  nwk.o(.bss)
    gNwkPassiveAckTable                      0x20003418   Data          12  nwk.o(.bss)
    nwkBroadDelay                            0x20003424   Data          24  nwk.o(.bss)
    uart_0_buffer                            0x2000343c   Data          96  nwk_broadcast.o(.bss)
    timer_array                              0x2000349c   Data         240  pal_timer.o(.bss)
    free_large_buffer_q                      0x20003b98   Data          12  bmm.o(.bss)
    tal_pib                                  0x20003ba8   Data          32  tal.o(.bss)
    tal_incoming_frame_queue                 0x20003bc8   Data          12  tal.o(.bss)
    Image$$RW_IRAM1$$ZI$$Limit               0x20003fd8   Number         0  startup_stm32f4xx.o(STACK)
    __initial_sp                             0x20003fd8   Data           0  startup_stm32f4xx.o(STACK)



==============================================================================

Memory Map of the image

  Image Entry point : 0x08000189

  Load Region LR_IROM1 (Base: 0x08000000, Size: 0x000323b4, Max: 0x00100000, ABSOLUTE, COMPRESSED[0x0003217c])

    Execution Region ER_IROM1 (Base: 0x08000000, Size: 0x00032084, Max: 0x00100000, ABSOLUTE)

    Base Addr    Size         Type   Attr      Idx    E Section Name        Object

    0x08000000   0x00000188   Data   RO         1574    RESET               startup_stm32f4xx.o
    0x08000188   0x00000000   Code   RO         4209  * .ARM.Collect$$$$00000000  mc_w.l(entry.o)
    0x08000188   0x00000004   Code   RO         4575    .ARM.Collect$$$$00000001  mc_w.l(entry2.o)
    0x0800018c   0x00000004   Code   RO         4578    .ARM.Collect$$$$00000004  mc_w.l(entry5.o)
    0x08000190   0x00000000   Code   RO         4580    .ARM.Collect$$$$00000008  mc_w.l(entry7b.o)
    0x08000190   0x00000000   Code   RO         4582    .ARM.Collect$$$$0000000A  mc_w.l(entry8b.o)
    0x08000190   0x00000008   Code   RO         4583    .ARM.Collect$$$$0000000B  mc_w.l(entry9a.o)
    0x08000198   0x00000000   Code   RO         4585    .ARM.Collect$$$$0000000D  mc_w.l(entry10a.o)
    0x08000198   0x00000000   Code   RO         4587    .ARM.Collect$$$$0000000F  mc_w.l(entry11a.o)
    0x08000198   0x00000004   Code   RO         4576    .ARM.Collect$$$$00002712  mc_w.l(entry2.o)
    0x0800019c   0x0000045c   Code   RO            3    .text               cv_vsa.o
    0x080005f8   0x00000748   Code   RO          220    .text               cv_vam_main.o
    0x08000d40   0x000001e0   Code   RO          257    .text               cv_vam_api.o
    0x08000f20   0x000000e4   Code   RO          301    .text               cv_vam_lip.o
    0x08001004   0x0000081c   Code   RO          321    .text               cv_vam_lip_nmea.o
    0x08001820   0x000006e8   Code   RO          365    .text               cv_vam_rcp.o
    0x08001f08   0x00000364   Code   RO          391    .text               cv_vam_vsm.o
    0x0800226c   0x00000788   Code   RO          429    .text               cv_vam_util.o
    0x080029f4   0x00000138   Code   RO          456    .text               cv_sys_main.o
    0x08002b2c   0x00000640   Code   RO          485    .text               cv_sys_manager.o
    0x0800316c   0x00000308   Code   RO          513    .text               cv_sys_param.o
    0x08003474   0x000002dc   Code   RO          551    .text               cv_drv_gps.o
    0x08003750   0x000002f0   Code   RO          584    .text               cv_drv_msnr.o
    0x08003a40   0x0000019c   Code   RO          640    .text               cv_drv_voc.o
    0x08003bdc   0x00000058   Code   RO          662    .text               cv_drv_led.o
    0x08003c34   0x000001ac   Code   RO          682    .text               board.o
    0x08003de0   0x0000007a   Code   RO          734    .text               isr.o
    0x08003e5a   0x00000002   PAD
    0x08003e5c   0x00000088   Code   RO          754    .text               led.o
    0x08003ee4   0x00000150   Code   RO          778    .text               platform.o
    0x08004034   0x000002a0   Code   RO          803    .text               spi.o
    0x080042d4   0x00000414   Code   RO          825    .text               usart.o
    0x080046e8   0x000003b4   Code   RO          857    .text               l3gd20.o
    0x08004a9c   0x000001c0   Code   RO          906    .text               misc.o
    0x08004c5c   0x000005c4   Code   RO         1070    .text               stm32f4xx_dac.o
    0x08005220   0x00001358   Code   RO         1133    .text               stm32f4xx_dma.o
    0x08006578   0x000002d4   Code   RO         1154    .text               stm32f4xx_exti.o
    0x0800684c   0x000008c8   Code   RO         1217    .text               stm32f4xx_gpio.o
    0x08007114   0x000000ac   Code   RO         1320    .text               stm32f4xx_iwdg.o
    0x080071c0   0x00000210   Code   RO         1341    .text               stm32f4xx_pwr.o
    0x080073d0   0x00000cfc   Code   RO         1362    .text               stm32f4xx_rcc.o
    0x080080cc   0x00000b48   Code   RO         1448    .text               stm32f4xx_spi.o
    0x08008c14   0x0000014c   Code   RO         1469    .text               stm32f4xx_syscfg.o
    0x08008d60   0x000031ec   Code   RO         1490    .text               stm32f4xx_tim.o
    0x0800bf4c   0x00000e20   Code   RO         1511    .text               stm32f4xx_usart.o
    0x0800cd6c   0x000000bc   Code   RO         1553    .text               startup.o
    0x0800ce28   0x00000024   Code   RO         1575    .text               startup_stm32f4xx.o
    0x0800ce4c   0x000001d8   Code   RO         1581    .text               system_stm32f4xx.o
    0x0800d024   0x00000064   Code   RO         1605    .text               clock.o
    0x0800d088   0x00000438   Code   RO         1622    .text               device.o
    0x0800d4c0   0x0000019c   Code   RO         1639    .text               idle.o
    0x0800d65c   0x00001b20   Code   RO         1659    .text               ipc.o
    0x0800f17c   0x00000048   Code   RO         1679    .text               irq.o
    0x0800f1c4   0x000009b0   Code   RO         1696    .text               kservice.o
    0x0800fb74   0x000009b0   Code   RO         1714    .text               mem.o
    0x08010524   0x00000440   Code   RO         1733    .text               mempool.o
    0x08010964   0x000011a8   Code   RO         1753    .text               module.o
    0x08011b0c   0x00000388   Code   RO         1777    .text               object.o
    0x08011e94   0x00000334   Code   RO         1798    .text               scheduler.o
    0x080121c8   0x000006b4   Code   RO         1819    .text               thread.o
    0x0801287c   0x00000560   Code   RO         1839    .text               timer.o
    0x08012ddc   0x000001c0   Code   RO         1860    .text               cpuport.o
    0x08012f9c   0x00000110   Code   RO         1876    .text               context_rvds.o
    0x080130ac   0x000001a8   Code   RO         1916    .text               i2c_core.o
    0x08013254   0x00000244   Code   RO         1933    .text               i2c_dev.o
    0x08013498   0x00000608   Code   RO         1960    .text               serial.o
    0x08013aa0   0x0000076c   Code   RO         1973    .text               spi_core.o
    0x0801420c   0x00000398   Code   RO         1986    .text               spi_dev.o
    0x080145a4   0x000004c4   Code   RO         2015    .text               dataqueue.o
    0x08014a68   0x00000530   Code   RO         2037    .text               pipe.o
    0x08014f98   0x00000374   Code   RO         2059    .text               portal.o
    0x0801530c   0x00000540   Code   RO         2075    .text               ringbuffer.o
    0x0801584c   0x000009f4   Code   RO         2097    .text               shell.o
    0x08016240   0x00000de0   Code   RO         2129    .text               cmd.o
    0x08017020   0x00001818   Code   RO         2152    .text               finsh_compiler.o
    0x08018838   0x0000002c   Code   RO         2189    .text               finsh_error.o
    0x08018864   0x00000210   Code   RO         2205    .text               finsh_heap.o
    0x08018a74   0x00000058   Code   RO         2221    .text               finsh_init.o
    0x08018acc   0x00000184   Code   RO         2239    .text               finsh_node.o
    0x08018c50   0x00000adc   Code   RO         2254    .text               finsh_ops.o
    0x0801972c   0x0000097c   Code   RO         2272    .text               finsh_parser.o
    0x0801a0a8   0x00000198   Code   RO         2287    .text               finsh_var.o
    0x0801a240   0x000000e4   Code   RO         2310    .text               finsh_vm.o
    0x0801a324   0x0000063c   Code   RO         2337    .text               finsh_token.o
    0x0801a960   0x00000040   Code   RO         2352    .text               components.o
    0x0801a9a0   0x000000ac   Code   RO         2799    .text               mac.o
    0x0801aa4c   0x00000194   Code   RO         2852    .text               mac_api.o
    0x0801abe0   0x0000008c   Code   RO         2967    .text               mac_callback_wrapper.o
    0x0801ac6c   0x00000104   Code   RO         3064    .text               mac_data_extract_mhr.o
    0x0801ad70   0x0000030c   Code   RO         3087    .text               mac_data_ind.o
    0x0801b07c   0x0000002c   Code   RO         3124    .text               mac_dispatcher.o
    0x0801b0a8   0x00000680   Code   RO         3146    .text               mac_mcps_data.o
    0x0801b728   0x00000194   Code   RO         3186    .text               mac_misc.o
    0x0801b8bc   0x000001d0   Code   RO         3213    .text               mac_pib.o
    0x0801ba8c   0x00000240   Code   RO         3236    .text               mac_process_tal_tx_frame_status.o
    0x0801bccc   0x0000000c   Code   RO         3266    .text               usr_mcps_data_conf.o
    0x0801bcd8   0x00000328   Code   RO         3290    .text               usr_mcps_data_ind.o
    0x0801c000   0x00000068   Code   RO         3314    .text               usr_mlme_reset_conf.o
    0x0801c068   0x00000048   Code   RO         3344    .text               moduleid.o
    0x0801c0b0   0x00000090   Code   RO         3376    .text               nwk.o
    0x0801c140   0x00000510   Code   RO         3442    .text               nwk_api.o
    0x0801c650   0x00000558   Code   RO         3466    .text               nwk_broadcast.o
    0x0801cba8   0x00000060   Code   RO         3501    .text               nwk_callback_wrapper.o
    0x0801cc08   0x00000d98   Code   RO         3521    .text               nwk_datareq.o
    0x0801d9a0   0x0000002c   Code   RO         3551    .text               nwk_dispatcher.o
    0x0801d9cc   0x000003a0   Code   RO         3573    .text               nwk_misc.o
    0x0801dd6c   0x0000012c   Code   RO         3596    .text               nwk_pib.o
    0x0801de98   0x000000a8   Code   RO         3618    .text               nwkframe.o
    0x0801df40   0x00000110   Code   RO         3638    .text               usr_nlde_data_conf.o
    0x0801e050   0x00000310   Code   RO         3663    .text               usr_nlde_data_ind.o
    0x0801e360   0x00000330   Code   RO         3688    .text               pal.o
    0x0801e690   0x000005fc   Code   RO         3710    .text               pal_timer.o
    0x0801ec8c   0x000002a8   Code   RO         3735    .text               pal_trx_access.o
    0x0801ef34   0x00000340   Code   RO         3758    .text               pal_board.o
    0x0801f274   0x00000060   Code   RO         3784    .text               pal_irq.o
    0x0801f2d4   0x00000118   Code   RO         3811    .text               qmm.o
    0x0801f3ec   0x00000080   Code   RO         3831    .text               bmm.o
    0x0801f46c   0x00000d94   Code   RO         3855    .text               tal.o
    0x08020200   0x0000044c   Code   RO         3920    .text               tal_init.o
    0x0802064c   0x00000090   Code   RO         3941    .text               tal_irq_handler.o
    0x080206dc   0x0000056c   Code   RO         3961    .text               tal_pib.o
    0x08020c48   0x000000b0   Code   RO         3987    .text               tal_rx.o
    0x08020cf8   0x00000048   Code   RO         4007    .text               tal_rx_enable.o
    0x08020d40   0x000001c0   Code   RO         4027    .text               tal_tx.o
    0x08020f00   0x00000056   Code   RO         4072    .text               bsp_os.o
    0x08020f56   0x00000002   PAD
    0x08020f58   0x00000078   Code   RO         4089    .text               zigbee_main.o
    0x08020fd0   0x00000008   Code   RO         4212    .text               mc_w.l(ctype_o.o)
    0x08020fd8   0x00000012   Code   RO         4234    .text               mc_w.l(isspace_o.o)
    0x08020fea   0x00000002   PAD
    0x08020fec   0x00000024   Code   RO         4240    .text               mc_w.l(rand.o)
    0x08021010   0x00000024   Code   RO         4243    .text               mc_w.l(memcpya.o)
    0x08021034   0x00000024   Code   RO         4245    .text               mc_w.l(memseta.o)
    0x08021058   0x00000018   Code   RO         4247    .text               mc_w.l(strncpy.o)
    0x08021070   0x00000014   Code   RO         4249    .text               mc_w.l(strchr.o)
    0x08021084   0x0000000e   Code   RO         4251    .text               mc_w.l(strlen.o)
    0x08021092   0x0000001c   Code   RO         4253    .text               mc_w.l(strcmp.o)
    0x080210ae   0x0000001a   Code   RO         4255    .text               mc_w.l(memcmp.o)
    0x080210c8   0x0000001e   Code   RO         4257    .text               mc_w.l(strncmp.o)
    0x080210e6   0x0000001a   Code   RO         4522    .text               mc_w.l(atoi.o)
    0x08021100   0x0000014e   Code   RO         4524    .text               mf_w.l(dadd.o)
    0x0802124e   0x000000e4   Code   RO         4526    .text               mf_w.l(dmul.o)
    0x08021332   0x000000de   Code   RO         4528    .text               mf_w.l(ddiv.o)
    0x08021410   0x00000022   Code   RO         4532    .text               mf_w.l(dflti.o)
    0x08021432   0x0000001a   Code   RO         4534    .text               mf_w.l(dfltui.o)
    0x0802144c   0x0000003e   Code   RO         4536    .text               mf_w.l(dfixi.o)
    0x0802148a   0x00000032   Code   RO         4538    .text               mf_w.l(dfixui.o)
    0x080214bc   0x00000026   Code   RO         4540    .text               mf_w.l(f2d.o)
    0x080214e2   0x00000002   PAD
    0x080214e4   0x00000028   Code   RO         4542    .text               mf_w.l(cdcmple.o)
    0x0802150c   0x00000028   Code   RO         4544    .text               mf_w.l(cdrcmple.o)
    0x08021534   0x00000038   Code   RO         4546    .text               mf_w.l(d2f.o)
    0x0802156c   0x0000002c   Code   RO         4592    .text               mc_w.l(uidiv.o)
    0x08021598   0x00000062   Code   RO         4594    .text               mc_w.l(uldiv.o)
    0x080215fa   0x0000001e   Code   RO         4596    .text               mc_w.l(llshl.o)
    0x08021618   0x00000020   Code   RO         4598    .text               mc_w.l(llushr.o)
    0x08021638   0x00000024   Code   RO         4600    .text               mc_w.l(llsshr.o)
    0x0802165c   0x0000009c   Code   RO         4609    .text               mc_w.l(strtod.o)
    0x080216f8   0x00000070   Code   RO         4611    .text               mc_w.l(strtol.o)
    0x08021768   0x00000000   Code   RO         4613    .text               mc_w.l(iusefp.o)
    0x08021768   0x0000006c   Code   RO         4614    .text               mf_w.l(fepilogue.o)
    0x080217d4   0x000000be   Code   RO         4616    .text               mf_w.l(depilogue.o)
    0x08021892   0x0000002e   Code   RO         4618    .text               mf_w.l(dscalb.o)
    0x080218c0   0x000000a2   Code   RO         4620    .text               mf_w.l(dsqrt.o)
    0x08021962   0x00000030   Code   RO         4622    .text               mf_w.l(dfixul.o)
    0x08021992   0x00000002   PAD
    0x08021994   0x00000024   Code   RO         4624    .text               mc_w.l(init.o)
    0x080219b8   0x00000000   Code   RO         4626    .text               mc_w.l(semi.o)
    0x080219b8   0x0000033c   Code   RO         4629    .text               mc_w.l(scanf_fp.o)
    0x08021cf4   0x00000040   Code   RO         4633    .text               mc_w.l(_sgetc.o)
    0x08021d34   0x0000009e   Code   RO         4635    .text               mc_w.l(_strtoul.o)
    0x08021dd2   0x00000000   Code   RO         4637    .text               mc_w.l(iusesemip.o)
    0x08021dd2   0x0000001c   Code   RO         4641    .text               mc_w.l(_chval.o)
    0x08021dee   0x00000018   Code   RO         4643    .text               mf_w.l(dfltul.o)
    0x08021e06   0x0000005c   Code   RO         4653    .text               mc_w.l(__dczerorl2.o)
    0x08021e62   0x00000002   PAD
    0x08021e64   0x00000020   Code   RO         4494    i.__0printf         mc_w.l(printfa.o)
    0x08021e84   0x00000028   Code   RO         4496    i.__0sprintf        mc_w.l(printfa.o)
    0x08021eac   0x00000030   Code   RO         4559    i.__ARM_fpclassify  m_wm.l(fpclassify.o)
    0x08021edc   0x00000008   Code   RO         4602    i.__aeabi_errno_addr  mc_w.l(errno.o)
    0x08021ee4   0x00000004   PAD
    0x08021ee8   0x00000350   Code   RO         4125    i.__hardfp_acos     m_wm.l(acos.o)
    0x08022238   0x00000370   Code   RO         4139    i.__hardfp_asin     m_wm.l(asin.o)
    0x080225a8   0x00000038   Code   RO         4153    i.__hardfp_atof     m_wm.l(atof.o)
    0x080225e0   0x000000d8   Code   RO         4159    i.__hardfp_cos      m_wm.l(cos.o)
    0x080226b8   0x00000c90   Code   RO         4171    i.__hardfp_pow      m_wm.l(pow.o)
    0x08023348   0x000000d8   Code   RO         4185    i.__hardfp_sin      m_wm.l(sin.o)
    0x08023420   0x0000007a   Code   RO         4197    i.__hardfp_sqrt     m_wm.l(sqrt.o)
    0x0802349a   0x00000006   PAD
    0x080234a0   0x00000458   Code   RO         4564    i.__ieee754_rem_pio2  m_wm.l(rred.o)
    0x080238f8   0x00000170   Code   RO         4548    i.__kernel_cos      m_wm.l(cos_i.o)
    0x08023a68   0x000000f8   Code   RO         4561    i.__kernel_poly     m_wm.l(poly.o)
    0x08023b60   0x00000130   Code   RO         4569    i.__kernel_sin      m_wm.l(sin_i.o)
    0x08023c90   0x00000020   Code   RO         4551    i.__mathlib_dbl_underflow  m_wm.l(dunder.o)
    0x08023cb0   0x0000000c   Code   RO         4603    i.__read_errno      mc_w.l(errno.o)
    0x08023cbc   0x0000000e   Code   RO         4647    i.__scatterload_copy  mc_w.l(handlers.o)
    0x08023cca   0x00000002   Code   RO         4648    i.__scatterload_null  mc_w.l(handlers.o)
    0x08023ccc   0x0000000e   Code   RO         4649    i.__scatterload_zeroinit  mc_w.l(handlers.o)
    0x08023cda   0x00000002   PAD
    0x08023cdc   0x0000000c   Code   RO         4604    i.__set_errno       mc_w.l(errno.o)
    0x08023ce8   0x0000015c   Code   RO         4501    i._fp_digits        mc_w.l(printfa.o)
    0x08023e44   0x0000000e   Code   RO         4631    i._is_digit         mc_w.l(scanf_fp.o)
    0x08023e52   0x00000002   PAD
    0x08023e54   0x000006f0   Code   RO         4502    i._printf_core      mc_w.l(printfa.o)
    0x08024544   0x00000026   Code   RO         4503    i._printf_post_padding  mc_w.l(printfa.o)
    0x0802456a   0x00000030   Code   RO         4504    i._printf_pre_padding  mc_w.l(printfa.o)
    0x0802459a   0x0000000a   Code   RO         4506    i._sputc            mc_w.l(printfa.o)
    0x080245a4   0x00000020   Code   RO         4555    i.fabs              m_wm.l(fabs.o)
    0x080245c4   0x00000012   Code   RO         4589    i.fputc             mc_w.l(fputc.o)
    0x080245d6   0x0000006e   Code   RO         4199    i.sqrt              m_wm.l(sqrt.o)
    0x08024644   0x00000031   Data   RO            4    .constdata          cv_vsa.o
    0x08024675   0x00000055   Data   RO          221    .constdata          cv_vam_main.o
    0x080246ca   0x00000047   Data   RO          258    .constdata          cv_vam_api.o
    0x08024711   0x000000b4   Data   RO          367    .constdata          cv_vam_rcp.o
    0x080247c5   0x00000031   Data   RO          392    .constdata          cv_vam_vsm.o
    0x080247f6   0x00000002   PAD
    0x080247f8   0x00000054   Data   RO          430    .constdata          cv_vam_util.o
    0x0802484c   0x00000014   Data   RO          458    .constdata          cv_sys_main.o
    0x08024860   0x00000095   Data   RO          486    .constdata          cv_sys_manager.o
    0x080248f5   0x00000040   Data   RO          515    .constdata          cv_sys_param.o
    0x08024935   0x00000003   PAD
    0x08024938   0x0000acb5   Data   RO          541    .constdata          cv_sys_sound_resource.o
    0x0802f5ed   0x00000009   Data   RO          553    .constdata          cv_drv_gps.o
    0x0802f5f6   0x0000000e   Data   RO          585    .constdata          cv_drv_msnr.o
    0x0802f604   0x0000000c   Data   RO          683    .constdata          board.o
    0x0802f610   0x00000014   Data   RO          755    .constdata          led.o
    0x0802f624   0x00000048   Data   RO          827    .constdata          usart.o
    0x0802f66c   0x00000048   Data   RO          907    .constdata          misc.o
    0x0802f6b4   0x00000050   Data   RO         1071    .constdata          stm32f4xx_dac.o
    0x0802f704   0x00000050   Data   RO         1134    .constdata          stm32f4xx_dma.o
    0x0802f754   0x00000050   Data   RO         1155    .constdata          stm32f4xx_exti.o
    0x0802f7a4   0x00000050   Data   RO         1218    .constdata          stm32f4xx_gpio.o
    0x0802f7f4   0x00000050   Data   RO         1321    .constdata          stm32f4xx_iwdg.o
    0x0802f844   0x00000050   Data   RO         1342    .constdata          stm32f4xx_pwr.o
    0x0802f894   0x00000050   Data   RO         1363    .constdata          stm32f4xx_rcc.o
    0x0802f8e4   0x00000050   Data   RO         1449    .constdata          stm32f4xx_spi.o
    0x0802f934   0x00000054   Data   RO         1470    .constdata          stm32f4xx_syscfg.o
    0x0802f988   0x00000050   Data   RO         1491    .constdata          stm32f4xx_tim.o
    0x0802f9d8   0x00000050   Data   RO         1512    .constdata          stm32f4xx_usart.o
    0x0802fa28   0x00000025   Data   RO         1606    .constdata          clock.o
    0x0802fa4d   0x00000163   Data   RO         1623    .constdata          device.o
    0x0802fbb0   0x00000016   Data   RO         1641    .constdata          idle.o
    0x0802fbc6   0x000003e8   Data   RO         1660    .constdata          ipc.o
    0x0802ffae   0x0000006b   Data   RO         1680    .constdata          irq.o
    0x08030019   0x00000265   Data   RO         1698    .constdata          kservice.o
    0x0803027e   0x00000002   PAD
    0x08030280   0x00000184   Data   RO         1716    .constdata          mem.o
    0x08030404   0x00000087   Data   RO         1734    .constdata          mempool.o
    0x0803048b   0x00000075   Data   RO         1754    .constdata          module.o
    0x08030500   0x00000078   Data   RO         1778    .constdata          object.o
    0x08030578   0x0000004e   Data   RO         1800    .constdata          scheduler.o
    0x080305c6   0x00000183   Data   RO         1820    .constdata          thread.o
    0x08030749   0x000000c8   Data   RO         1840    .constdata          timer.o
    0x08030811   0x00000013   Data   RO         1861    .constdata          cpuport.o
    0x08030824   0x00000013   Data   RO         1918    .constdata          i2c_core.o
    0x08030837   0x00000072   Data   RO         1934    .constdata          i2c_dev.o
    0x080308a9   0x00000086   Data   RO         1961    .constdata          serial.o
    0x0803092f   0x000000a3   Data   RO         1974    .constdata          spi_core.o
    0x080309d2   0x000000d9   Data   RO         1987    .constdata          spi_dev.o
    0x08030aab   0x000000aa   Data   RO         2016    .constdata          dataqueue.o
    0x08030b55   0x00000091   Data   RO         2038    .constdata          pipe.o
    0x08030be6   0x000000a2   Data   RO         2060    .constdata          portal.o
    0x08030c88   0x0000012e   Data   RO         2076    .constdata          ringbuffer.o
    0x08030db6   0x00000060   Data   RO         2099    .constdata          shell.o
    0x08030e16   0x00000002   PAD
    0x08030e18   0x00000380   Data   RO         2130    .constdata          cmd.o
    0x08031198   0x000000c4   Data   RO         2255    .constdata          finsh_ops.o
    0x0803125c   0x00000040   Data   RO         2338    .constdata          finsh_token.o
    0x0803129c   0x00000090   Data   RO         3125    .constdata          mac_dispatcher.o
    0x0803132c   0x00000029   Data   RO         3214    .constdata          mac_pib.o
    0x08031355   0x00000114   Data   RO         3346    .constdata          moduleid.o
    0x08031469   0x00000003   PAD
    0x0803146c   0x00000098   Data   RO         3552    .constdata          nwk_dispatcher.o
    0x08031504   0x0000002a   Data   RO         3597    .constdata          nwk_pib.o
    0x0803152e   0x00000002   PAD
    0x08031530   0x00000050   Data   RO         3759    .constdata          pal_board.o
    0x08031580   0x00000010   Data   RO         3785    .constdata          pal_irq.o
    0x08031590   0x00000010   Data   RO         3857    .constdata          tal.o
    0x080315a0   0x00000030   Data   RO         3921    .constdata          tal_init.o
    0x080315d0   0x00000010   Data   RO         3962    .constdata          tal_pib.o
    0x080315e0   0x00000020   Data   RO         4028    .constdata          tal_tx.o
    0x08031600   0x00000050   Data   RO         4128    .constdata          m_wm.l(acos.o)
    0x08031650   0x00000050   Data   RO         4142    .constdata          m_wm.l(asin.o)
    0x080316a0   0x00000088   Data   RO         4174    .constdata          m_wm.l(pow.o)
    0x08031728   0x00000081   Data   RO         4213    .constdata          mc_w.l(ctype_o.o)
    0x080317a9   0x00000003   PAD
    0x080317ac   0x00000004   Data   RO         4214    .constdata          mc_w.l(ctype_o.o)
    0x080317b0   0x00000030   Data   RO         4549    .constdata          m_wm.l(cos_i.o)
    0x080317e0   0x00000008   Data   RO         4563    .constdata          m_wm.l(qnan.o)
    0x080317e8   0x000000c8   Data   RO         4566    .constdata          m_wm.l(rred.o)
    0x080318b0   0x00000028   Data   RO         4570    .constdata          m_wm.l(sin_i.o)
    0x080318d8   0x0000001a   Data   RO          431    .conststring        cv_vam_util.o
    0x080318f2   0x000000e9   Data   RO         2131    .conststring        cmd.o
    0x080319db   0x000000d8   Data   RO         2190    .conststring        finsh_error.o
    0x08031ab3   0x0000002c   Data   RO         2339    .conststring        finsh_token.o
    0x08031adf   0x00000001   PAD
    0x08031ae0   0x00000004   Data   RO         2353    .rti_fn.0           components.o
    0x08031ae4   0x00000004   Data   RO         2354    .rti_fn.1.post      components.o
    0x08031ae8   0x00000004   Data   RO         1756    .rti_fn.3           module.o
    0x08031aec   0x00000004   Data   RO         1919    .rti_fn.3           i2c_core.o
    0x08031af0   0x00000004   Data   RO         2101    .rti_fn.3           shell.o
    0x08031af4   0x00000004   Data   RO         2355    .rti_fn.7           components.o
    0x08031af8   0x00000018   Data   RO          259    FSymTab             cv_vam_api.o
    0x08031b10   0x00000030   Data   RO          369    FSymTab             cv_vam_rcp.o
    0x08031b40   0x0000000c   Data   RO          393    FSymTab             cv_vam_vsm.o
    0x08031b4c   0x0000000c   Data   RO          487    FSymTab             cv_sys_manager.o
    0x08031b58   0x00000018   Data   RO          517    FSymTab             cv_sys_param.o
    0x08031b70   0x0000000c   Data   RO          587    FSymTab             cv_drv_msnr.o
    0x08031b7c   0x0000000c   Data   RO          685    FSymTab             board.o
    0x08031b88   0x0000000c   Data   RO         1718    FSymTab             mem.o
    0x08031b94   0x000000a8   Data   RO         2133    FSymTab             cmd.o
    0x08031c3c   0x00000010   Data   RO         1608    RTMSymTab           clock.o
    0x08031c4c   0x00000050   Data   RO         1624    RTMSymTab           device.o
    0x08031c9c   0x00000130   Data   RO         1661    RTMSymTab           ipc.o
    0x08031dcc   0x00000028   Data   RO         1682    RTMSymTab           irq.o
    0x08031df4   0x000000c8   Data   RO         1700    RTMSymTab           kservice.o
    0x08031ebc   0x00000020   Data   RO         1719    RTMSymTab           mem.o
    0x08031edc   0x00000030   Data   RO         1736    RTMSymTab           mempool.o
    0x08031f0c   0x00000008   Data   RO         1780    RTMSymTab           object.o
    0x08031f14   0x00000068   Data   RO         1821    RTMSymTab           thread.o
    0x08031f7c   0x00000038   Data   RO         1842    RTMSymTab           timer.o
    0x08031fb4   0x00000028   Data   RO         2017    RTMSymTab           dataqueue.o
    0x08031fdc   0x00000020   Data   RO         2039    RTMSymTab           pipe.o
    0x08031ffc   0x00000020   Data   RO         2061    RTMSymTab           portal.o
    0x0803201c   0x00000038   Data   RO         2077    RTMSymTab           ringbuffer.o
    0x08032054   0x00000020   Data   RO         4645    Region$$Table       anon$$obj.o
    0x08032074   0x00000010   Data   RO         2134    VSymTab             cmd.o


    Execution Region RW_IRAM1 (Base: 0x20000000, Size: 0x00003fd8, Max: 0x00020000, ABSOLUTE, COMPRESSED[0x000000f8])

    Base Addr    Size         Type   Attr      Idx    E Section Name        Object

    0x20000000   0x00000010   Data   RW            5    .data               cv_vsa.o
    0x20000010   0x00000004   Data   RW          222    .data               cv_vam_main.o
    0x20000014   0x00000008   Data   RW          323    .data               cv_vam_lip_nmea.o
    0x2000001c   0x00000008   Data   RW          368    .data               cv_vam_rcp.o
    0x20000024   0x00000020   Data   RW          432    .data               cv_vam_util.o
    0x20000044   0x00000004   Data   RW          459    .data               cv_sys_main.o
    0x20000048   0x00000004   Data   RW          516    .data               cv_sys_param.o
    0x2000004c   0x00000005   Data   RW          554    .data               cv_drv_gps.o
    0x20000051   0x00000003   PAD
    0x20000054   0x00000004   Data   RW          586    .data               cv_drv_msnr.o
    0x20000058   0x00000004   Data   RW          684    .data               board.o
    0x2000005c   0x0000000c   Data   RW          756    .data               led.o
    0x20000068   0x00000008   Data   RW          780    .data               platform.o
    0x20000070   0x00000008   Data   RW          804    .data               spi.o
    0x20000078   0x00000010   Data   RW          828    .data               usart.o
    0x20000088   0x00000004   Data   RW          858    .data               l3gd20.o
    0x2000008c   0x00000010   Data   RW         1364    .data               stm32f4xx_rcc.o
    0x2000009c   0x00000014   Data   RW         1582    .data               system_stm32f4xx.o
    0x200000b0   0x00000004   Data   RW         1607    .data               clock.o
    0x200000b4   0x00000004   Data   RW         1642    .data               idle.o
    0x200000b8   0x00000001   Data   RW         1681    .data               irq.o
    0x200000b9   0x00000003   PAD
    0x200000bc   0x00000008   Data   RW         1699    .data               kservice.o
    0x200000c4   0x00000020   Data   RW         1717    .data               mem.o
    0x200000e4   0x00000008   Data   RW         1735    .data               mempool.o
    0x200000ec   0x00000014   Data   RW         1755    .data               module.o
    0x20000100   0x000000b4   Data   RW         1779    .data               object.o
    0x200001b4   0x0000001c   Data   RW         1801    .data               scheduler.o
    0x200001d0   0x00000010   Data   RW         1841    .data               timer.o
    0x200001e0   0x00000010   Data   RW         1862    .data               cpuport.o
    0x200001f0   0x00000004   Data   RW         2100    .data               shell.o
    0x200001f4   0x00000010   Data   RW         2116    .data               symbol.o
    0x20000204   0x00000004   Data   RW         2132    .data               cmd.o
    0x20000208   0x00000008   Data   RW         2153    .data               finsh_compiler.o
    0x20000210   0x0000003d   Data   RW         2191    .data               finsh_error.o
    0x2000024d   0x00000003   PAD
    0x20000250   0x00000008   Data   RW         2207    .data               finsh_heap.o
    0x20000258   0x00000004   Data   RW         2289    .data               finsh_var.o
    0x2000025c   0x0000000c   Data   RW         2312    .data               finsh_vm.o
    0x20000268   0x00000015   Data   RW         2801    .data               mac.o
    0x2000027d   0x00000001   Data   RW         2854    .data               mac_api.o
    0x2000027e   0x00000001   Data   RW         3215    .data               mac_pib.o
    0x2000027f   0x00000001   PAD
    0x20000280   0x00000008   Data   RW         3237    .data               mac_process_tal_tx_frame_status.o
    0x20000288   0x00000004   Data   RW         3347    .data               moduleid.o
    0x2000028c   0x00000004   PAD
    0x20000290   0x00000055   Data   RW         3378    .data               nwk.o
    0x200002e5   0x00000001   Data   RW         3639    .data               usr_nlde_data_conf.o
    0x200002e6   0x00000002   PAD
    0x200002e8   0x0000000c   Data   RW         3689    .data               pal.o
    0x200002f4   0x00000011   Data   RW         3712    .data               pal_timer.o
    0x20000305   0x00000003   PAD
    0x20000308   0x00000004   Data   RW         3786    .data               pal_irq.o
    0x2000030c   0x00000016   Data   RW         3858    .data               tal.o
    0x20000322   0x00000001   Data   RW         4029    .data               tal_tx.o
    0x20000323   0x00000001   PAD
    0x20000324   0x00000004   Data   RW         4241    .data               mc_w.l(rand.o)
    0x20000328   0x00000004   Data   RW         4591    .data               mc_w.l(stdout.o)
    0x2000032c   0x00000004   Data   RW         4605    .data               mc_w.l(errno.o)
    0x20000330   0x00000108   Zero   RW          322    .bss                cv_vam_lip_nmea.o
    0x20000438   0x0000005c   Zero   RW          366    .bss                cv_vam_rcp.o
    0x20000494   0x000006d8   Zero   RW          457    .bss                cv_sys_main.o
    0x20000b6c   0x00000014   Zero   RW          514    .bss                cv_sys_param.o
    0x20000b80   0x00000654   Zero   RW          552    .bss                cv_drv_gps.o
    0x200011d4   0x00000010   Zero   RW          641    .bss                cv_drv_voc.o
    0x200011e4   0x00000140   Zero   RW          779    .bss                platform.o
    0x20001324   0x00000908   Zero   RW          826    .bss                usart.o
    0x20001c2c   0x00000288   Zero   RW         1640    .bss                idle.o
    0x20001eb4   0x00000080   Zero   RW         1697    .bss                kservice.o
    0x20001f34   0x00000024   Zero   RW         1715    .bss                mem.o
    0x20001f58   0x00000100   Zero   RW         1799    .bss                scheduler.o
    0x20002058   0x00000028   Zero   RW         1917    .bss                i2c_core.o
    0x20002080   0x00000288   Zero   RW         2098    .bss                shell.o
    0x20002308   0x00000080   Zero   RW         2206    .bss                finsh_heap.o
    0x20002388   0x00000140   Zero   RW         2240    .bss                finsh_node.o
    0x200024c8   0x000000c0   Zero   RW         2288    .bss                finsh_var.o
    0x20002588   0x00000180   Zero   RW         2311    .bss                finsh_vm.o
    0x20002708   0x00000068   Zero   RW         2800    .bss                mac.o
    0x20002770   0x00000030   Zero   RW         2853    .bss                mac_api.o
    0x200027a0   0x00000228   Zero   RW         3345    .bss                moduleid.o
    0x200029c8   0x00000a74   Zero   RW         3377    .bss                nwk.o
    0x2000343c   0x00000060   Zero   RW         3467    .bss                nwk_broadcast.o
    0x2000349c   0x000000f0   Zero   RW         3711    .bss                pal_timer.o
    0x2000358c   0x00000618   Zero   RW         3832    .bss                bmm.o
    0x20003ba4   0x00000004   PAD
    0x20003ba8   0x0000002c   Zero   RW         3856    .bss                tal.o
    0x20003bd4   0x00000004   PAD
    0x20003bd8   0x00000400   Zero   RW         1572    STACK               startup_stm32f4xx.o


==============================================================================

Image component sizes


      Code (inc. data)   RO Data    RW Data    ZI Data      Debug   Object Name

       128         20          0          0       1560       2430   bmm.o
       428         36         24          4          0      29084   board.o
        86          0          0          0          0       3569   bsp_os.o
       100          6         53          4          0       2346   clock.o
      3552       1332       1313          4          0      11841   cmd.o
        64         12         12          0          0       1894   components.o
       272         24          0          0          0        816   context_rvds.o
       448        220         19         16          0       3863   cpuport.o
       732         84          9          5       1620       3033   cv_drv_gps.o
        88          0          0          0          0        940   cv_drv_led.o
       752         74         26          4          0       8980   cv_drv_msnr.o
       412         34          0          0         16       2388   cv_drv_voc.o
       312        114         20          4       1752       4217   cv_sys_main.o
      1600        462        161          0          0       5476   cv_sys_manager.o
       776        514         88          4         20       4494   cv_sys_param.o
         0          0      44213          0          0        846   cv_sys_sound_resource.o
       480         30         95          0          0      10337   cv_vam_api.o
       228         24          0          0          0       1524   cv_vam_lip.o
      2076         82          0          8        264       6265   cv_vam_lip_nmea.o
      1864        636         85          4          0      11160   cv_vam_main.o
      1768         88        228          8         92       9611   cv_vam_rcp.o
      1928         66        110         32          0       3554   cv_vam_util.o
       868        196         61          0          0       8723   cv_vam_vsm.o
      1116        276         49         16          0     321377   cv_vsa.o
      1220        144        210          0          0       7548   dataqueue.o
      1080        166        435          0          0       7103   device.o
      6168        154          0          8          0      10874   finsh_compiler.o
        44         10        216         61          0       1821   finsh_error.o
       528         18          0          8        128       3511   finsh_heap.o
        88          6          0          0          0       1760   finsh_init.o
       388          4          0          0        320       3512   finsh_node.o
      2780         36        196          0          0       9008   finsh_ops.o
      2428         32          0          0          0       9661   finsh_parser.o
      1596         16        108          0          0       5928   finsh_token.o
       408         16          0          4        192       7321   finsh_var.o
       228         34          0         12        384       7002   finsh_vm.o
       424         90         23          0         40       3284   i2c_core.o
       580        106        114          0          0       2960   i2c_dev.o
       412        104         22          4        648       3071   idle.o
      6944        470       1304          0          0      27149   ipc.o
        72          6        147          1          0       2415   irq.o
       122          0          0          0          0       1352   isr.o
      2480        170        813          8        128      14649   kservice.o
       948         18          0          4          0       3878   l3gd20.o
       136         12         20         12          0       1966   led.o
       172         30          0         21        104       6853   mac.o
       404         34          0          1         48      41543   mac_api.o
       140          0          0          0          0       8750   mac_callback_wrapper.o
       260          4          0          0          0       4448   mac_data_extract_mhr.o
       780         26          0          0          0       6167   mac_data_ind.o
        44          6        144          0          0       2013   mac_dispatcher.o
      1664         88          0          0          0       7419   mac_mcps_data.o
       404         58          0          0          0       3538   mac_misc.o
       464         46         41          1          0       3616   mac_pib.o
       576         62          0          8          0       3031   mac_process_tal_tx_frame_status.o
      2480        586        432         32         36       6609   mem.o
      1088        116        183          8          0       6272   mempool.o
       448         28         72          0          0       2305   misc.o
      4520        482        121         20          0      14145   module.o
        72         20        276          4        552       5572   moduleid.o
       144         16          0         85       2676      27486   nwk.o
      1296         34          0          0          0      10730   nwk_api.o
      1368         50          0          0         96       8464   nwk_broadcast.o
        96          0          0          0          0       2388   nwk_callback_wrapper.o
      3480        120          0          0          0      12106   nwk_datareq.o
        44          6        152          0          0       2205   nwk_dispatcher.o
       928        168          0          0          0       4669   nwk_misc.o
       300         14         42          0          0       3174   nwk_pib.o
       168          6          0          0          0       2961   nwkframe.o
       904        184        128        180          0       6263   object.o
       816         28          0         12          0       6829   pal.o
       832         34         80          0          0      32074   pal_board.o
        96         18         16          4          0      27554   pal_irq.o
      1532         68          0         17        240       7014   pal_timer.o
       680          8          0          0          0       3359   pal_trx_access.o
      1328        204        177          0          0       8089   pipe.o
       336         62          0          8        320       1603   platform.o
       884        176        194          0          0       5485   portal.o
       280          0          0          0          0       3470   qmm.o
      1344         90        358          0          0       7726   ringbuffer.o
       820        180         78         28        256       4973   scheduler.o
      1544        216        134          0          0       5921   serial.o
      2548        308        100          4        648       5459   shell.o
       672         34          0          8          0       2777   spi.o
      1900        144        163          0          0       6166   spi_core.o
       920        204        217          0          0       4479   spi_dev.o
       188         88          0          0          0       1407   startup.o
        36          8        392          0       1024        820   startup_stm32f4xx.o
      1476         18         80          0          0       5793   stm32f4xx_dac.o
      4952        310         80          0          0       8929   stm32f4xx_dma.o
       724         14         80          0          0       2995   stm32f4xx_exti.o
      2248         86         80          0          0       5485   stm32f4xx_gpio.o
       172          8         80          0          0       1589   stm32f4xx_iwdg.o
       528         26         80          0          0       2884   stm32f4xx_pwr.o
      3324        218         80         16          0      13219   stm32f4xx_rcc.o
      2888         72         80          0          0       8405   stm32f4xx_spi.o
       332         16         84          0          0       1883   stm32f4xx_syscfg.o
     12780        628         80          0          0      29520   stm32f4xx_tim.o
      3616        118         80          0          0       9852   stm32f4xx_usart.o
         0          0          0         16          0       4153   symbol.o
       472         44          0         20          0       1847   system_stm32f4xx.o
      3476        112         16         22         44      35488   tal.o
      1100         58         48          0          0       4220   tal_init.o
       144         12          0          0          0        890   tal_irq_handler.o
      1388         58         16          0          0       4372   tal_pib.o
       176         16          0          0          0       2347   tal_rx.o
        72         14          0          0          0        700   tal_rx_enable.o
       448         58         32          1          0       2942   tal_tx.o
      1716        246        491          0          0      10145   thread.o
      1376        150        256         16          0       8708   timer.o
      1044        136         72         16       2312      31110   usart.o
        12          0          0          0          0        629   usr_mcps_data_conf.o
       808         38          0          0          0       2428   usr_mcps_data_ind.o
       104         38          0          0          0       1406   usr_mlme_reset_conf.o
       272         20          0          1          0       2057   usr_nlde_data_conf.o
       784         44          0          0          0       2723   usr_nlde_data_ind.o
         0          0          0          0          0      86319   version.o
       120         12          0          0          0       3158   zigbee_main.o

    ----------------------------------------------------------------------
    134708      12566      55536        804      15528    1228669   Object Totals
         0          0         32          0          0          0   (incl. Generated)
         4          0         15         20          8          0   (incl. Padding)

    ----------------------------------------------------------------------

      Code (inc. data)   RO Data    RW Data    ZI Data      Debug   Library Member Name

       848        110         80          0          0        188   acos.o
       880        106         80          0          0        200   asin.o
        56         12          0          0          0        132   atof.o
       216         16          0          0          0        152   cos.o
       368         46         48          0          0        200   cos_i.o
        32          8          0          0          0        124   dunder.o
        32          0          0          0          0        124   fabs.o
        48          0          0          0          0        124   fpclassify.o
       248          0          0          0          0        152   poly.o
      3216        310        136          0          0        216   pow.o
         0          0          8          0          0          0   qnan.o
      1112        140        200          0          0        188   rred.o
       216         16          0          0          0        152   sin.o
       304         24         40          0          0        208   sin_i.o
       232          0          0          0          0        296   sqrt.o
        92          0          0          0          0          0   __dczerorl2.o
        28          0          0          0          0         68   _chval.o
        64          0          0          0          0         84   _sgetc.o
       158          0          0          0          0         92   _strtoul.o
        26          0          0          0          0         80   atoi.o
         8          4        133          0          0         68   ctype_o.o
         0          0          0          0          0          0   entry.o
         0          0          0          0          0          0   entry10a.o
         0          0          0          0          0          0   entry11a.o
         8          4          0          0          0          0   entry2.o
         4          0          0          0          0          0   entry5.o
         0          0          0          0          0          0   entry7b.o
         0          0          0          0          0          0   entry8b.o
         8          4          0          0          0          0   entry9a.o
        32         16          0          4          0        204   errno.o
        18          0          0          0          0         80   fputc.o
        30          0          0          0          0          0   handlers.o
        36          8          0          0          0         68   init.o
        18          0          0          0          0         76   isspace_o.o
         0          0          0          0          0          0   iusefp.o
         0          0          0          0          0          0   iusesemip.o
        30          0          0          0          0         68   llshl.o
        36          0          0          0          0         68   llsshr.o
        32          0          0          0          0         68   llushr.o
        26          0          0          0          0         80   memcmp.o
        36          0          0          0          0         68   memcpya.o
        36          0          0          0          0        108   memseta.o
      2292         96          0          0          0        596   printfa.o
        36         10          0          4          0        136   rand.o
       842         12          0          0          0        216   scanf_fp.o
         0          0          0          0          0          0   semi.o
         0          0          0          4          0          0   stdout.o
        20          0          0          0          0         68   strchr.o
        28          0          0          0          0         76   strcmp.o
        14          0          0          0          0         68   strlen.o
        30          0          0          0          0         80   strncmp.o
        24          0          0          0          0         76   strncpy.o
       156         14          0          0          0        120   strtod.o
       112          0          0          0          0         88   strtol.o
        44          0          0          0          0         80   uidiv.o
        98          0          0          0          0         92   uldiv.o
        40          2          0          0          0         68   cdcmple.o
        40          2          0          0          0         68   cdrcmple.o
        56          0          0          0          0         88   d2f.o
       334          0          0          0          0        148   dadd.o
       222          0          0          0          0        100   ddiv.o
       190          0          0          0          0        176   depilogue.o
        62          0          0          0          0         80   dfixi.o
        50          0          0          0          0         76   dfixui.o
        48          0          0          0          0         68   dfixul.o
        34          0          0          0          0         76   dflti.o
        26          0          0          0          0         76   dfltui.o
        24          0          0          0          0         76   dfltul.o
       228          0          0          0          0         96   dmul.o
        46          0          0          0          0         80   dscalb.o
       162          0          0          0          0        100   dsqrt.o
        38          0          0          0          0         68   f2d.o
       108          0          0          0          0        168   fepilogue.o

    ----------------------------------------------------------------------
     13960        964        728         12          0       7044   Library Totals
        22          4          3          0          0          0   (incl. Padding)

    ----------------------------------------------------------------------

      Code (inc. data)   RO Data    RW Data    ZI Data      Debug   Library Name

      7808        788        592          0          0       2456   m_wm.l
      4422        168        133         12          0       2976   mc_w.l
      1708          4          0          0          0       1612   mf_w.l

    ----------------------------------------------------------------------
     13960        964        728         12          0       7044   Library Totals

    ----------------------------------------------------------------------

==============================================================================


      Code (inc. data)   RO Data    RW Data    ZI Data      Debug   

    148668      13530      56264        816      15528    1213013   Grand Totals
    148668      13530      56264        248      15528    1213013   ELF Image Totals (compressed)
    148668      13530      56264        248          0          0   ROM Totals

==============================================================================

    Total RO  Size (Code + RO Data)               204932 ( 200.13kB)
    Total RW  Size (RW Data + ZI Data)             16344 (  15.96kB)
    Total ROM Size (Code + RO Data + RW Data)     205180 ( 200.37kB)

==============================================================================

