ARM Linker, 5.03 [Build 76] [MDK-ARM Standard][RL-ARM]

==============================================================================

Section Cross References

    cv_vsa.o(.text) refers to ipc.o(.text) for rt_mq_send
    cv_vsa.o(.text) refers to kservice.o(.text) for rt_kprintf
    cv_vsa.o(.text) refers to memcpya.o(.text) for __aeabi_memcpy4
    cv_vsa.o(.text) refers to cv_vam_api.o(.text) for vam_set_event_handler
    cv_vsa.o(.text) refers to mem.o(.text) for rt_malloc
    cv_vsa.o(.text) refers to memcmp.o(.text) for memcmp
    cv_vsa.o(.text) refers to cv_sys_manager.o(.text) for sys_add_event_queue
    cv_vsa.o(.text) refers to memseta.o(.text) for __aeabi_memclr4
    cv_vsa.o(.text) refers to cv_vsa.o(.constdata) for __FUNCTION__
    cv_vsa.o(.text) refers to cv_sys_main.o(.data) for p_cms_envar
    cv_vsa.o(.text) refers to cv_vsa.o(.data) for vsa_app_handler_tbl
    cv_vsa.o(.text) refers to cv_sys_param.o(.data) for p_cms_param
    cv_vsa.o(.text) refers to thread.o(.text) for rt_thread_create
    cv_vsa.o(.data) refers to cv_vsa.o(.text) for crd_proc
    cv_vam_main.o(.text) refers to kservice.o(.text) for rt_kprintf
    cv_vam_main.o(.text) refers to timer.o(.text) for rt_timer_start
    cv_vam_main.o(.text) refers to cv_vam_vsm.o(.text) for vsm_start_bsm_broadcast
    cv_vam_main.o(.text) refers to cv_vam_rcp.o(.text) for rcp_send_bsm
    cv_vam_main.o(.text) refers to cv_vam_lip.o(.text) for lip_gps_proc
    cv_vam_main.o(.text) refers to ipc.o(.text) for rt_mq_recv
    cv_vam_main.o(.text) refers to memseta.o(.text) for __aeabi_memclr4
    cv_vam_main.o(.text) refers to thread.o(.text) for rt_thread_create
    cv_vam_main.o(.text) refers to f2d.o(.text) for __aeabi_f2d
    cv_vam_main.o(.text) refers to printfa.o(i.__0sprintf) for __2sprintf
    cv_vam_main.o(.text) refers to cv_vam_main.o(.constdata) for __FUNCTION__
    cv_vam_main.o(.text) refers to cv_sys_main.o(.data) for p_cms_envar
    cv_vam_main.o(.text) refers to cv_vam_main.o(.data) for p_vam_envar
    cv_vam_main.o(.text) refers to cv_sys_param.o(.data) for p_cms_param
    cv_vam_api.o(.text) refers to kservice.o(.text) for rt_kprintf
    cv_vam_api.o(.text) refers to cv_vam_main.o(.text) for vam_add_event_queue
    cv_vam_api.o(.text) refers to ipc.o(.text) for rt_sem_take
    cv_vam_api.o(.text) refers to memcmp.o(.text) for memcmp
    cv_vam_api.o(.text) refers to memcpya.o(.text) for __aeabi_memcpy4
    cv_vam_api.o(.text) refers to cv_vam_util.o(.text) for vsm_get_relative_pos
    cv_vam_api.o(.text) refers to dfixi.o(.text) for __aeabi_d2iz
    cv_vam_api.o(.text) refers to cv_vam_api.o(.constdata) for __FUNCTION__
    cv_vam_api.o(.text) refers to cv_sys_main.o(.data) for p_cms_envar
    cv_vam_api.o(.text) refers to cv_vam_main.o(.data) for p_vam_envar
    cv_vam_api.o(FSymTab) refers to cv_vam_api.o(.constdata) for __fsym_vam_start_name
    cv_vam_api.o(FSymTab) refers to cv_vam_api.o(.text) for vam_start
    cv_vam_lip.o(.text) refers to cv_vam_lip_nmea.o(.text) for nmea_parse
    cv_vam_lip.o(.text) refers to d2f.o(.text) for __aeabi_d2f
    cv_vam_lip.o(.text) refers to kservice.o(.text) for rt_kprintf
    cv_vam_lip.o(.text) refers to timer.o(.text) for rt_timer_stop
    cv_vam_lip.o(.text) refers to cv_sys_main.o(.data) for p_cms_envar
    cv_vam_lip_nmea.o(.text) refers to ipc.o(.text) for rt_mutex_init
    cv_vam_lip_nmea.o(.text) refers to memseta.o(.text) for __aeabi_memclr4
    cv_vam_lip_nmea.o(.text) refers to memcpya.o(.text) for __aeabi_memcpy4
    cv_vam_lip_nmea.o(.text) refers to atoi.o(.text) for atoi
    cv_vam_lip_nmea.o(.text) refers to dflti.o(.text) for __aeabi_i2d
    cv_vam_lip_nmea.o(.text) refers to ctype_o.o(.text) for __rt_ctype_table
    cv_vam_lip_nmea.o(.text) refers to atof.o(i.__hardfp_atof) for __hardfp_atof
    cv_vam_lip_nmea.o(.text) refers to ddiv.o(.text) for __aeabi_ddiv
    cv_vam_lip_nmea.o(.text) refers to dadd.o(.text) for __aeabi_dadd
    cv_vam_lip_nmea.o(.text) refers to dmul.o(.text) for __aeabi_dmul
    cv_vam_lip_nmea.o(.text) refers to memcmp.o(.text) for memcmp
    cv_vam_lip_nmea.o(.text) refers to cv_drv_gps.o(.bss) for mutex_gps
    cv_vam_lip_nmea.o(.text) refers to cv_vam_lip_nmea.o(.bss) for nmeaCfg
    cv_vam_lip_nmea.o(.text) refers to strchr.o(.text) for strchr
    cv_vam_lip_nmea.o(.text) refers to cv_vam_lip.o(.text) for lip_update_local
    cv_vam_lip_nmea.o(.text) refers to d2f.o(.text) for __aeabi_d2f
    cv_vam_lip_nmea.o(.text) refers to cv_vam_lip_nmea.o(.data) for IsLocate
    cv_vam_rcp.o(.text) refers to f2d.o(.text) for __aeabi_f2d
    cv_vam_rcp.o(.text) refers to dfixui.o(.text) for __aeabi_d2uiz
    cv_vam_rcp.o(.text) refers to dfltui.o(.text) for __aeabi_ui2d
    cv_vam_rcp.o(.text) refers to ddiv.o(.text) for __aeabi_ddiv
    cv_vam_rcp.o(.text) refers to d2f.o(.text) for __aeabi_d2f
    cv_vam_rcp.o(.text) refers to cv_vam_vsm.o(.text) for vam_find_sta
    cv_vam_rcp.o(.text) refers to cv_vam_main.o(.text) for vam_add_event_queue
[...]
    __rtmsym_rt_get_errno_name               0x080302a1   Data          13  kservice.o(.constdata)
    __rtmsym_rt_set_errno_name               0x080302ae   Data          13  kservice.o(.constdata)
    __rtmsym__rt_errno_name                  0x080302bb   Data          10  kservice.o(.constdata)
    __rtmsym_rt_memset_name                  0x080302c5   Data          10  kservice.o(.constdata)
    __rtmsym_rt_memcpy_name                  0x080302cf   Data          10  kservice.o(.constdata)
    __rtmsym_rt_memmove_name                 0x080302d9   Data          11  kservice.o(.constdata)
    __rtmsym_rt_memcmp_name                  0x080302e4   Data          10  kservice.o(.constdata)
    __rtmsym_rt_strstr_name                  0x080302ee   Data          10  kservice.o(.constdata)
    __rtmsym_rt_strcasecmp_name              0x080302f8   Data          14  kservice.o(.constdata)
    __rtmsym_rt_strncpy_name                 0x08030306   Data          11  kservice.o(.constdata)
    __rtmsym_rt_strncmp_name                 0x08030311   Data          11  kservice.o(.constdata)
    __rtmsym_rt_strcmp_name                  0x0803031c   Data          10  kservice.o(.constdata)
    __rtmsym_rt_strlen_name                  0x08030326   Data          10  kservice.o(.constdata)
    __rtmsym_rt_strdup_name                  0x08030330   Data          10  kservice.o(.constdata)
    __rtmsym_rt_show_version_name            0x0803033a   Data          16  kservice.o(.constdata)
    __rtmsym_rt_vsnprintf_name               0x0803034a   Data          13  kservice.o(.constdata)
    __rtmsym_rt_snprintf_name                0x08030357   Data          12  kservice.o(.constdata)
    __rtmsym_rt_vsprintf_name                0x08030363   Data          12  kservice.o(.constdata)
    __rtmsym_rt_sprintf_name                 0x0803036f   Data          11  kservice.o(.constdata)
    __rtmsym_rt_console_get_device_name      0x0803037a   Data          22  kservice.o(.constdata)
    __rtmsym_rt_console_set_device_name      0x08030390   Data          22  kservice.o(.constdata)
    __rtmsym_rt_hw_console_output_name       0x080303a6   Data          21  kservice.o(.constdata)
    __rtmsym_rt_kprintf_name                 0x080303bb   Data          11  kservice.o(.constdata)
    __rtmsym_rt_malloc_align_name            0x080303c6   Data          16  kservice.o(.constdata)
    __rtmsym_rt_free_align_name              0x080303d6   Data          14  kservice.o(.constdata)
    __lowest_bit_bitmap                      0x080303e4   Data         256  kservice.o(.constdata)
    __rtmsym_rt_malloc_name                  0x08030508   Data          10  mem.o(.constdata)
    __rtmsym_rt_realloc_name                 0x08030512   Data          11  mem.o(.constdata)
    __rtmsym_rt_calloc_name                  0x0803051d   Data          10  mem.o(.constdata)
    __rtmsym_rt_free_name                    0x08030527   Data           8  mem.o(.constdata)
    __fsym_list_mem_name                     0x0803052f   Data           9  mem.o(.constdata)
    __fsym_list_mem_desc                     0x08030538   Data          30  mem.o(.constdata)
    __rtmsym_rt_mp_init_name                 0x0803068c   Data          11  mempool.o(.constdata)
    __rtmsym_rt_mp_detach_name               0x08030697   Data          13  mempool.o(.constdata)
    __rtmsym_rt_mp_create_name               0x080306a4   Data          13  mempool.o(.constdata)
    __rtmsym_rt_mp_delete_name               0x080306b1   Data          13  mempool.o(.constdata)
    __rtmsym_rt_mp_alloc_name                0x080306be   Data          12  mempool.o(.constdata)
    __rtmsym_rt_mp_free_name                 0x080306ca   Data          11  mempool.o(.constdata)
    __rtmsym_rt_object_get_information_name  0x08030788   Data          26  object.o(.constdata)
    __rtmsym_rt_thread_init_name             0x0803084e   Data          15  thread.o(.constdata)
    __rtmsym_rt_thread_self_name             0x0803085d   Data          15  thread.o(.constdata)
    __rtmsym_rt_thread_startup_name          0x0803086c   Data          18  thread.o(.constdata)
    __rtmsym_rt_thread_detach_name           0x0803087e   Data          17  thread.o(.constdata)
    __rtmsym_rt_thread_create_name           0x0803088f   Data          17  thread.o(.constdata)
    __rtmsym_rt_thread_delete_name           0x080308a0   Data          17  thread.o(.constdata)
    __rtmsym_rt_thread_yield_name            0x080308b1   Data          16  thread.o(.constdata)
    __rtmsym_rt_thread_delay_name            0x080308c1   Data          16  thread.o(.constdata)
    __rtmsym_rt_thread_control_name          0x080308d1   Data          18  thread.o(.constdata)
    __rtmsym_rt_thread_suspend_name          0x080308e3   Data          18  thread.o(.constdata)
    __rtmsym_rt_thread_resume_name           0x080308f5   Data          17  thread.o(.constdata)
    __rtmsym_rt_thread_timeout_name          0x08030906   Data          18  thread.o(.constdata)
    __rtmsym_rt_thread_find_name             0x08030918   Data          15  thread.o(.constdata)
    __rtmsym_rt_timer_init_name              0x080309d1   Data          14  timer.o(.constdata)
    __rtmsym_rt_timer_detach_name            0x080309df   Data          16  timer.o(.constdata)
    __rtmsym_rt_timer_create_name            0x080309ef   Data          16  timer.o(.constdata)
    __rtmsym_rt_timer_delete_name            0x080309ff   Data          16  timer.o(.constdata)
    __rtmsym_rt_timer_start_name             0x08030a0f   Data          15  timer.o(.constdata)
    __rtmsym_rt_timer_stop_name              0x08030a1e   Data          14  timer.o(.constdata)
    __rtmsym_rt_timer_control_name           0x08030a2c   Data          17  timer.o(.constdata)
    __rtmsym_rt_data_queue_init_name         0x08030d33   Data          19  dataqueue.o(.constdata)
    __rtmsym_rt_data_queue_push_name         0x08030d46   Data          19  dataqueue.o(.constdata)
    __rtmsym_rt_data_queue_pop_name          0x08030d59   Data          18  dataqueue.o(.constdata)
    __rtmsym_rt_data_queue_peak_name         0x08030d6b   Data          19  dataqueue.o(.constdata)
    __rtmsym_rt_data_queue_reset_name        0x08030d7e   Data          20  dataqueue.o(.constdata)
    __rtmsym_rt_pipe_init_name               0x08030ddd   Data          13  pipe.o(.constdata)
    __rtmsym_rt_pipe_detach_name             0x08030dea   Data          15  pipe.o(.constdata)
    __rtmsym_rt_pipe_create_name             0x08030df9   Data          15  pipe.o(.constdata)
    __rtmsym_rt_pipe_destroy_name            0x08030e08   Data          16  pipe.o(.constdata)
    __rtmsym_rt_portal_init_name             0x08030e6e   Data          15  portal.o(.constdata)
    __rtmsym_rt_portal_detach_name           0x08030e7d   Data          17  portal.o(.constdata)
    __rtmsym_rt_portal_create_name           0x08030e8e   Data          17  portal.o(.constdata)
    __rtmsym_rt_portal_destroy_name          0x08030e9f   Data          18  portal.o(.constdata)
    __rtmsym_rt_ringbuffer_init_name         0x08030f10   Data          19  ringbuffer.o(.constdata)
    __rtmsym_rt_ringbuffer_put_name          0x08030f23   Data          18  ringbuffer.o(.constdata)
    __rtmsym_rt_ringbuffer_put_force_name    0x08030f35   Data          24  ringbuffer.o(.constdata)
    __rtmsym_rt_ringbuffer_get_name          0x08030f4d   Data          18  ringbuffer.o(.constdata)
    __rtmsym_rt_ringbuffer_putchar_name      0x08030f5f   Data          22  ringbuffer.o(.constdata)
    __rtmsym_rt_ringbuffer_putchar_force_name 0x08030f75   Data          28  ringbuffer.o(.constdata)
    __rtmsym_rt_ringbuffer_getchar_name      0x08030f91   Data          22  ringbuffer.o(.constdata)
    __fsym_hello_name                        0x080310a0   Data           6  cmd.o(.constdata)
    __fsym_hello_desc                        0x080310a6   Data          16  cmd.o(.constdata)
    __fsym_version_name                      0x080310b6   Data           8  cmd.o(.constdata)
    __fsym_version_desc                      0x080310be   Data          35  cmd.o(.constdata)
    __fsym_list_thread_name                  0x080310e1   Data          12  cmd.o(.constdata)
    __fsym_list_thread_desc                  0x080310ed   Data          12  cmd.o(.constdata)
    __fsym_list_sem_name                     0x080310f9   Data           9  cmd.o(.constdata)
    __fsym_list_sem_desc                     0x08031102   Data          25  cmd.o(.constdata)
    __fsym_list_event_name                   0x0803111b   Data          11  cmd.o(.constdata)
    __fsym_list_event_desc                   0x08031126   Data          21  cmd.o(.constdata)
    __fsym_list_mutex_name                   0x0803113b   Data          11  cmd.o(.constdata)
    __fsym_list_mutex_desc                   0x08031146   Data          21  cmd.o(.constdata)
    __fsym_list_mailbox_name                 0x0803115b   Data          13  cmd.o(.constdata)
    __fsym_list_mailbox_desc                 0x08031168   Data          24  cmd.o(.constdata)
    __fsym_list_msgqueue_name                0x08031180   Data          14  cmd.o(.constdata)
    __fsym_list_msgqueue_desc                0x0803118e   Data          29  cmd.o(.constdata)
    __fsym_list_mempool_name                 0x080311ab   Data          13  cmd.o(.constdata)
    __fsym_list_mempool_desc                 0x080311b8   Data          27  cmd.o(.constdata)
    __fsym_list_timer_name                   0x080311d3   Data          11  cmd.o(.constdata)
    __fsym_list_timer_desc                   0x080311de   Data          21  cmd.o(.constdata)
    __fsym_list_device_name                  0x080311f3   Data          12  cmd.o(.constdata)
    __fsym_list_device_desc                  0x080311ff   Data          22  cmd.o(.constdata)
    __fsym_list_module_name                  0x08031215   Data          12  cmd.o(.constdata)
    __fsym_list_module_desc                  0x08031221   Data          22  cmd.o(.constdata)
    __fsym_list_mod_detail_name              0x08031237   Data          16  cmd.o(.constdata)
    __fsym_list_mod_detail_desc              0x08031247   Data          30  cmd.o(.constdata)
    __fsym_list_name                         0x08031265   Data           5  cmd.o(.constdata)
    __fsym_list_desc                         0x0803126a   Data          26  cmd.o(.constdata)
    __vsym_dummy_name                        0x08031284   Data           6  cmd.o(.constdata)
    __vsym_dummy_desc                        0x0803128a   Data          25  cmd.o(.constdata)
    op_table                                 0x08031420   Data         196  finsh_ops.o(.constdata)
    ModuleDefaultConfig                      0x080315dd   Data         276  moduleid.o(.constdata)
    tx_pwr_table                             0x08031858   Data          16  tal_pib.o(.constdata)
    __ctype_table                            0x080319b0   Data         129  ctype_o.o(.constdata)
    __mathlib_zero                           0x08031a68   Data           8  qnan.o(.constdata)
    __rt_init_rti_start                      0x08031d68   Data           4  components.o(.rti_fn.0)
    __rt_init_rti_board_end                  0x08031d6c   Data           4  components.o(.rti_fn.1.post)
    __rt_init_rt_system_module_init          0x08031d70   Data           4  module.o(.rti_fn.3)
    __rt_init_rt_i2c_core_init               0x08031d74   Data           4  i2c_core.o(.rti_fn.3)
    __rt_init_finsh_system_init              0x08031d78   Data           4  shell.o(.rti_fn.3)
    __rt_init_rti_end                        0x08031d7c   Data           4  components.o(.rti_fn.7)
    FSymTab$$Base                            0x08031d80   Number         0  cv_vam_api.o(FSymTab)
    __fsym_vam_start                         0x08031d80   Data          12  cv_vam_api.o(FSymTab)
    __fsym_vam_stop                          0x08031d8c   Data          12  cv_vam_api.o(FSymTab)
    __fsym_test_bsm                          0x08031d98   Data          12  cv_vam_rcp.o(FSymTab)
    __fsym_stop_test_bsm                     0x08031da4   Data          12  cv_vam_rcp.o(FSymTab)
    __fsym_tb2                               0x08031db0   Data          12  cv_vam_rcp.o(FSymTab)
    __fsym_stop_test_bsm_2                   0x08031dbc   Data          12  cv_vam_rcp.o(FSymTab)
    __fsym_tb3                               0x08031dc8   Data          12  cv_vam_rcp.o(FSymTab)
    __fsym_vam_list_sta                      0x08031dd4   Data          12  cv_vam_vsm.o(FSymTab)
    __fsym_test_alert                        0x08031de0   Data          12  cv_sys_manager.o(FSymTab)
    __fsym_param_get                         0x08031dec   Data          12  cv_sys_param.o(FSymTab)
    __fsym_param_set                         0x08031df8   Data          12  cv_sys_param.o(FSymTab)
    __fsym_touch_t                           0x08031e04   Data          12  cv_drv_msnr.o(FSymTab)
    __fsym_reset                             0x08031e10   Data          12  board.o(FSymTab)
    __fsym_list_mem                          0x08031e1c   Data          12  mem.o(FSymTab)
    __fsym_hello                             0x08031e28   Data          12  cmd.o(FSymTab)
    __fsym_version                           0x08031e34   Data          12  cmd.o(FSymTab)
    __fsym_list_thread                       0x08031e40   Data          12  cmd.o(FSymTab)
    __fsym_list_sem                          0x08031e4c   Data          12  cmd.o(FSymTab)
    __fsym_list_event                        0x08031e58   Data          12  cmd.o(FSymTab)
    __fsym_list_mutex                        0x08031e64   Data          12  cmd.o(FSymTab)
    __fsym_list_mailbox                      0x08031e70   Data          12  cmd.o(FSymTab)
    __fsym_list_msgqueue                     0x08031e7c   Data          12  cmd.o(FSymTab)
    __fsym_list_mempool                      0x08031e88   Data          12  cmd.o(FSymTab)
    __fsym_list_timer                        0x08031e94   Data          12  cmd.o(FSymTab)
    __fsym_list_device                       0x08031ea0   Data          12  cmd.o(FSymTab)
    __fsym_list_module                       0x08031eac   Data          12  cmd.o(FSymTab)
    __fsym_list_mod_detail                   0x08031eb8   Data          12  cmd.o(FSymTab)
    __fsym_list                              0x08031ec4   Data          12  cmd.o(FSymTab)
    FSymTab$$Limit                           0x08031ed0   Number         0  cmd.o(FSymTab)
    RTMSymTab$$Base                          0x08031ed0   Number         0  clock.o(RTMSymTab)
    __rtmsym_rt_tick_get                     0x08031ed0   Data           8  clock.o(RTMSymTab)
    __rtmsym_rt_tick_from_millisecond        0x08031ed8   Data           8  clock.o(RTMSymTab)
    __rtmsym_rt_device_register              0x08031ee0   Data           8  device.o(RTMSymTab)
    __rtmsym_rt_device_unregister            0x08031ee8   Data           8  device.o(RTMSymTab)
    __rtmsym_rt_device_find                  0x08031ef0   Data           8  device.o(RTMSymTab)
    __rtmsym_rt_device_open                  0x08031ef8   Data           8  device.o(RTMSymTab)
    __rtmsym_rt_device_close                 0x08031f00   Data           8  device.o(RTMSymTab)
    __rtmsym_rt_device_read                  0x08031f08   Data           8  device.o(RTMSymTab)
    __rtmsym_rt_device_write                 0x08031f10   Data           8  device.o(RTMSymTab)
    __rtmsym_rt_device_control               0x08031f18   Data           8  device.o(RTMSymTab)
    __rtmsym_rt_device_set_rx_indicate       0x08031f20   Data           8  device.o(RTMSymTab)
    __rtmsym_rt_device_set_tx_complete       0x08031f28   Data           8  device.o(RTMSymTab)
    __rtmsym_rt_sem_init                     0x08031f30   Data           8  ipc.o(RTMSymTab)
    __rtmsym_rt_sem_detach                   0x08031f38   Data           8  ipc.o(RTMSymTab)
    __rtmsym_rt_sem_create                   0x08031f40   Data           8  ipc.o(RTMSymTab)
    __rtmsym_rt_sem_delete                   0x08031f48   Data           8  ipc.o(RTMSymTab)
    __rtmsym_rt_sem_take                     0x08031f50   Data           8  ipc.o(RTMSymTab)
    __rtmsym_rt_sem_trytake                  0x08031f58   Data           8  ipc.o(RTMSymTab)
    __rtmsym_rt_sem_release                  0x08031f60   Data           8  ipc.o(RTMSymTab)
    __rtmsym_rt_sem_control                  0x08031f68   Data           8  ipc.o(RTMSymTab)
    __rtmsym_rt_mutex_init                   0x08031f70   Data           8  ipc.o(RTMSymTab)
    __rtmsym_rt_mutex_detach                 0x08031f78   Data           8  ipc.o(RTMSymTab)
    __rtmsym_rt_mutex_create                 0x08031f80   Data           8  ipc.o(RTMSymTab)
    __rtmsym_rt_mutex_delete                 0x08031f88   Data           8  ipc.o(RTMSymTab)
    __rtmsym_rt_mutex_take                   0x08031f90   Data           8  ipc.o(RTMSymTab)
    __rtmsym_rt_mutex_release                0x08031f98   Data           8  ipc.o(RTMSymTab)
    __rtmsym_rt_mutex_control                0x08031fa0   Data           8  ipc.o(RTMSymTab)
    __rtmsym_rt_event_init                   0x08031fa8   Data           8  ipc.o(RTMSymTab)
    __rtmsym_rt_event_detach                 0x08031fb0   Data           8  ipc.o(RTMSymTab)
    __rtmsym_rt_event_create                 0x08031fb8   Data           8  ipc.o(RTMSymTab)
    __rtmsym_rt_event_delete                 0x08031fc0   Data           8  ipc.o(RTMSymTab)
    __rtmsym_rt_event_send                   0x08031fc8   Data           8  ipc.o(RTMSymTab)
    __rtmsym_rt_event_recv                   0x08031fd0   Data           8  ipc.o(RTMSymTab)
    __rtmsym_rt_event_control                0x08031fd8   Data           8  ipc.o(RTMSymTab)
    __rtmsym_rt_mb_init                      0x08031fe0   Data           8  ipc.o(RTMSymTab)
    __rtmsym_rt_mb_detach                    0x08031fe8   Data           8  ipc.o(RTMSymTab)
    __rtmsym_rt_mb_create                    0x08031ff0   Data           8  ipc.o(RTMSymTab)
    __rtmsym_rt_mb_delete                    0x08031ff8   Data           8  ipc.o(RTMSymTab)
    __rtmsym_rt_mb_send_wait                 0x08032000   Data           8  ipc.o(RTMSymTab)
    __rtmsym_rt_mb_send                      0x08032008   Data           8  ipc.o(RTMSymTab)
    __rtmsym_rt_mb_recv                      0x08032010   Data           8  ipc.o(RTMSymTab)
    __rtmsym_rt_mb_control                   0x08032018   Data           8  ipc.o(RTMSymTab)
    __rtmsym_rt_mq_init                      0x08032020   Data           8  ipc.o(RTMSymTab)
    __rtmsym_rt_mq_detach                    0x08032028   Data           8  ipc.o(RTMSymTab)
    __rtmsym_rt_mq_create                    0x08032030   Data           8  ipc.o(RTMSymTab)
    __rtmsym_rt_mq_delete                    0x08032038   Data           8  ipc.o(RTMSymTab)
    __rtmsym_rt_mq_send                      0x08032040   Data           8  ipc.o(RTMSymTab)
    __rtmsym_rt_mq_urgent                    0x08032048   Data           8  ipc.o(RTMSymTab)
    __rtmsym_rt_mq_recv                      0x08032050   Data           8  ipc.o(RTMSymTab)
    __rtmsym_rt_mq_control                   0x08032058   Data           8  ipc.o(RTMSymTab)
    __rtmsym_rt_interrupt_enter              0x08032060   Data           8  irq.o(RTMSymTab)
    __rtmsym_rt_interrupt_leave              0x08032068   Data           8  irq.o(RTMSymTab)
    __rtmsym_rt_interrupt_get_nest           0x08032070   Data           8  irq.o(RTMSymTab)
    __rtmsym_rt_hw_interrupt_disable         0x08032078   Data           8  irq.o(RTMSymTab)
    __rtmsym_rt_hw_interrupt_enable          0x08032080   Data           8  irq.o(RTMSymTab)
    __rtmsym_rt_get_errno                    0x08032088   Data           8  kservice.o(RTMSymTab)
    __rtmsym_rt_set_errno                    0x08032090   Data           8  kservice.o(RTMSymTab)
    __rtmsym__rt_errno                       0x08032098   Data           8  kservice.o(RTMSymTab)
    __rtmsym_rt_memset                       0x080320a0   Data           8  kservice.o(RTMSymTab)
    __rtmsym_rt_memcpy                       0x080320a8   Data           8  kservice.o(RTMSymTab)
    __rtmsym_rt_memmove                      0x080320b0   Data           8  kservice.o(RTMSymTab)
    __rtmsym_rt_memcmp                       0x080320b8   Data           8  kservice.o(RTMSymTab)
    __rtmsym_rt_strstr                       0x080320c0   Data           8  kservice.o(RTMSymTab)
    __rtmsym_rt_strcasecmp                   0x080320c8   Data           8  kservice.o(RTMSymTab)
    __rtmsym_rt_strncpy                      0x080320d0   Data           8  kservice.o(RTMSymTab)
    __rtmsym_rt_strncmp                      0x080320d8   Data           8  kservice.o(RTMSymTab)
    __rtmsym_rt_strcmp                       0x080320e0   Data           8  kservice.o(RTMSymTab)
    __rtmsym_rt_strlen                       0x080320e8   Data           8  kservice.o(RTMSymTab)
    __rtmsym_rt_strdup                       0x080320f0   Data           8  kservice.o(RTMSymTab)
    __rtmsym_rt_show_version                 0x080320f8   Data           8  kservice.o(RTMSymTab)
    __rtmsym_rt_vsnprintf                    0x08032100   Data           8  kservice.o(RTMSymTab)
    __rtmsym_rt_snprintf                     0x08032108   Data           8  kservice.o(RTMSymTab)
    __rtmsym_rt_vsprintf                     0x08032110   Data           8  kservice.o(RTMSymTab)
    __rtmsym_rt_sprintf                      0x08032118   Data           8  kservice.o(RTMSymTab)
    __rtmsym_rt_console_get_device           0x08032120   Data           8  kservice.o(RTMSymTab)
    __rtmsym_rt_console_set_device           0x08032128   Data           8  kservice.o(RTMSymTab)
    __rtmsym_rt_hw_console_output            0x08032130   Data           8  kservice.o(RTMSymTab)
    __rtmsym_rt_kprintf                      0x08032138   Data           8  kservice.o(RTMSymTab)
    __rtmsym_rt_malloc_align                 0x08032140   Data           8  kservice.o(RTMSymTab)
    __rtmsym_rt_free_align                   0x08032148   Data           8  kservice.o(RTMSymTab)
    __rtmsym_rt_malloc                       0x08032150   Data           8  mem.o(RTMSymTab)
    __rtmsym_rt_realloc                      0x08032158   Data           8  mem.o(RTMSymTab)
    __rtmsym_rt_calloc                       0x08032160   Data           8  mem.o(RTMSymTab)
    __rtmsym_rt_free                         0x08032168   Data           8  mem.o(RTMSymTab)
    __rtmsym_rt_mp_init                      0x08032170   Data           8  mempool.o(RTMSymTab)
    __rtmsym_rt_mp_detach                    0x08032178   Data           8  mempool.o(RTMSymTab)
    __rtmsym_rt_mp_create                    0x08032180   Data           8  mempool.o(RTMSymTab)
    __rtmsym_rt_mp_delete                    0x08032188   Data           8  mempool.o(RTMSymTab)
    __rtmsym_rt_mp_alloc                     0x08032190   Data           8  mempool.o(RTMSymTab)
    __rtmsym_rt_mp_free                      0x08032198   Data           8  mempool.o(RTMSymTab)
    __rtmsym_rt_object_get_information       0x080321a0   Data           8  object.o(RTMSymTab)
    __rtmsym_rt_thread_init                  0x080321a8   Data           8  thread.o(RTMSymTab)
    __rtmsym_rt_thread_self                  0x080321b0   Data           8  thread.o(RTMSymTab)
    __rtmsym_rt_thread_startup               0x080321b8   Data           8  thread.o(RTMSymTab)
    __rtmsym_rt_thread_detach                0x080321c0   Data           8  thread.o(RTMSymTab)
    __rtmsym_rt_thread_create                0x080321c8   Data           8  thread.o(RTMSymTab)
    __rtmsym_rt_thread_delete                0x080321d0   Data           8  thread.o(RTMSymTab)
    __rtmsym_rt_thread_yield                 0x080321d8   Data           8  thread.o(RTMSymTab)
    __rtmsym_rt_thread_delay                 0x080321e0   Data           8  thread.o(RTMSymTab)
    __rtmsym_rt_thread_control               0x080321e8   Data           8  thread.o(RTMSymTab)
    __rtmsym_rt_thread_suspend               0x080321f0   Data           8  thread.o(RTMSymTab)
    __rtmsym_rt_thread_resume                0x080321f8   Data           8  thread.o(RTMSymTab)
    __rtmsym_rt_thread_timeout               0x08032200   Data           8  thread.o(RTMSymTab)
    __rtmsym_rt_thread_find                  0x08032208   Data           8  thread.o(RTMSymTab)
    __rtmsym_rt_timer_init                   0x08032210   Data           8  timer.o(RTMSymTab)
    __rtmsym_rt_timer_detach                 0x08032218   Data           8  timer.o(RTMSymTab)
    __rtmsym_rt_timer_create                 0x08032220   Data           8  timer.o(RTMSymTab)
    __rtmsym_rt_timer_delete                 0x08032228   Data           8  timer.o(RTMSymTab)
    __rtmsym_rt_timer_start                  0x08032230   Data           8  timer.o(RTMSymTab)
    __rtmsym_rt_timer_stop                   0x08032238   Data           8  timer.o(RTMSymTab)
    __rtmsym_rt_timer_control                0x08032240   Data           8  timer.o(RTMSymTab)
    __rtmsym_rt_data_queue_init              0x08032248   Data           8  dataqueue.o(RTMSymTab)
    __rtmsym_rt_data_queue_push              0x08032250   Data           8  dataqueue.o(RTMSymTab)
    __rtmsym_rt_data_queue_pop               0x08032258   Data           8  dataqueue.o(RTMSymTab)
    __rtmsym_rt_data_queue_peak              0x08032260   Data           8  dataqueue.o(RTMSymTab)
    __rtmsym_rt_data_queue_reset             0x08032268   Data           8  dataqueue.o(RTMSymTab)
    __rtmsym_rt_pipe_init                    0x08032270   Data           8  pipe.o(RTMSymTab)
    __rtmsym_rt_pipe_detach                  0x08032278   Data           8  pipe.o(RTMSymTab)
    __rtmsym_rt_pipe_create                  0x08032280   Data           8  pipe.o(RTMSymTab)
    __rtmsym_rt_pipe_destroy                 0x08032288   Data           8  pipe.o(RTMSymTab)
    __rtmsym_rt_portal_init                  0x08032290   Data           8  portal.o(RTMSymTab)
    __rtmsym_rt_portal_detach                0x08032298   Data           8  portal.o(RTMSymTab)
    __rtmsym_rt_portal_create                0x080322a0   Data           8  portal.o(RTMSymTab)
    __rtmsym_rt_portal_destroy               0x080322a8   Data           8  portal.o(RTMSymTab)
    __rtmsym_rt_ringbuffer_init              0x080322b0   Data           8  ringbuffer.o(RTMSymTab)
    __rtmsym_rt_ringbuffer_put               0x080322b8   Data           8  ringbuffer.o(RTMSymTab)
    __rtmsym_rt_ringbuffer_put_force         0x080322c0   Data           8  ringbuffer.o(RTMSymTab)
    __rtmsym_rt_ringbuffer_get               0x080322c8   Data           8  ringbuffer.o(RTMSymTab)
    __rtmsym_rt_ringbuffer_putchar           0x080322d0   Data           8  ringbuffer.o(RTMSymTab)
    __rtmsym_rt_ringbuffer_putchar_force     0x080322d8   Data           8  ringbuffer.o(RTMSymTab)
    __rtmsym_rt_ringbuffer_getchar           0x080322e0   Data           8  ringbuffer.o(RTMSymTab)
    RTMSymTab$$Limit                         0x080322e8   Number         0  ringbuffer.o(RTMSymTab)
    Region$$Table$$Base                      0x080322e8   Number         0  anon$$obj.o(Region$$Table)
    Region$$Table$$Limit                     0x08032308   Number         0  anon$$obj.o(Region$$Table)
    VSymTab$$Base                            0x08032308   Number         0  cmd.o(VSymTab)
    __vsym_dummy                             0x08032308   Data          16  cmd.o(VSymTab)
    VSymTab$$Limit                           0x08032318   Number         0  cmd.o(VSymTab)
    vsa_app_handler_tbl                      0x20000000   Data          16  cv_vsa.o(.data)
    p_vam_envar                              0x20000010   Data           4  cv_vam_main.o(.data)
    IsLocate                                 0x20000014   Data           1  cv_vam_lip_nmea.o(.data)
    gpsCycTime                               0x20000018   Data           4  cv_vam_lip_nmea.o(.data)
    timer_test_bsm_rx                        0x2000001c   Data           4  cv_vam_rcp.o(.data)
    timer_test_bsm_rx_2                      0x20000020   Data           4  cv_vam_rcp.o(.data)
    timer_test_bsm_rx_3                      0x20000024   Data           4  cv_vam_rcp.o(.data)
    p_cms_envar                              0x20000048   Data           4  cv_sys_main.o(.data)
    p_cms_param                              0x2000004c   Data           4  cv_sys_param.o(.data)
    gps_recv_cb                              0x20000050   Data           4  cv_drv_gps.o(.data)
    get_gps                                  0x20000054   Data           1  cv_drv_gps.o(.data)
    GPIO_PORT                                0x20000060   Data          12  led.o(.data)
    uart1                                    0x2000007c   Data           8  usart.o(.data)
    uart2                                    0x20000084   Data           8  usart.o(.data)
    L3GD20Timeout                            0x2000008c   Data           4  l3gd20.o(.data)
    SystemCoreClock                          0x200000a0   Data           4  system_stm32f4xx.o(.data)
    AHBPrescTable                            0x200000a4   Data          16  system_stm32f4xx.o(.data)
    rt_interrupt_nest                        0x200000bc   Data           1  irq.o(.data)
    rt_object_container                      0x20000104   Data         160  object.o(.data)
    rt_object_trytake_hook                   0x200001ac   Data           4  object.o(.data)
    rt_object_take_hook                      0x200001b0   Data           4  object.o(.data)
    rt_object_put_hook                       0x200001b4   Data           4  object.o(.data)
    rt_current_thread                        0x200001bc   Data           4  scheduler.o(.data)
    rt_current_priority                      0x200001c0   Data           1  scheduler.o(.data)
    rt_thread_ready_priority_group           0x200001c4   Data           4  scheduler.o(.data)
    rt_thread_defunct                        0x200001c8   Data           8  scheduler.o(.data)
    rt_interrupt_from_thread                 0x200001e8   Data           4  cpuport.o(.data)
    rt_interrupt_to_thread                   0x200001ec   Data           4  cpuport.o(.data)
    rt_thread_switch_interrupt_flag          0x200001f0   Data           4  cpuport.o(.data)
    shell                                    0x200001f4   Data           4  shell.o(.data)
    _syscall_table_begin                     0x200001f8   Data           4  symbol.o(.data)
    _syscall_table_end                       0x200001fc   Data           4  symbol.o(.data)
    _sysvar_table_begin                      0x20000200   Data           4  symbol.o(.data)
    _sysvar_table_end                        0x20000204   Data           4  symbol.o(.data)
    finsh_compile_sp                         0x2000020c   Data           4  finsh_compiler.o(.data)
    finsh_compile_pc                         0x20000210   Data           4  finsh_compiler.o(.data)
    global_errno                             0x20000250   Data           1  finsh_error.o(.data)
    global_sysvar_list                       0x2000025c   Data           4  finsh_var.o(.data)
    global_syscall_list                      0x20000260   Data           4  finsh_vm.o(.data)
    finsh_sp                                 0x20000264   Data           4  finsh_vm.o(.data)
    finsh_pc                                 0x20000268   Data           4  finsh_vm.o(.data)
    mac_state                                0x20000270   Data           1  mac.o(.data)
    mac_scan_state                           0x20000271   Data           1  mac.o(.data)
    mac_sync_state                           0x20000272   Data           1  mac.o(.data)
    mac_poll_state                           0x20000273   Data           1  mac.o(.data)
    mac_radio_sleep_state                    0x20000274   Data           1  mac.o(.data)
    mac_rx_enabled                           0x20000275   Data           1  mac.o(.data)
    mac_last_dsn                             0x20000276   Data           1  mac.o(.data)
    mac_last_src_addr                        0x20000278   Data           8  mac.o(.data)
    mac_conf_buf_ptr                         0x20000280   Data           4  mac.o(.data)
    mac_busy                                 0x20000284   Data           1  mac.o(.data)
    event_processed                          0x20000285   Data           1  mac_api.o(.data)
    ledTxCounter                             0x20000288   Data           4  mac_process_tal_tx_frame_status.o(.data)
    ledRxCounter                             0x2000028c   Data           4  mac_process_tal_tx_frame_status.o(.data)
    App_System_Para_Pointer                  0x20000290   Data           4  moduleid.o(.data)
    NwkState                                 0x20000298   Data           2  nwk.o(.data)
    NwkPermitJoiningState                    0x2000029a   Data           1  nwk.o(.data)
    NwkFormationState                        0x2000029b   Data           1  nwk.o(.data)
    NwkNetworkDiscoveryState                 0x2000029c   Data           1  nwk.o(.data)
    NwkJoinReqState                          0x2000029d   Data           1  nwk.o(.data)
    NwkJoinIndState                          0x2000029e   Data           1  nwk.o(.data)
    NwkStartRouterState                      0x2000029f   Data           1  nwk.o(.data)
    NwkLeaveReqState                         0x200002a0   Data           1  nwk.o(.data)
    NwkLinkStatusState                       0x200002a1   Data           1  nwk.o(.data)
    NwkRouteDiscoveryState                   0x200002a2   Data           1  nwk.o(.data)
    NwkRouteRecordState                      0x200002a3   Data           1  nwk.o(.data)
    NwkStatusState                           0x200002a4   Data           1  nwk.o(.data)
    gNwk_RouteDiscovery_sequence             0x200002a5   Data           1  nwk.o(.data)
    gNwkAddrMap_BitMap                       0x200002a8   Data           4  nwk.o(.data)
    gResIndex                                0x200002ac   Data           1  nwk.o(.data)
    gRouteRelayRetries                       0x200002ad   Data           1  nwk.o(.data)
    gSelectChannel                           0x200002ae   Data           1  nwk.o(.data)
    gPowerUpFlag                             0x200002af   Data           1  nwk.o(.data)
    broadDelayBitmap                         0x200002b0   Data           8  nwk.o(.data)
    minBroadDelayIndex                       0x200002b8   Data           1  nwk.o(.data)
    broadDelayCount                          0x200002b9   Data           1  nwk.o(.data)
    uartEnableRequire                        0x200002ba   Data           1  nwk.o(.data)
    BackgroundCmdProce                       0x200002bc   Data           8  nwk.o(.data)
    gNwk_conf_buf_ptr                        0x200002c4   Data           4  nwk.o(.data)
    gNeighborParent_p                        0x200002c8   Data           4  nwk.o(.data)
    gJoinCoordShortAddress                   0x200002cc   Data           2  nwk.o(.data)
    Nwk_NibAttrValue                         0x200002d0   Data           8  nwk.o(.data)
    gNwkFrameHeader_p                        0x200002d8   Data           4  nwk.o(.data)
    nwk_frame_ptr                            0x200002dc   Data           4  nwk.o(.data)
    gResponseData                            0x200002e0   Data           8  nwk.o(.data)
    currentTime                              0x200002e8   Data           4  nwk.o(.data)
    serialMode                               0x200002ec   Data           1  nwk.o(.data)
    tal_rx_buffer                            0x20000314   Data           4  tal.o(.data)
    tal_state                                0x2000031b   Data           1  tal.o(.data)
    tal_trx_status                           0x2000031c   Data           1  tal.o(.data)
    tal_rx_on_required                       0x2000031d   Data           1  tal.o(.data)
    tal_frame_to_tx                          0x20000320   Data           4  tal.o(.data)
    mac_frame_ptr                            0x20000324   Data           4  tal.o(.data)
    last_frame_length                        0x20000328   Data           1  tal.o(.data)
    tal_awake_end_flag                       0x20000329   Data           1  tal.o(.data)
    __stdout                                 0x20000330   Data           4  stdout.o(.data)
    test_bsm_rx                              0x20000440   Data          33  cv_vam_rcp.o(.bss)
    test_rxbd                                0x20000461   Data          13  cv_vam_rcp.o(.bss)
    test_bsm_rx_2                            0x2000046e   Data          33  cv_vam_rcp.o(.bss)
    test_rxbd_2                              0x2000048f   Data          13  cv_vam_rcp.o(.bss)
    test_bsm_rx_3                            0x2000049c   Data          33  cv_vam_rcp.o(.bss)
    test_rxbd_3                              0x200004bd   Data          13  cv_vam_rcp.o(.bss)
    cms_envar                                0x200004cc   Data         592  cv_sys_main.o(.bss)
    thread_zigbee                            0x20000b1c   Data         136  cv_sys_main.o(.bss)
    cms_param                                0x20000ba4   Data          20  cv_sys_param.o(.bss)
    __GPSBuff                                0x20000bb8   Data        1324  cv_drv_gps.o(.bss)
    _GPSBuffer                               0x200010e4   Data         256  cv_drv_gps.o(.bss)
    mutex_gps                                0x200011e4   Data          40  cv_drv_gps.o(.bss)
    uart1_int_rx                             0x2000135c   Data        1028  usart.o(.bss)
    serial1                                  0x20001760   Data         128  usart.o(.bss)
    uart2_int_rx                             0x200017e0   Data        1028  usart.o(.bss)
    serial2                                  0x20001be4   Data         128  usart.o(.bss)
    rt_thread_priority_table                 0x20001f90   Data         256  scheduler.o(.bss)
    finsh_heap                               0x20002340   Data         128  finsh_heap.o(.bss)
    global_node_table                        0x200023c0   Data         320  finsh_node.o(.bss)
    global_variable                          0x20002500   Data         192  finsh_var.o(.bss)
    finsh_vm_stack                           0x200025c0   Data         256  finsh_vm.o(.bss)
    text_segment                             0x200026c0   Data         128  finsh_vm.o(.bss)
    mac_parse_data                           0x20002740   Data          56  mac.o(.bss)
    nhle_mac_q                               0x20002778   Data          12  mac.o(.bss)
    tal_mac_q                                0x20002784   Data          12  mac.o(.bss)
    mac_pib                                  0x20002790   Data          24  mac.o(.bss)
    mac_nhle_q                               0x200027a8   Data          12  mac_api.o(.bss)
    zigbeeTask_Sem                           0x200027b4   Data          36  mac_api.o(.bss)
    ModuleCfgInfo                            0x200027d8   Data         276  moduleid.o(.bss)
    interModuleCfgInfo                       0x200028ec   Data         276  moduleid.o(.bss)
    gNwkAddrMap                              0x20002a00   Data         320  nwk.o(.bss)
    aps_nwk_q                                0x20002b40   Data          12  nwk.o(.bss)
    nwk_aps_q                                0x20002b4c   Data          12  nwk.o(.bss)
    gNwk_nib                                 0x20002b58   Data         144  nwk.o(.bss)
    gNwkParse                                0x20002be8   Data          40  nwk.o(.bss)
    gNwkRoutingTableEntry                    0x20002c10   Data         300  nwk.o(.bss)
    gNwkRoutingTable                         0x20002d3c   Data          12  nwk.o(.bss)
    gNwkRouteCacheRecordEntry                0x20002d48   Data         600  nwk.o(.bss)
    gNwkRouteCacheTable                      0x20002fa0   Data          24  nwk.o(.bss)
    gNwkRouteDiscoveryTableEntry             0x20002fb8   Data         960  nwk.o(.bss)
    gNwkRouteDiscoveryTable                  0x20003378   Data          12  nwk.o(.bss)
    gMyAddress_report                        0x20003384   Data          22  nwk.o(.bss)
    gNwkSequence                             0x2000339a   Data         120  nwk.o(.bss)
    gNwkPassiveAckEntry                      0x20003414   Data          60  nwk.o(.bss)
    gNwkPassiveAckTable                      0x20003450   Data          12  nwk.o(.bss)
    nwkBroadDelay                            0x2000345c   Data          24  nwk.o(.bss)
    uart_0_buffer                            0x20003474   Data          96  nwk_broadcast.o(.bss)
    timer_array                              0x200034d4   Data         240  pal_timer.o(.bss)
    free_large_buffer_q                      0x20003bd0   Data          12  bmm.o(.bss)
    tal_pib                                  0x20003be0   Data          32  tal.o(.bss)
    tal_incoming_frame_queue                 0x20003c00   Data          12  tal.o(.bss)
    Image$$RW_IRAM1$$ZI$$Limit               0x20004010   Number         0  startup_stm32f4xx.o(STACK)
    __initial_sp                             0x20004010   Data           0  startup_stm32f4xx.o(STACK)



==============================================================================

Memory Map of the image

  Image Entry point : 0x08000189

  Load Region LR_IROM1 (Base: 0x08000000, Size: 0x00032650, Max: 0x00100000, ABSOLUTE, COMPRESSED[0x00032414])

    Execution Region ER_IROM1 (Base: 0x08000000, Size: 0x00032318, Max: 0x00100000, ABSOLUTE)

    Base Addr    Size         Type   Attr      Idx    E Section Name        Object

    0x08000000   0x00000188   Data   RO         1588    RESET               startup_stm32f4xx.o
    0x08000188   0x00000000   Code   RO         4223  * .ARM.Collect$$$$00000000  mc_w.l(entry.o)
    0x08000188   0x00000004   Code   RO         4589    .ARM.Collect$$$$00000001  mc_w.l(entry2.o)
    0x0800018c   0x00000004   Code   RO         4592    .ARM.Collect$$$$00000004  mc_w.l(entry5.o)
    0x08000190   0x00000000   Code   RO         4594    .ARM.Collect$$$$00000008  mc_w.l(entry7b.o)
    0x08000190   0x00000000   Code   RO         4596    .ARM.Collect$$$$0000000A  mc_w.l(entry8b.o)
    0x08000190   0x00000008   Code   RO         4597    .ARM.Collect$$$$0000000B  mc_w.l(entry9a.o)
    0x08000198   0x00000000   Code   RO         4599    .ARM.Collect$$$$0000000D  mc_w.l(entry10a.o)
    0x08000198   0x00000000   Code   RO         4601    .ARM.Collect$$$$0000000F  mc_w.l(entry11a.o)
    0x08000198   0x00000004   Code   RO         4590    .ARM.Collect$$$$00002712  mc_w.l(entry2.o)
    0x0800019c   0x000005b8   Code   RO            3    .text               cv_vsa.o
    0x08000754   0x00000748   Code   RO          220    .text               cv_vam_main.o
    0x08000e9c   0x000001e0   Code   RO          257    .text               cv_vam_api.o
    0x0800107c   0x000000e4   Code   RO          301    .text               cv_vam_lip.o
    0x08001160   0x0000081c   Code   RO          335    .text               cv_vam_lip_nmea.o
    0x0800197c   0x00000810   Code   RO          379    .text               cv_vam_rcp.o
    0x0800218c   0x00000364   Code   RO          405    .text               cv_vam_vsm.o
    0x080024f0   0x00000788   Code   RO          443    .text               cv_vam_util.o
    0x08002c78   0x00000138   Code   RO          470    .text               cv_sys_main.o
    0x08002db0   0x00000640   Code   RO          499    .text               cv_sys_manager.o
    0x080033f0   0x00000308   Code   RO          527    .text               cv_sys_param.o
    0x080036f8   0x000002dc   Code   RO          565    .text               cv_drv_gps.o
    0x080039d4   0x000002f0   Code   RO          598    .text               cv_drv_msnr.o
    0x08003cc4   0x0000019c   Code   RO          654    .text               cv_drv_voc.o
    0x08003e60   0x00000058   Code   RO          676    .text               cv_drv_led.o
    0x08003eb8   0x000001ac   Code   RO          696    .text               board.o
    0x08004064   0x0000007a   Code   RO          748    .text               isr.o
    0x080040de   0x00000002   PAD
    0x080040e0   0x00000088   Code   RO          768    .text               led.o
    0x08004168   0x00000150   Code   RO          792    .text               platform.o
    0x080042b8   0x000002a0   Code   RO          817    .text               spi.o
    0x08004558   0x00000414   Code   RO          839    .text               usart.o
    0x0800496c   0x000003b4   Code   RO          871    .text               l3gd20.o
    0x08004d20   0x000001c0   Code   RO          920    .text               misc.o
    0x08004ee0   0x000005c4   Code   RO         1084    .text               stm32f4xx_dac.o
    0x080054a4   0x00001358   Code   RO         1147    .text               stm32f4xx_dma.o
    0x080067fc   0x000002d4   Code   RO         1168    .text               stm32f4xx_exti.o
    0x08006ad0   0x000008c8   Code   RO         1231    .text               stm32f4xx_gpio.o
    0x08007398   0x000000ac   Code   RO         1334    .text               stm32f4xx_iwdg.o
    0x08007444   0x00000210   Code   RO         1355    .text               stm32f4xx_pwr.o
    0x08007654   0x00000cfc   Code   RO         1376    .text               stm32f4xx_rcc.o
    0x08008350   0x00000b48   Code   RO         1462    .text               stm32f4xx_spi.o
    0x08008e98   0x0000014c   Code   RO         1483    .text               stm32f4xx_syscfg.o
    0x08008fe4   0x000031ec   Code   RO         1504    .text               stm32f4xx_tim.o
    0x0800c1d0   0x00000e20   Code   RO         1525    .text               stm32f4xx_usart.o
    0x0800cff0   0x000000bc   Code   RO         1567    .text               startup.o
    0x0800d0ac   0x00000024   Code   RO         1589    .text               startup_stm32f4xx.o
    0x0800d0d0   0x000001d8   Code   RO         1595    .text               system_stm32f4xx.o
    0x0800d2a8   0x00000064   Code   RO         1619    .text               clock.o
    0x0800d30c   0x00000438   Code   RO         1636    .text               device.o
    0x0800d744   0x0000019c   Code   RO         1653    .text               idle.o
    0x0800d8e0   0x00001b20   Code   RO         1673    .text               ipc.o
    0x0800f400   0x00000048   Code   RO         1693    .text               irq.o
    0x0800f448   0x000009b0   Code   RO         1710    .text               kservice.o
    0x0800fdf8   0x000009b0   Code   RO         1728    .text               mem.o
    0x080107a8   0x00000440   Code   RO         1747    .text               mempool.o
    0x08010be8   0x000011a8   Code   RO         1767    .text               module.o
    0x08011d90   0x00000388   Code   RO         1791    .text               object.o
    0x08012118   0x00000334   Code   RO         1812    .text               scheduler.o
    0x0801244c   0x000006b4   Code   RO         1833    .text               thread.o
    0x08012b00   0x00000560   Code   RO         1853    .text               timer.o
    0x08013060   0x000001c0   Code   RO         1874    .text               cpuport.o
    0x08013220   0x00000110   Code   RO         1890    .text               context_rvds.o
    0x08013330   0x000001a8   Code   RO         1930    .text               i2c_core.o
    0x080134d8   0x00000244   Code   RO         1947    .text               i2c_dev.o
    0x0801371c   0x00000608   Code   RO         1974    .text               serial.o
    0x08013d24   0x0000076c   Code   RO         1987    .text               spi_core.o
    0x08014490   0x00000398   Code   RO         2000    .text               spi_dev.o
    0x08014828   0x000004c4   Code   RO         2029    .text               dataqueue.o
    0x08014cec   0x00000530   Code   RO         2051    .text               pipe.o
    0x0801521c   0x00000374   Code   RO         2073    .text               portal.o
    0x08015590   0x00000540   Code   RO         2089    .text               ringbuffer.o
    0x08015ad0   0x000009f4   Code   RO         2111    .text               shell.o
    0x080164c4   0x00000de0   Code   RO         2143    .text               cmd.o
    0x080172a4   0x00001818   Code   RO         2166    .text               finsh_compiler.o
    0x08018abc   0x0000002c   Code   RO         2203    .text               finsh_error.o
    0x08018ae8   0x00000210   Code   RO         2219    .text               finsh_heap.o
    0x08018cf8   0x00000058   Code   RO         2235    .text               finsh_init.o
    0x08018d50   0x00000184   Code   RO         2253    .text               finsh_node.o
    0x08018ed4   0x00000adc   Code   RO         2268    .text               finsh_ops.o
    0x080199b0   0x0000097c   Code   RO         2286    .text               finsh_parser.o
    0x0801a32c   0x00000198   Code   RO         2301    .text               finsh_var.o
    0x0801a4c4   0x000000e4   Code   RO         2324    .text               finsh_vm.o
    0x0801a5a8   0x0000063c   Code   RO         2351    .text               finsh_token.o
    0x0801abe4   0x00000040   Code   RO         2366    .text               components.o
    0x0801ac24   0x000000ac   Code   RO         2813    .text               mac.o
    0x0801acd0   0x00000194   Code   RO         2866    .text               mac_api.o
    0x0801ae64   0x0000008c   Code   RO         2981    .text               mac_callback_wrapper.o
    0x0801aef0   0x00000104   Code   RO         3078    .text               mac_data_extract_mhr.o
    0x0801aff4   0x0000030c   Code   RO         3101    .text               mac_data_ind.o
    0x0801b300   0x0000002c   Code   RO         3138    .text               mac_dispatcher.o
    0x0801b32c   0x00000680   Code   RO         3160    .text               mac_mcps_data.o
    0x0801b9ac   0x00000194   Code   RO         3200    .text               mac_misc.o
    0x0801bb40   0x000001d0   Code   RO         3227    .text               mac_pib.o
    0x0801bd10   0x00000240   Code   RO         3250    .text               mac_process_tal_tx_frame_status.o
    0x0801bf50   0x0000000c   Code   RO         3280    .text               usr_mcps_data_conf.o
    0x0801bf5c   0x00000328   Code   RO         3304    .text               usr_mcps_data_ind.o
    0x0801c284   0x00000068   Code   RO         3328    .text               usr_mlme_reset_conf.o
    0x0801c2ec   0x00000048   Code   RO         3358    .text               moduleid.o
    0x0801c334   0x00000090   Code   RO         3390    .text               nwk.o
    0x0801c3c4   0x00000510   Code   RO         3456    .text               nwk_api.o
    0x0801c8d4   0x00000540   Code   RO         3480    .text               nwk_broadcast.o
    0x0801ce14   0x00000060   Code   RO         3515    .text               nwk_callback_wrapper.o
    0x0801ce74   0x00000d98   Code   RO         3535    .text               nwk_datareq.o
    0x0801dc0c   0x0000002c   Code   RO         3565    .text               nwk_dispatcher.o
    0x0801dc38   0x000003a0   Code   RO         3587    .text               nwk_misc.o
    0x0801dfd8   0x0000012c   Code   RO         3610    .text               nwk_pib.o
    0x0801e104   0x000000a8   Code   RO         3632    .text               nwkframe.o
    0x0801e1ac   0x00000110   Code   RO         3652    .text               usr_nlde_data_conf.o
    0x0801e2bc   0x00000310   Code   RO         3677    .text               usr_nlde_data_ind.o
    0x0801e5cc   0x00000330   Code   RO         3702    .text               pal.o
    0x0801e8fc   0x000005fc   Code   RO         3724    .text               pal_timer.o
    0x0801eef8   0x000002a8   Code   RO         3749    .text               pal_trx_access.o
    0x0801f1a0   0x00000340   Code   RO         3772    .text               pal_board.o
    0x0801f4e0   0x00000060   Code   RO         3798    .text               pal_irq.o
    0x0801f540   0x00000118   Code   RO         3825    .text               qmm.o
    0x0801f658   0x00000080   Code   RO         3845    .text               bmm.o
    0x0801f6d8   0x00000d94   Code   RO         3869    .text               tal.o
    0x0802046c   0x0000044c   Code   RO         3934    .text               tal_init.o
    0x080208b8   0x00000090   Code   RO         3955    .text               tal_irq_handler.o
    0x08020948   0x0000056c   Code   RO         3975    .text               tal_pib.o
    0x08020eb4   0x000000b0   Code   RO         4001    .text               tal_rx.o
    0x08020f64   0x00000048   Code   RO         4021    .text               tal_rx_enable.o
    0x08020fac   0x000001c0   Code   RO         4041    .text               tal_tx.o
    0x0802116c   0x00000056   Code   RO         4086    .text               bsp_os.o
    0x080211c2   0x00000002   PAD
    0x080211c4   0x00000078   Code   RO         4103    .text               zigbee_main.o
    0x0802123c   0x00000008   Code   RO         4226    .text               mc_w.l(ctype_o.o)
    0x08021244   0x00000012   Code   RO         4248    .text               mc_w.l(isspace_o.o)
    0x08021256   0x00000002   PAD
    0x08021258   0x00000024   Code   RO         4254    .text               mc_w.l(rand.o)
    0x0802127c   0x00000024   Code   RO         4257    .text               mc_w.l(memcpya.o)
    0x080212a0   0x00000024   Code   RO         4259    .text               mc_w.l(memseta.o)
    0x080212c4   0x00000018   Code   RO         4261    .text               mc_w.l(strncpy.o)
    0x080212dc   0x00000014   Code   RO         4263    .text               mc_w.l(strchr.o)
    0x080212f0   0x0000000e   Code   RO         4265    .text               mc_w.l(strlen.o)
    0x080212fe   0x0000001c   Code   RO         4267    .text               mc_w.l(strcmp.o)
    0x0802131a   0x0000001a   Code   RO         4269    .text               mc_w.l(memcmp.o)
    0x08021334   0x0000001e   Code   RO         4271    .text               mc_w.l(strncmp.o)
    0x08021352   0x0000001a   Code   RO         4536    .text               mc_w.l(atoi.o)
    0x0802136c   0x0000014e   Code   RO         4538    .text               mf_w.l(dadd.o)
    0x080214ba   0x000000e4   Code   RO         4540    .text               mf_w.l(dmul.o)
    0x0802159e   0x000000de   Code   RO         4542    .text               mf_w.l(ddiv.o)
    0x0802167c   0x00000022   Code   RO         4546    .text               mf_w.l(dflti.o)
    0x0802169e   0x0000001a   Code   RO         4548    .text               mf_w.l(dfltui.o)
    0x080216b8   0x0000003e   Code   RO         4550    .text               mf_w.l(dfixi.o)
    0x080216f6   0x00000032   Code   RO         4552    .text               mf_w.l(dfixui.o)
    0x08021728   0x00000026   Code   RO         4554    .text               mf_w.l(f2d.o)
    0x0802174e   0x00000002   PAD
    0x08021750   0x00000028   Code   RO         4556    .text               mf_w.l(cdcmple.o)
    0x08021778   0x00000028   Code   RO         4558    .text               mf_w.l(cdrcmple.o)
    0x080217a0   0x00000038   Code   RO         4560    .text               mf_w.l(d2f.o)
    0x080217d8   0x0000002c   Code   RO         4606    .text               mc_w.l(uidiv.o)
    0x08021804   0x00000062   Code   RO         4608    .text               mc_w.l(uldiv.o)
    0x08021866   0x0000001e   Code   RO         4610    .text               mc_w.l(llshl.o)
    0x08021884   0x00000020   Code   RO         4612    .text               mc_w.l(llushr.o)
    0x080218a4   0x00000024   Code   RO         4614    .text               mc_w.l(llsshr.o)
    0x080218c8   0x0000009c   Code   RO         4623    .text               mc_w.l(strtod.o)
    0x08021964   0x00000070   Code   RO         4625    .text               mc_w.l(strtol.o)
    0x080219d4   0x00000000   Code   RO         4627    .text               mc_w.l(iusefp.o)
    0x080219d4   0x0000006c   Code   RO         4628    .text               mf_w.l(fepilogue.o)
    0x08021a40   0x000000be   Code   RO         4630    .text               mf_w.l(depilogue.o)
    0x08021afe   0x0000002e   Code   RO         4632    .text               mf_w.l(dscalb.o)
    0x08021b2c   0x000000a2   Code   RO         4634    .text               mf_w.l(dsqrt.o)
    0x08021bce   0x00000030   Code   RO         4636    .text               mf_w.l(dfixul.o)
    0x08021bfe   0x00000002   PAD
    0x08021c00   0x00000024   Code   RO         4638    .text               mc_w.l(init.o)
    0x08021c24   0x00000000   Code   RO         4640    .text               mc_w.l(semi.o)
    0x08021c24   0x0000033c   Code   RO         4643    .text               mc_w.l(scanf_fp.o)
    0x08021f60   0x00000040   Code   RO         4647    .text               mc_w.l(_sgetc.o)
    0x08021fa0   0x0000009e   Code   RO         4649    .text               mc_w.l(_strtoul.o)
    0x0802203e   0x00000000   Code   RO         4651    .text               mc_w.l(iusesemip.o)
    0x0802203e   0x0000001c   Code   RO         4655    .text               mc_w.l(_chval.o)
    0x0802205a   0x00000018   Code   RO         4657    .text               mf_w.l(dfltul.o)
    0x08022072   0x0000005c   Code   RO         4667    .text               mc_w.l(__dczerorl2.o)
    0x080220ce   0x00000002   PAD
    0x080220d0   0x00000020   Code   RO         4508    i.__0printf         mc_w.l(printfa.o)
    0x080220f0   0x00000028   Code   RO         4510    i.__0sprintf        mc_w.l(printfa.o)
    0x08022118   0x00000030   Code   RO         4573    i.__ARM_fpclassify  m_wm.l(fpclassify.o)
    0x08022148   0x00000008   Code   RO         4616    i.__aeabi_errno_addr  mc_w.l(errno.o)
    0x08022150   0x00000350   Code   RO         4139    i.__hardfp_acos     m_wm.l(acos.o)
    0x080224a0   0x00000370   Code   RO         4153    i.__hardfp_asin     m_wm.l(asin.o)
    0x08022810   0x00000038   Code   RO         4167    i.__hardfp_atof     m_wm.l(atof.o)
    0x08022848   0x000000d8   Code   RO         4173    i.__hardfp_cos      m_wm.l(cos.o)
    0x08022920   0x00000c90   Code   RO         4185    i.__hardfp_pow      m_wm.l(pow.o)
    0x080235b0   0x000000d8   Code   RO         4199    i.__hardfp_sin      m_wm.l(sin.o)
    0x08023688   0x0000007a   Code   RO         4211    i.__hardfp_sqrt     m_wm.l(sqrt.o)
    0x08023702   0x00000006   PAD
    0x08023708   0x00000458   Code   RO         4578    i.__ieee754_rem_pio2  m_wm.l(rred.o)
    0x08023b60   0x00000170   Code   RO         4562    i.__kernel_cos      m_wm.l(cos_i.o)
    0x08023cd0   0x000000f8   Code   RO         4575    i.__kernel_poly     m_wm.l(poly.o)
    0x08023dc8   0x00000130   Code   RO         4583    i.__kernel_sin      m_wm.l(sin_i.o)
    0x08023ef8   0x00000020   Code   RO         4565    i.__mathlib_dbl_underflow  m_wm.l(dunder.o)
    0x08023f18   0x0000000c   Code   RO         4617    i.__read_errno      mc_w.l(errno.o)
    0x08023f24   0x0000000e   Code   RO         4661    i.__scatterload_copy  mc_w.l(handlers.o)
    0x08023f32   0x00000002   Code   RO         4662    i.__scatterload_null  mc_w.l(handlers.o)
    0x08023f34   0x0000000e   Code   RO         4663    i.__scatterload_zeroinit  mc_w.l(handlers.o)
    0x08023f42   0x00000002   PAD
    0x08023f44   0x0000000c   Code   RO         4618    i.__set_errno       mc_w.l(errno.o)
    0x08023f50   0x0000015c   Code   RO         4515    i._fp_digits        mc_w.l(printfa.o)
    0x080240ac   0x0000000e   Code   RO         4645    i._is_digit         mc_w.l(scanf_fp.o)
    0x080240ba   0x00000002   PAD
    0x080240bc   0x000006f0   Code   RO         4516    i._printf_core      mc_w.l(printfa.o)
    0x080247ac   0x00000026   Code   RO         4517    i._printf_post_padding  mc_w.l(printfa.o)
    0x080247d2   0x00000030   Code   RO         4518    i._printf_pre_padding  mc_w.l(printfa.o)
    0x08024802   0x0000000a   Code   RO         4520    i._sputc            mc_w.l(printfa.o)
    0x0802480c   0x00000020   Code   RO         4569    i.fabs              m_wm.l(fabs.o)
    0x0802482c   0x00000012   Code   RO         4603    i.fputc             mc_w.l(fputc.o)
    0x0802483e   0x0000006e   Code   RO         4213    i.sqrt              m_wm.l(sqrt.o)
    0x080248ac   0x00000031   Data   RO            4    .constdata          cv_vsa.o
    0x080248dd   0x00000055   Data   RO          221    .constdata          cv_vam_main.o
    0x08024932   0x00000047   Data   RO          258    .constdata          cv_vam_api.o
    0x08024979   0x000000d5   Data   RO          381    .constdata          cv_vam_rcp.o
    0x08024a4e   0x00000031   Data   RO          406    .constdata          cv_vam_vsm.o
    0x08024a7f   0x00000001   PAD
    0x08024a80   0x00000054   Data   RO          444    .constdata          cv_vam_util.o
    0x08024ad4   0x00000014   Data   RO          472    .constdata          cv_sys_main.o
    0x08024ae8   0x00000095   Data   RO          500    .constdata          cv_sys_manager.o
    0x08024b7d   0x00000040   Data   RO          529    .constdata          cv_sys_param.o
    0x08024bbd   0x00000003   PAD
    0x08024bc0   0x0000acb5   Data   RO          555    .constdata          cv_sys_sound_resource.o
    0x0802f875   0x00000009   Data   RO          567    .constdata          cv_drv_gps.o
    0x0802f87e   0x0000000e   Data   RO          599    .constdata          cv_drv_msnr.o
    0x0802f88c   0x0000000c   Data   RO          697    .constdata          board.o
    0x0802f898   0x00000014   Data   RO          769    .constdata          led.o
    0x0802f8ac   0x00000048   Data   RO          841    .constdata          usart.o
    0x0802f8f4   0x00000048   Data   RO          921    .constdata          misc.o
    0x0802f93c   0x00000050   Data   RO         1085    .constdata          stm32f4xx_dac.o
    0x0802f98c   0x00000050   Data   RO         1148    .constdata          stm32f4xx_dma.o
    0x0802f9dc   0x00000050   Data   RO         1169    .constdata          stm32f4xx_exti.o
    0x0802fa2c   0x00000050   Data   RO         1232    .constdata          stm32f4xx_gpio.o
    0x0802fa7c   0x00000050   Data   RO         1335    .constdata          stm32f4xx_iwdg.o
    0x0802facc   0x00000050   Data   RO         1356    .constdata          stm32f4xx_pwr.o
    0x0802fb1c   0x00000050   Data   RO         1377    .constdata          stm32f4xx_rcc.o
    0x0802fb6c   0x00000050   Data   RO         1463    .constdata          stm32f4xx_spi.o
    0x0802fbbc   0x00000054   Data   RO         1484    .constdata          stm32f4xx_syscfg.o
    0x0802fc10   0x00000050   Data   RO         1505    .constdata          stm32f4xx_tim.o
    0x0802fc60   0x00000050   Data   RO         1526    .constdata          stm32f4xx_usart.o
    0x0802fcb0   0x00000025   Data   RO         1620    .constdata          clock.o
    0x0802fcd5   0x00000163   Data   RO         1637    .constdata          device.o
    0x0802fe38   0x00000016   Data   RO         1655    .constdata          idle.o
    0x0802fe4e   0x000003e8   Data   RO         1674    .constdata          ipc.o
    0x08030236   0x0000006b   Data   RO         1694    .constdata          irq.o
    0x080302a1   0x00000265   Data   RO         1712    .constdata          kservice.o
    0x08030506   0x00000002   PAD
    0x08030508   0x00000184   Data   RO         1730    .constdata          mem.o
    0x0803068c   0x00000087   Data   RO         1748    .constdata          mempool.o
    0x08030713   0x00000075   Data   RO         1768    .constdata          module.o
    0x08030788   0x00000078   Data   RO         1792    .constdata          object.o
    0x08030800   0x0000004e   Data   RO         1814    .constdata          scheduler.o
    0x0803084e   0x00000183   Data   RO         1834    .constdata          thread.o
    0x080309d1   0x000000c8   Data   RO         1854    .constdata          timer.o
    0x08030a99   0x00000013   Data   RO         1875    .constdata          cpuport.o
    0x08030aac   0x00000013   Data   RO         1932    .constdata          i2c_core.o
    0x08030abf   0x00000072   Data   RO         1948    .constdata          i2c_dev.o
    0x08030b31   0x00000086   Data   RO         1975    .constdata          serial.o
    0x08030bb7   0x000000a3   Data   RO         1988    .constdata          spi_core.o
    0x08030c5a   0x000000d9   Data   RO         2001    .constdata          spi_dev.o
    0x08030d33   0x000000aa   Data   RO         2030    .constdata          dataqueue.o
    0x08030ddd   0x00000091   Data   RO         2052    .constdata          pipe.o
    0x08030e6e   0x000000a2   Data   RO         2074    .constdata          portal.o
    0x08030f10   0x0000012e   Data   RO         2090    .constdata          ringbuffer.o
    0x0803103e   0x00000060   Data   RO         2113    .constdata          shell.o
    0x0803109e   0x00000002   PAD
    0x080310a0   0x00000380   Data   RO         2144    .constdata          cmd.o
    0x08031420   0x000000c4   Data   RO         2269    .constdata          finsh_ops.o
    0x080314e4   0x00000040   Data   RO         2352    .constdata          finsh_token.o
    0x08031524   0x00000090   Data   RO         3139    .constdata          mac_dispatcher.o
    0x080315b4   0x00000029   Data   RO         3228    .constdata          mac_pib.o
    0x080315dd   0x00000114   Data   RO         3360    .constdata          moduleid.o
    0x080316f1   0x00000003   PAD
    0x080316f4   0x00000098   Data   RO         3566    .constdata          nwk_dispatcher.o
    0x0803178c   0x0000002a   Data   RO         3611    .constdata          nwk_pib.o
    0x080317b6   0x00000002   PAD
    0x080317b8   0x00000050   Data   RO         3773    .constdata          pal_board.o
    0x08031808   0x00000010   Data   RO         3799    .constdata          pal_irq.o
    0x08031818   0x00000010   Data   RO         3871    .constdata          tal.o
    0x08031828   0x00000030   Data   RO         3935    .constdata          tal_init.o
    0x08031858   0x00000010   Data   RO         3976    .constdata          tal_pib.o
    0x08031868   0x00000020   Data   RO         4042    .constdata          tal_tx.o
    0x08031888   0x00000050   Data   RO         4142    .constdata          m_wm.l(acos.o)
    0x080318d8   0x00000050   Data   RO         4156    .constdata          m_wm.l(asin.o)
    0x08031928   0x00000088   Data   RO         4188    .constdata          m_wm.l(pow.o)
    0x080319b0   0x00000081   Data   RO         4227    .constdata          mc_w.l(ctype_o.o)
    0x08031a31   0x00000003   PAD
    0x08031a34   0x00000004   Data   RO         4228    .constdata          mc_w.l(ctype_o.o)
    0x08031a38   0x00000030   Data   RO         4563    .constdata          m_wm.l(cos_i.o)
    0x08031a68   0x00000008   Data   RO         4577    .constdata          m_wm.l(qnan.o)
    0x08031a70   0x000000c8   Data   RO         4580    .constdata          m_wm.l(rred.o)
    0x08031b38   0x00000028   Data   RO         4584    .constdata          m_wm.l(sin_i.o)
    0x08031b60   0x0000001a   Data   RO          445    .conststring        cv_vam_util.o
    0x08031b7a   0x000000e9   Data   RO         2145    .conststring        cmd.o
    0x08031c63   0x000000d8   Data   RO         2204    .conststring        finsh_error.o
    0x08031d3b   0x0000002c   Data   RO         2353    .conststring        finsh_token.o
    0x08031d67   0x00000001   PAD
    0x08031d68   0x00000004   Data   RO         2367    .rti_fn.0           components.o
    0x08031d6c   0x00000004   Data   RO         2368    .rti_fn.1.post      components.o
    0x08031d70   0x00000004   Data   RO         1770    .rti_fn.3           module.o
    0x08031d74   0x00000004   Data   RO         1933    .rti_fn.3           i2c_core.o
    0x08031d78   0x00000004   Data   RO         2115    .rti_fn.3           shell.o
    0x08031d7c   0x00000004   Data   RO         2369    .rti_fn.7           components.o
    0x08031d80   0x00000018   Data   RO          259    FSymTab             cv_vam_api.o
    0x08031d98   0x0000003c   Data   RO          383    FSymTab             cv_vam_rcp.o
    0x08031dd4   0x0000000c   Data   RO          407    FSymTab             cv_vam_vsm.o
    0x08031de0   0x0000000c   Data   RO          501    FSymTab             cv_sys_manager.o
    0x08031dec   0x00000018   Data   RO          531    FSymTab             cv_sys_param.o
    0x08031e04   0x0000000c   Data   RO          601    FSymTab             cv_drv_msnr.o
    0x08031e10   0x0000000c   Data   RO          699    FSymTab             board.o
    0x08031e1c   0x0000000c   Data   RO         1732    FSymTab             mem.o
    0x08031e28   0x000000a8   Data   RO         2147    FSymTab             cmd.o
    0x08031ed0   0x00000010   Data   RO         1622    RTMSymTab           clock.o
    0x08031ee0   0x00000050   Data   RO         1638    RTMSymTab           device.o
    0x08031f30   0x00000130   Data   RO         1675    RTMSymTab           ipc.o
    0x08032060   0x00000028   Data   RO         1696    RTMSymTab           irq.o
    0x08032088   0x000000c8   Data   RO         1714    RTMSymTab           kservice.o
    0x08032150   0x00000020   Data   RO         1733    RTMSymTab           mem.o
    0x08032170   0x00000030   Data   RO         1750    RTMSymTab           mempool.o
    0x080321a0   0x00000008   Data   RO         1794    RTMSymTab           object.o
    0x080321a8   0x00000068   Data   RO         1835    RTMSymTab           thread.o
    0x08032210   0x00000038   Data   RO         1856    RTMSymTab           timer.o
    0x08032248   0x00000028   Data   RO         2031    RTMSymTab           dataqueue.o
    0x08032270   0x00000020   Data   RO         2053    RTMSymTab           pipe.o
    0x08032290   0x00000020   Data   RO         2075    RTMSymTab           portal.o
    0x080322b0   0x00000038   Data   RO         2091    RTMSymTab           ringbuffer.o
    0x080322e8   0x00000020   Data   RO         4659    Region$$Table       anon$$obj.o
    0x08032308   0x00000010   Data   RO         2148    VSymTab             cmd.o


    Execution Region RW_IRAM1 (Base: 0x20000000, Size: 0x00004010, Max: 0x00020000, ABSOLUTE, COMPRESSED[0x000000fc])

    Base Addr    Size         Type   Attr      Idx    E Section Name        Object

    0x20000000   0x00000010   Data   RW            5    .data               cv_vsa.o
    0x20000010   0x00000004   Data   RW          222    .data               cv_vam_main.o
    0x20000014   0x00000008   Data   RW          337    .data               cv_vam_lip_nmea.o
    0x2000001c   0x0000000c   Data   RW          382    .data               cv_vam_rcp.o
    0x20000028   0x00000020   Data   RW          446    .data               cv_vam_util.o
    0x20000048   0x00000004   Data   RW          473    .data               cv_sys_main.o
    0x2000004c   0x00000004   Data   RW          530    .data               cv_sys_param.o
    0x20000050   0x00000005   Data   RW          568    .data               cv_drv_gps.o
    0x20000055   0x00000003   PAD
    0x20000058   0x00000004   Data   RW          600    .data               cv_drv_msnr.o
    0x2000005c   0x00000004   Data   RW          698    .data               board.o
    0x20000060   0x0000000c   Data   RW          770    .data               led.o
    0x2000006c   0x00000008   Data   RW          794    .data               platform.o
    0x20000074   0x00000008   Data   RW          818    .data               spi.o
    0x2000007c   0x00000010   Data   RW          842    .data               usart.o
    0x2000008c   0x00000004   Data   RW          872    .data               l3gd20.o
    0x20000090   0x00000010   Data   RW         1378    .data               stm32f4xx_rcc.o
    0x200000a0   0x00000014   Data   RW         1596    .data               system_stm32f4xx.o
    0x200000b4   0x00000004   Data   RW         1621    .data               clock.o
    0x200000b8   0x00000004   Data   RW         1656    .data               idle.o
    0x200000bc   0x00000001   Data   RW         1695    .data               irq.o
    0x200000bd   0x00000003   PAD
    0x200000c0   0x00000008   Data   RW         1713    .data               kservice.o
    0x200000c8   0x00000020   Data   RW         1731    .data               mem.o
    0x200000e8   0x00000008   Data   RW         1749    .data               mempool.o
    0x200000f0   0x00000014   Data   RW         1769    .data               module.o
    0x20000104   0x000000b4   Data   RW         1793    .data               object.o
    0x200001b8   0x0000001c   Data   RW         1815    .data               scheduler.o
    0x200001d4   0x00000010   Data   RW         1855    .data               timer.o
    0x200001e4   0x00000010   Data   RW         1876    .data               cpuport.o
    0x200001f4   0x00000004   Data   RW         2114    .data               shell.o
    0x200001f8   0x00000010   Data   RW         2130    .data               symbol.o
    0x20000208   0x00000004   Data   RW         2146    .data               cmd.o
    0x2000020c   0x00000008   Data   RW         2167    .data               finsh_compiler.o
    0x20000214   0x0000003d   Data   RW         2205    .data               finsh_error.o
    0x20000251   0x00000003   PAD
    0x20000254   0x00000008   Data   RW         2221    .data               finsh_heap.o
    0x2000025c   0x00000004   Data   RW         2303    .data               finsh_var.o
    0x20000260   0x0000000c   Data   RW         2326    .data               finsh_vm.o
    0x2000026c   0x00000004   PAD
    0x20000270   0x00000015   Data   RW         2815    .data               mac.o
    0x20000285   0x00000001   Data   RW         2868    .data               mac_api.o
    0x20000286   0x00000001   Data   RW         3229    .data               mac_pib.o
    0x20000287   0x00000001   PAD
    0x20000288   0x00000008   Data   RW         3251    .data               mac_process_tal_tx_frame_status.o
    0x20000290   0x00000004   Data   RW         3361    .data               moduleid.o
    0x20000294   0x00000004   PAD
    0x20000298   0x00000055   Data   RW         3392    .data               nwk.o
    0x200002ed   0x00000001   Data   RW         3653    .data               usr_nlde_data_conf.o
    0x200002ee   0x00000002   PAD
    0x200002f0   0x0000000c   Data   RW         3703    .data               pal.o
    0x200002fc   0x00000011   Data   RW         3726    .data               pal_timer.o
    0x2000030d   0x00000003   PAD
    0x20000310   0x00000004   Data   RW         3800    .data               pal_irq.o
    0x20000314   0x00000016   Data   RW         3872    .data               tal.o
    0x2000032a   0x00000001   Data   RW         4043    .data               tal_tx.o
    0x2000032b   0x00000001   PAD
    0x2000032c   0x00000004   Data   RW         4255    .data               mc_w.l(rand.o)
    0x20000330   0x00000004   Data   RW         4605    .data               mc_w.l(stdout.o)
    0x20000334   0x00000004   Data   RW         4619    .data               mc_w.l(errno.o)
    0x20000338   0x00000108   Zero   RW          336    .bss                cv_vam_lip_nmea.o
    0x20000440   0x0000008a   Zero   RW          380    .bss                cv_vam_rcp.o
    0x200004ca   0x00000002   PAD
    0x200004cc   0x000006d8   Zero   RW          471    .bss                cv_sys_main.o
    0x20000ba4   0x00000014   Zero   RW          528    .bss                cv_sys_param.o
    0x20000bb8   0x00000654   Zero   RW          566    .bss                cv_drv_gps.o
    0x2000120c   0x00000010   Zero   RW          655    .bss                cv_drv_voc.o
    0x2000121c   0x00000140   Zero   RW          793    .bss                platform.o
    0x2000135c   0x00000908   Zero   RW          840    .bss                usart.o
    0x20001c64   0x00000288   Zero   RW         1654    .bss                idle.o
    0x20001eec   0x00000080   Zero   RW         1711    .bss                kservice.o
    0x20001f6c   0x00000024   Zero   RW         1729    .bss                mem.o
    0x20001f90   0x00000100   Zero   RW         1813    .bss                scheduler.o
    0x20002090   0x00000028   Zero   RW         1931    .bss                i2c_core.o
    0x200020b8   0x00000288   Zero   RW         2112    .bss                shell.o
    0x20002340   0x00000080   Zero   RW         2220    .bss                finsh_heap.o
    0x200023c0   0x00000140   Zero   RW         2254    .bss                finsh_node.o
    0x20002500   0x000000c0   Zero   RW         2302    .bss                finsh_var.o
    0x200025c0   0x00000180   Zero   RW         2325    .bss                finsh_vm.o
    0x20002740   0x00000068   Zero   RW         2814    .bss                mac.o
    0x200027a8   0x00000030   Zero   RW         2867    .bss                mac_api.o
    0x200027d8   0x00000228   Zero   RW         3359    .bss                moduleid.o
    0x20002a00   0x00000a74   Zero   RW         3391    .bss                nwk.o
    0x20003474   0x00000060   Zero   RW         3481    .bss                nwk_broadcast.o
    0x200034d4   0x000000f0   Zero   RW         3725    .bss                pal_timer.o
    0x200035c4   0x00000618   Zero   RW         3846    .bss                bmm.o
    0x20003bdc   0x00000004   PAD
    0x20003be0   0x0000002c   Zero   RW         3870    .bss                tal.o
    0x20003c0c   0x00000004   PAD
    0x20003c10   0x00000400   Zero   RW         1586    STACK               startup_stm32f4xx.o


==============================================================================

Image component sizes


      Code (inc. data)   RO Data    RW Data    ZI Data      Debug   Object Name

       128         20          0          0       1560       2430   bmm.o
       428         36         24          4          0      29084   board.o
        86          0          0          0          0       3569   bsp_os.o
       100          6         53          4          0       2346   clock.o
      3552       1332       1313          4          0      11841   cmd.o
        64         12         12          0          0       1894   components.o
       272         24          0          0          0        816   context_rvds.o
       448        220         19         16          0       3863   cpuport.o
       732         84          9          5       1620       3033   cv_drv_gps.o
        88          0          0          0          0        940   cv_drv_led.o
       752         74         26          4          0       8980   cv_drv_msnr.o
       412         34          0          0         16       2388   cv_drv_voc.o
       312        114         20          4       1752       4217   cv_sys_main.o
      1600        462        161          0          0       5476   cv_sys_manager.o
       776        514         88          4         20       4494   cv_sys_param.o
         0          0      44213          0          0        846   cv_sys_sound_resource.o
       480         30         95          0          0      10337   cv_vam_api.o
       228         24          0          0          0       8496   cv_vam_lip.o
      2076         82          0          8        264       6265   cv_vam_lip_nmea.o
      1864        636         85          4          0      11160   cv_vam_main.o
      2064        100        273         12        138      10321   cv_vam_rcp.o
      1928         66        110         32          0       3554   cv_vam_util.o
       868        196         61          0          0       8723   cv_vam_vsm.o
      1464        294         49         16          0     322225   cv_vsa.o
      1220        144        210          0          0       7548   dataqueue.o
      1080        166        435          0          0       7103   device.o
      6168        154          0          8          0      10874   finsh_compiler.o
        44         10        216         61          0       1821   finsh_error.o
       528         18          0          8        128       3511   finsh_heap.o
        88          6          0          0          0       1760   finsh_init.o
       388          4          0          0        320       3512   finsh_node.o
      2780         36        196          0          0       9008   finsh_ops.o
      2428         32          0          0          0       9661   finsh_parser.o
      1596         16        108          0          0       5928   finsh_token.o
       408         16          0          4        192       7321   finsh_var.o
       228         34          0         12        384       7002   finsh_vm.o
       424         90         23          0         40       3284   i2c_core.o
       580        106        114          0          0       2960   i2c_dev.o
       412        104         22          4        648       3071   idle.o
      6944        470       1304          0          0      27149   ipc.o
        72          6        147          1          0       2415   irq.o
       122          0          0          0          0       1352   isr.o
      2480        170        813          8        128      14649   kservice.o
       948         18          0          4          0       3878   l3gd20.o
       136         12         20         12          0       1966   led.o
       172         30          0         21        104       6853   mac.o
       404         34          0          1         48      41543   mac_api.o
       140          0          0          0          0       8750   mac_callback_wrapper.o
       260          4          0          0          0       4448   mac_data_extract_mhr.o
       780         26          0          0          0       6167   mac_data_ind.o
        44          6        144          0          0       2013   mac_dispatcher.o
      1664         88          0          0          0       7419   mac_mcps_data.o
       404         58          0          0          0       3538   mac_misc.o
       464         46         41          1          0       3616   mac_pib.o
       576         62          0          8          0       3031   mac_process_tal_tx_frame_status.o
      2480        586        432         32         36       6609   mem.o
      1088        116        183          8          0       6272   mempool.o
       448         28         72          0          0       2305   misc.o
      4520        482        121         20          0      14145   module.o
        72         20        276          4        552       5572   moduleid.o
       144         16          0         85       2676      27486   nwk.o
      1296         34          0          0          0      10730   nwk_api.o
      1344         48          0          0         96       8452   nwk_broadcast.o
        96          0          0          0          0       2388   nwk_callback_wrapper.o
      3480        120          0          0          0      12106   nwk_datareq.o
        44          6        152          0          0       2205   nwk_dispatcher.o
       928        168          0          0          0       4669   nwk_misc.o
       300         14         42          0          0       3174   nwk_pib.o
       168          6          0          0          0       2961   nwkframe.o
       904        184        128        180          0       6263   object.o
       816         28          0         12          0       6829   pal.o
       832         34         80          0          0      32074   pal_board.o
        96         18         16          4          0      27554   pal_irq.o
      1532         68          0         17        240       7014   pal_timer.o
       680          8          0          0          0       3359   pal_trx_access.o
      1328        204        177          0          0       8089   pipe.o
       336         62          0          8        320       1603   platform.o
       884        176        194          0          0       5485   portal.o
       280          0          0          0          0       3470   qmm.o
      1344         90        358          0          0       7726   ringbuffer.o
       820        180         78         28        256       4973   scheduler.o
      1544        216        134          0          0       5921   serial.o
      2548        308        100          4        648       5459   shell.o
       672         34          0          8          0       2777   spi.o
      1900        144        163          0          0       6166   spi_core.o
       920        204        217          0          0       4479   spi_dev.o
       188         88          0          0          0       1407   startup.o
        36          8        392          0       1024        820   startup_stm32f4xx.o
      1476         18         80          0          0       5793   stm32f4xx_dac.o
      4952        310         80          0          0       8929   stm32f4xx_dma.o
       724         14         80          0          0       2995   stm32f4xx_exti.o
      2248         86         80          0          0       5485   stm32f4xx_gpio.o
       172          8         80          0          0       1589   stm32f4xx_iwdg.o
       528         26         80          0          0       2884   stm32f4xx_pwr.o
      3324        218         80         16          0      13219   stm32f4xx_rcc.o
      2888         72         80          0          0       8405   stm32f4xx_spi.o
       332         16         84          0          0       1883   stm32f4xx_syscfg.o
     12780        628         80          0          0      29520   stm32f4xx_tim.o
      3616        118         80          0          0       9852   stm32f4xx_usart.o
         0          0          0         16          0       4153   symbol.o
       472         44          0         20          0       1847   system_stm32f4xx.o
      3476        112         16         22         44      35488   tal.o
      1100         58         48          0          0       4220   tal_init.o
       144         12          0          0          0        890   tal_irq_handler.o
      1388         58         16          0          0       4372   tal_pib.o
       176         16          0          0          0       2347   tal_rx.o
        72         14          0          0          0        700   tal_rx_enable.o
       448         58         32          1          0       2942   tal_tx.o
      1716        246        491          0          0      10145   thread.o
      1376        150        256         16          0       8708   timer.o
      1044        136         72         16       2312      31110   usart.o
        12          0          0          0          0        629   usr_mcps_data_conf.o
       808         38          0          0          0       2428   usr_mcps_data_ind.o
       104         38          0          0          0       1406   usr_mlme_reset_conf.o
       272         20          0          1          0       2057   usr_nlde_data_conf.o
       784         44          0          0          0       2723   usr_nlde_data_ind.o
         0          0          0          0          0      86319   version.o
       120         12          0          0          0       3158   zigbee_main.o

    ----------------------------------------------------------------------
    135328      12594      55580        812      15576    1237187   Object Totals
         0          0         32          0          0          0   (incl. Generated)
         4          0         14         24         10          0   (incl. Padding)

    ----------------------------------------------------------------------

      Code (inc. data)   RO Data    RW Data    ZI Data      Debug   Library Member Name

       848        110         80          0          0        188   acos.o
       880        106         80          0          0        200   asin.o
        56         12          0          0          0        132   atof.o
       216         16          0          0          0        152   cos.o
       368         46         48          0          0        200   cos_i.o
        32          8          0          0          0        124   dunder.o
        32          0          0          0          0        124   fabs.o
        48          0          0          0          0        124   fpclassify.o
       248          0          0          0          0        152   poly.o
      3216        310        136          0          0        216   pow.o
         0          0          8          0          0          0   qnan.o
      1112        140        200          0          0        188   rred.o
       216         16          0          0          0        152   sin.o
       304         24         40          0          0        208   sin_i.o
       232          0          0          0          0        296   sqrt.o
        92          0          0          0          0          0   __dczerorl2.o
        28          0          0          0          0         68   _chval.o
        64          0          0          0          0         84   _sgetc.o
       158          0          0          0          0         92   _strtoul.o
        26          0          0          0          0         80   atoi.o
         8          4        133          0          0         68   ctype_o.o
         0          0          0          0          0          0   entry.o
         0          0          0          0          0          0   entry10a.o
         0          0          0          0          0          0   entry11a.o
         8          4          0          0          0          0   entry2.o
         4          0          0          0          0          0   entry5.o
         0          0          0          0          0          0   entry7b.o
         0          0          0          0          0          0   entry8b.o
         8          4          0          0          0          0   entry9a.o
        32         16          0          4          0        204   errno.o
        18          0          0          0          0         80   fputc.o
        30          0          0          0          0          0   handlers.o
        36          8          0          0          0         68   init.o
        18          0          0          0          0         76   isspace_o.o
         0          0          0          0          0          0   iusefp.o
         0          0          0          0          0          0   iusesemip.o
        30          0          0          0          0         68   llshl.o
        36          0          0          0          0         68   llsshr.o
        32          0          0          0          0         68   llushr.o
        26          0          0          0          0         80   memcmp.o
        36          0          0          0          0         68   memcpya.o
        36          0          0          0          0        108   memseta.o
      2292         96          0          0          0        596   printfa.o
        36         10          0          4          0        136   rand.o
       842         12          0          0          0        216   scanf_fp.o
         0          0          0          0          0          0   semi.o
         0          0          0          4          0          0   stdout.o
        20          0          0          0          0         68   strchr.o
        28          0          0          0          0         76   strcmp.o
        14          0          0          0          0         68   strlen.o
        30          0          0          0          0         80   strncmp.o
        24          0          0          0          0         76   strncpy.o
       156         14          0          0          0        120   strtod.o
       112          0          0          0          0         88   strtol.o
        44          0          0          0          0         80   uidiv.o
        98          0          0          0          0         92   uldiv.o
        40          2          0          0          0         68   cdcmple.o
        40          2          0          0          0         68   cdrcmple.o
        56          0          0          0          0         88   d2f.o
       334          0          0          0          0        148   dadd.o
       222          0          0          0          0        100   ddiv.o
       190          0          0          0          0        176   depilogue.o
        62          0          0          0          0         80   dfixi.o
        50          0          0          0          0         76   dfixui.o
        48          0          0          0          0         68   dfixul.o
        34          0          0          0          0         76   dflti.o
        26          0          0          0          0         76   dfltui.o
        24          0          0          0          0         76   dfltul.o
       228          0          0          0          0         96   dmul.o
        46          0          0          0          0         80   dscalb.o
       162          0          0          0          0        100   dsqrt.o
        38          0          0          0          0         68   f2d.o
       108          0          0          0          0        168   fepilogue.o

    ----------------------------------------------------------------------
     13956        960        728         12          0       7044   Library Totals
        18          0          3          0          0          0   (incl. Padding)

    ----------------------------------------------------------------------

      Code (inc. data)   RO Data    RW Data    ZI Data      Debug   Library Name

      7808        788        592          0          0       2456   m_wm.l
      4422        168        133         12          0       2976   mc_w.l
      1708          4          0          0          0       1612   mf_w.l

    ----------------------------------------------------------------------
     13956        960        728         12          0       7044   Library Totals

    ----------------------------------------------------------------------

==============================================================================


      Code (inc. data)   RO Data    RW Data    ZI Data      Debug   

    149284      13554      56308        824      15576    1221531   Grand Totals
    149284      13554      56308        252      15576    1221531   ELF Image Totals (compressed)
    149284      13554      56308        252          0          0   ROM Totals

==============================================================================

    Total RO  Size (Code + RO Data)               205592 ( 200.77kB)
    Total RW  Size (RW Data + ZI Data)             16400 (  16.02kB)
    Total ROM Size (Code + RO Data + RW Data)     205844 ( 201.02kB)

==============================================================================

